Component: ARM Compiler 5.06 update 6 (build 750) Tool: armlink [4d35ed]

==============================================================================

Section Cross References

    startup_stm32l053xx.o(RESET) refers to startup_stm32l053xx.o(STACK) for __initial_sp
    startup_stm32l053xx.o(RESET) refers to startup_stm32l053xx.o(.text) for Reset_Handler
    startup_stm32l053xx.o(RESET) refers to stm32l0xx_it.o(i.NMI_Handler) for NMI_Handler
    startup_stm32l053xx.o(RESET) refers to stm32l0xx_it.o(i.HardFault_Handler) for HardFault_Handler
    startup_stm32l053xx.o(RESET) refers to stm32l0xx_it.o(i.SVC_Handler) for SVC_Handler
    startup_stm32l053xx.o(RESET) refers to stm32l0xx_it.o(i.PendSV_Handler) for PendSV_Handler
    startup_stm32l053xx.o(RESET) refers to stm32l0xx_it.o(i.SysTick_Handler) for SysTick_Handler
    startup_stm32l053xx.o(.text) refers to system_stm32l0xx.o(i.SystemInit) for SystemInit
    startup_stm32l053xx.o(.text) refers to entry.o(.ARM.Collect$$$$00000000) for __main
    vl53l0x_api.o(i.VL53L0X_CheckAndLoadInterruptSettings) refers to vl53l0x_api.o(i.VL53L0X_GetInterruptThresholds) for VL53L0X_GetInterruptThresholds
    vl53l0x_api.o(i.VL53L0X_CheckAndLoadInterruptSettings) refers to vl53l0x_api_core.o(i.VL53L0X_load_tuning_settings) for VL53L0X_load_tuning_settings
    vl53l0x_api.o(i.VL53L0X_CheckAndLoadInterruptSettings) refers to vl53l0x_platform.o(i.VL53L0X_WrByte) for VL53L0X_WrByte
    vl53l0x_api.o(i.VL53L0X_CheckAndLoadInterruptSettings) refers to vl53l0x_api.o(.data) for .data
    vl53l0x_api.o(i.VL53L0X_ClearInterruptMask) refers to vl53l0x_platform.o(i.VL53L0X_WrByte) for VL53L0X_WrByte
    vl53l0x_api.o(i.VL53L0X_ClearInterruptMask) refers to vl53l0x_platform.o(i.VL53L0X_RdByte) for VL53L0X_RdByte
    vl53l0x_api.o(i.VL53L0X_DataInit) refers to vl53l0x_platform.o(i.VL53L0X_WrByte) for VL53L0X_WrByte
    vl53l0x_api.o(i.VL53L0X_DataInit) refers to vl53l0x_api.o(i.VL53L0X_GetDeviceParameters) for VL53L0X_GetDeviceParameters
    vl53l0x_api.o(i.VL53L0X_DataInit) refers to memcpya.o(.text) for __aeabi_memcpy4
    vl53l0x_api.o(i.VL53L0X_DataInit) refers to vl53l0x_platform.o(i.VL53L0X_RdByte) for VL53L0X_RdByte
    vl53l0x_api.o(i.VL53L0X_DataInit) refers to vl53l0x_api.o(i.VL53L0X_SetLimitCheckEnable) for VL53L0X_SetLimitCheckEnable
    vl53l0x_api.o(i.VL53L0X_DataInit) refers to vl53l0x_api.o(i.VL53L0X_SetLimitCheckValue) for VL53L0X_SetLimitCheckValue
    vl53l0x_api.o(i.VL53L0X_GetDeviceErrorStatus) refers to vl53l0x_platform.o(i.VL53L0X_RdByte) for VL53L0X_RdByte
    vl53l0x_api.o(i.VL53L0X_GetDeviceErrorString) refers to vl53l0x_api_strings.o(i.VL53L0X_get_device_error_string) for VL53L0X_get_device_error_string
    vl53l0x_api.o(i.VL53L0X_GetDeviceInfo) refers to vl53l0x_api_strings.o(i.VL53L0X_get_device_info) for VL53L0X_get_device_info
    vl53l0x_api.o(i.VL53L0X_GetDeviceParameters) refers to vl53l0x_api.o(i.VL53L0X_GetInterMeasurementPeriodMilliSeconds) for VL53L0X_GetInterMeasurementPeriodMilliSeconds
    vl53l0x_api.o(i.VL53L0X_GetDeviceParameters) refers to vl53l0x_api.o(i.VL53L0X_GetXTalkCompensationRateMegaCps) for VL53L0X_GetXTalkCompensationRateMegaCps
    vl53l0x_api.o(i.VL53L0X_GetDeviceParameters) refers to vl53l0x_api.o(i.VL53L0X_GetOffsetCalibrationDataMicroMeter) for VL53L0X_GetOffsetCalibrationDataMicroMeter
    vl53l0x_api.o(i.VL53L0X_GetDeviceParameters) refers to vl53l0x_api.o(i.VL53L0X_GetLimitCheckValue) for VL53L0X_GetLimitCheckValue
    vl53l0x_api.o(i.VL53L0X_GetDeviceParameters) refers to vl53l0x_api.o(i.VL53L0X_GetLimitCheckEnable) for VL53L0X_GetLimitCheckEnable
    vl53l0x_api.o(i.VL53L0X_GetDeviceParameters) refers to vl53l0x_api.o(i.VL53L0X_GetWrapAroundCheckEnable) for VL53L0X_GetWrapAroundCheckEnable
    vl53l0x_api.o(i.VL53L0X_GetDeviceParameters) refers to vl53l0x_api.o(i.VL53L0X_GetMeasurementTimingBudgetMicroSeconds) for VL53L0X_GetMeasurementTimingBudgetMicroSeconds
    vl53l0x_api.o(i.VL53L0X_GetFractionEnable) refers to vl53l0x_platform.o(i.VL53L0X_RdByte) for VL53L0X_RdByte
    vl53l0x_api.o(i.VL53L0X_GetGpioConfig) refers to vl53l0x_platform.o(i.VL53L0X_RdByte) for VL53L0X_RdByte
    vl53l0x_api.o(i.VL53L0X_GetGpioConfig) refers to vl53l0x_api.o(i.__ARM_common_switch8) for __ARM_common_switch8
    vl53l0x_api.o(i.VL53L0X_GetInterMeasurementPeriodMilliSeconds) refers to vl53l0x_platform.o(i.VL53L0X_RdWord) for VL53L0X_RdWord
    vl53l0x_api.o(i.VL53L0X_GetInterMeasurementPeriodMilliSeconds) refers to vl53l0x_platform.o(i.VL53L0X_RdDWord) for VL53L0X_RdDWord
    vl53l0x_api.o(i.VL53L0X_GetInterMeasurementPeriodMilliSeconds) refers to uidiv.o(.text) for __aeabi_uidivmod
    vl53l0x_api.o(i.VL53L0X_GetInterruptMaskStatus) refers to vl53l0x_platform.o(i.VL53L0X_RdByte) for VL53L0X_RdByte
    vl53l0x_api.o(i.VL53L0X_GetInterruptThresholds) refers to vl53l0x_platform.o(i.VL53L0X_RdWord) for VL53L0X_RdWord
    vl53l0x_api.o(i.VL53L0X_GetLimitCheckCurrent) refers to vl53l0x_api.o(i.__ARM_common_switch8) for __ARM_common_switch8
[...]
    ../clib/microlib/longlong.c              0x00000000   Number         0  llushr.o ABSOLUTE
    ../clib/microlib/printf/printf.c         0x00000000   Number         0  printf6.o ABSOLUTE
    ../clib/microlib/printf/printf.c         0x00000000   Number         0  printfb.o ABSOLUTE
    ../clib/microlib/printf/printf.c         0x00000000   Number         0  printf0.o ABSOLUTE
    ../clib/microlib/printf/printf.c         0x00000000   Number         0  printf1.o ABSOLUTE
    ../clib/microlib/printf/printf.c         0x00000000   Number         0  printfa.o ABSOLUTE
    ../clib/microlib/printf/printf.c         0x00000000   Number         0  printf2.o ABSOLUTE
    ../clib/microlib/printf/printf.c         0x00000000   Number         0  printf8.o ABSOLUTE
    ../clib/microlib/printf/printf.c         0x00000000   Number         0  printf4.o ABSOLUTE
    ../clib/microlib/printf/printf.c         0x00000000   Number         0  printf7.o ABSOLUTE
    ../clib/microlib/printf/printf.c         0x00000000   Number         0  printf5.o ABSOLUTE
    ../clib/microlib/printf/printf.c         0x00000000   Number         0  printf3.o ABSOLUTE
    ../clib/microlib/printf/stubs.s          0x00000000   Number         0  stubs.o ABSOLUTE
    ../clib/microlib/stdio/fputc.c           0x00000000   Number         0  fputc.o ABSOLUTE
    ../clib/microlib/stdio/semi.s            0x00000000   Number         0  semi.o ABSOLUTE
    ../clib/microlib/stdio/streams.c         0x00000000   Number         0  stdout.o ABSOLUTE
    ../clib/microlib/string/memcpy.c         0x00000000   Number         0  memcpya.o ABSOLUTE
    ../clib/microlib/string/memcpy.c         0x00000000   Number         0  memcpyb.o ABSOLUTE
    ../clib/microlib/string/memset.c         0x00000000   Number         0  memseta.o ABSOLUTE
    ../clib/microlib/string/strcpy.c         0x00000000   Number         0  strcpy.o ABSOLUTE
    ../clib/microlib/string/strlen.c         0x00000000   Number         0  strlen.o ABSOLUTE
    ../clib/microlib/stubs.s                 0x00000000   Number         0  iusesemip.o ABSOLUTE
    ../clib/microlib/stubs.s                 0x00000000   Number         0  iusefp.o ABSOLUTE
    ../fplib/microlib/d2f.c                  0x00000000   Number         0  d2f.o ABSOLUTE
    ../fplib/microlib/f2d.c                  0x00000000   Number         0  f2d.o ABSOLUTE
    ../fplib/microlib/fpadd.c                0x00000000   Number         0  dadd.o ABSOLUTE
    ../fplib/microlib/fpdiv.c                0x00000000   Number         0  ddiv.o ABSOLUTE
    ../fplib/microlib/fpepilogue.c           0x00000000   Number         0  depilogue.o ABSOLUTE
    ../fplib/microlib/fpepilogue.c           0x00000000   Number         0  fepilogue.o ABSOLUTE
    ../fplib/microlib/fpfix.c                0x00000000   Number         0  dfixul.o ABSOLUTE
    ../fplib/microlib/fpflt.c                0x00000000   Number         0  dfltui.o ABSOLUTE
    ../fplib/microlib/fpmul.c                0x00000000   Number         0  dmul.o ABSOLUTE
    ../fplib/microlib/fpscalb.c              0x00000000   Number         0  dscalb.o ABSOLUTE
    ..\Drivers\STM32L0xx_HAL_Driver\Src\stm32l0xx_hal.c 0x00000000   Number         0  stm32l0xx_hal.o ABSOLUTE
    ..\Drivers\STM32L0xx_HAL_Driver\Src\stm32l0xx_hal_cortex.c 0x00000000   Number         0  stm32l0xx_hal_cortex.o ABSOLUTE
    ..\Drivers\STM32L0xx_HAL_Driver\Src\stm32l0xx_hal_dma.c 0x00000000   Number         0  stm32l0xx_hal_dma.o ABSOLUTE
    ..\Drivers\STM32L0xx_HAL_Driver\Src\stm32l0xx_hal_flash.c 0x00000000   Number         0  stm32l0xx_hal_flash.o ABSOLUTE
    ..\Drivers\STM32L0xx_HAL_Driver\Src\stm32l0xx_hal_flash_ex.c 0x00000000   Number         0  stm32l0xx_hal_flash_ex.o ABSOLUTE
    ..\Drivers\STM32L0xx_HAL_Driver\Src\stm32l0xx_hal_flash_ramfunc.c 0x00000000   Number         0  stm32l0xx_hal_flash_ramfunc.o ABSOLUTE
    ..\Drivers\STM32L0xx_HAL_Driver\Src\stm32l0xx_hal_gpio.c 0x00000000   Number         0  stm32l0xx_hal_gpio.o ABSOLUTE
    ..\Drivers\STM32L0xx_HAL_Driver\Src\stm32l0xx_hal_i2c.c 0x00000000   Number         0  stm32l0xx_hal_i2c.o ABSOLUTE
    ..\Drivers\STM32L0xx_HAL_Driver\Src\stm32l0xx_hal_i2c_ex.c 0x00000000   Number         0  stm32l0xx_hal_i2c_ex.o ABSOLUTE
    ..\Drivers\STM32L0xx_HAL_Driver\Src\stm32l0xx_hal_pwr.c 0x00000000   Number         0  stm32l0xx_hal_pwr.o ABSOLUTE
    ..\Drivers\STM32L0xx_HAL_Driver\Src\stm32l0xx_hal_pwr_ex.c 0x00000000   Number         0  stm32l0xx_hal_pwr_ex.o ABSOLUTE
    ..\Drivers\STM32L0xx_HAL_Driver\Src\stm32l0xx_hal_rcc.c 0x00000000   Number         0  stm32l0xx_hal_rcc.o ABSOLUTE
    ..\Drivers\STM32L0xx_HAL_Driver\Src\stm32l0xx_hal_rcc_ex.c 0x00000000   Number         0  stm32l0xx_hal_rcc_ex.o ABSOLUTE
    ..\Drivers\STM32L0xx_HAL_Driver\Src\stm32l0xx_hal_tim.c 0x00000000   Number         0  stm32l0xx_hal_tim.o ABSOLUTE
    ..\Drivers\STM32L0xx_HAL_Driver\Src\stm32l0xx_hal_tim_ex.c 0x00000000   Number         0  stm32l0xx_hal_tim_ex.o ABSOLUTE
    ..\Drivers\STM32L0xx_HAL_Driver\Src\stm32l0xx_hal_uart.c 0x00000000   Number         0  stm32l0xx_hal_uart.o ABSOLUTE
    ..\Drivers\STM32L0xx_HAL_Driver\Src\stm32l0xx_hal_uart_ex.c 0x00000000   Number         0  stm32l0xx_hal_uart_ex.o ABSOLUTE
    ..\Drivers\img007\VL53L0x_Driver.c       0x00000000   Number         0  vl53l0x_driver.o ABSOLUTE
    ..\Drivers\img007\vl53l0x_api.c          0x00000000   Number         0  vl53l0x_api.o ABSOLUTE
    ..\Drivers\img007\vl53l0x_api_calibration.c 0x00000000   Number         0  vl53l0x_api_calibration.o ABSOLUTE
    ..\Drivers\img007\vl53l0x_api_core.c     0x00000000   Number         0  vl53l0x_api_core.o ABSOLUTE
    ..\Drivers\img007\vl53l0x_api_ranging.c  0x00000000   Number         0  vl53l0x_api_ranging.o ABSOLUTE
    ..\Drivers\img007\vl53l0x_api_strings.c  0x00000000   Number         0  vl53l0x_api_strings.o ABSOLUTE
    ..\Drivers\img007\vl53l0x_platform.c     0x00000000   Number         0  vl53l0x_platform.o ABSOLUTE
    ..\Src\main.c                            0x00000000   Number         0  main.o ABSOLUTE
    ..\Src\stm32l0xx_hal_msp.c               0x00000000   Number         0  stm32l0xx_hal_msp.o ABSOLUTE
    ..\Src\stm32l0xx_it.c                    0x00000000   Number         0  stm32l0xx_it.o ABSOLUTE
    ..\Src\system_stm32l0xx.c                0x00000000   Number         0  system_stm32l0xx.o ABSOLUTE
    ..\\Drivers\\img007\\VL53L0x_Driver.c    0x00000000   Number         0  vl53l0x_driver.o ABSOLUTE
    ..\\Drivers\\img007\\vl53l0x_api.c       0x00000000   Number         0  vl53l0x_api.o ABSOLUTE
    ..\\Drivers\\img007\\vl53l0x_api_calibration.c 0x00000000   Number         0  vl53l0x_api_calibration.o ABSOLUTE
    ..\\Drivers\\img007\\vl53l0x_api_core.c  0x00000000   Number         0  vl53l0x_api_core.o ABSOLUTE
    ..\\Drivers\\img007\\vl53l0x_api_ranging.c 0x00000000   Number         0  vl53l0x_api_ranging.o ABSOLUTE
    ..\\Drivers\\img007\\vl53l0x_api_strings.c 0x00000000   Number         0  vl53l0x_api_strings.o ABSOLUTE
    ..\\Drivers\\img007\\vl53l0x_platform.c  0x00000000   Number         0  vl53l0x_platform.o ABSOLUTE
    cdrcmple.s                               0x00000000   Number         0  cdrcmple.o ABSOLUTE
    dc.s                                     0x00000000   Number         0  dc.o ABSOLUTE
    handlers.s                               0x00000000   Number         0  handlers.o ABSOLUTE
    init.s                                   0x00000000   Number         0  init.o ABSOLUTE
    startup_stm32l053xx.s                    0x00000000   Number         0  startup_stm32l053xx.o ABSOLUTE
    RESET                                    0x08000000   Section      192  startup_stm32l053xx.o(RESET)
    .ARM.Collect$$$$00000000                 0x080000c0   Section        0  entry.o(.ARM.Collect$$$$00000000)
    .ARM.Collect$$$$00000001                 0x080000c0   Section        4  entry2.o(.ARM.Collect$$$$00000001)
    .ARM.Collect$$$$00000004                 0x080000c4   Section        4  entry5.o(.ARM.Collect$$$$00000004)
    .ARM.Collect$$$$00000008                 0x080000c8   Section        0  entry7b.o(.ARM.Collect$$$$00000008)
    .ARM.Collect$$$$0000000A                 0x080000c8   Section        0  entry8b.o(.ARM.Collect$$$$0000000A)
    .ARM.Collect$$$$0000000B                 0x080000c8   Section        8  entry9a.o(.ARM.Collect$$$$0000000B)
    .ARM.Collect$$$$0000000D                 0x080000d0   Section        0  entry10a.o(.ARM.Collect$$$$0000000D)
    .ARM.Collect$$$$0000000F                 0x080000d0   Section        0  entry11a.o(.ARM.Collect$$$$0000000F)
    .ARM.Collect$$$$00002712                 0x080000d0   Section        4  entry2.o(.ARM.Collect$$$$00002712)
    __lit__00000000                          0x080000d0   Data           4  entry2.o(.ARM.Collect$$$$00002712)
    .text                                    0x080000d4   Section       28  startup_stm32l053xx.o(.text)
    .text                                    0x080000f0   Section        0  uidiv.o(.text)
    .text                                    0x0800011c   Section        0  idiv.o(.text)
    .text                                    0x08000144   Section        0  uldiv.o(.text)
    .text                                    0x080001a4   Section        0  llmul.o(.text)
    .text                                    0x0800021e   Section        0  memcpya.o(.text)
    .text                                    0x08000242   Section        0  memseta.o(.text)
    .text                                    0x08000266   Section        0  strlen.o(.text)
    .text                                    0x08000274   Section        0  strcpy.o(.text)
    .text                                    0x08000288   Section        0  ddiv.o(.text)
    .text                                    0x08000378   Section        0  dscalb.o(.text)
    .text                                    0x080003a4   Section        0  dfltui.o(.text)
    .text                                    0x080003c0   Section        0  f2d.o(.text)
    .text                                    0x080003e8   Section        0  d2f.o(.text)
    .text                                    0x08000420   Section        0  llshl.o(.text)
    .text                                    0x08000440   Section        0  llushr.o(.text)
    .text                                    0x08000462   Section        0  iusefp.o(.text)
    .text                                    0x08000462   Section        0  fepilogue.o(.text)
    .text                                    0x080004e4   Section        0  depilogue.o(.text)
    .text                                    0x080005a4   Section        0  dadd.o(.text)
    .text                                    0x08000708   Section        0  dmul.o(.text)
    .text                                    0x080007d8   Section        0  dfixul.o(.text)
    .text                                    0x08000818   Section       40  cdrcmple.o(.text)
    .text                                    0x08000840   Section       36  init.o(.text)
    .text                                    0x08000864   Section        0  llsshr.o(.text)
    .text                                    0x0800088a   Section        0  __dclz77c.o(.text)
    i.HAL_Delay                              0x080008ea   Section        0  stm32l0xx_hal.o(i.HAL_Delay)
    i.HAL_GPIO_Init                          0x08000908   Section        0  stm32l0xx_hal_gpio.o(i.HAL_GPIO_Init)
    i.HAL_GPIO_WritePin                      0x08000a80   Section        0  stm32l0xx_hal_gpio.o(i.HAL_GPIO_WritePin)
    i.HAL_GetTick                            0x08000a8c   Section        0  stm32l0xx_hal.o(i.HAL_GetTick)
    i.HAL_I2CEx_ConfigAnalogFilter           0x08000a98   Section        0  stm32l0xx_hal_i2c_ex.o(i.HAL_I2CEx_ConfigAnalogFilter)
    i.HAL_I2CEx_ConfigDigitalFilter          0x08000ae2   Section        0  stm32l0xx_hal_i2c_ex.o(i.HAL_I2CEx_ConfigDigitalFilter)
    i.HAL_I2C_Init                           0x08000b2c   Section        0  stm32l0xx_hal_i2c.o(i.HAL_I2C_Init)
    i.HAL_I2C_Master_Receive                 0x08000be0   Section        0  stm32l0xx_hal_i2c.o(i.HAL_I2C_Master_Receive)
    i.HAL_I2C_Master_Transmit                0x08000cf0   Section        0  stm32l0xx_hal_i2c.o(i.HAL_I2C_Master_Transmit)
    i.HAL_I2C_MspInit                        0x08000e00   Section        0  stm32l0xx_hal_msp.o(i.HAL_I2C_MspInit)
    i.HAL_IncTick                            0x08000e5c   Section        0  stm32l0xx_hal.o(i.HAL_IncTick)
    i.HAL_Init                               0x08000e6c   Section        0  stm32l0xx_hal.o(i.HAL_Init)
    i.HAL_InitTick                           0x08000e94   Section        0  stm32l0xx_hal.o(i.HAL_InitTick)
    i.HAL_MspInit                            0x08000ec4   Section        0  stm32l0xx_hal_msp.o(i.HAL_MspInit)
    i.HAL_NVIC_SetPriority                   0x08000edc   Section        0  stm32l0xx_hal_cortex.o(i.HAL_NVIC_SetPriority)
    i.HAL_RCCEx_PeriphCLKConfig              0x08000ee4   Section        0  stm32l0xx_hal_rcc_ex.o(i.HAL_RCCEx_PeriphCLKConfig)
    i.HAL_RCC_ClockConfig                    0x0800107c   Section        0  stm32l0xx_hal_rcc.o(i.HAL_RCC_ClockConfig)
    i.HAL_RCC_GetPCLK1Freq                   0x080011e8   Section        0  stm32l0xx_hal_rcc.o(i.HAL_RCC_GetPCLK1Freq)
    i.HAL_RCC_GetPCLK2Freq                   0x08001208   Section        0  stm32l0xx_hal_rcc.o(i.HAL_RCC_GetPCLK2Freq)
    i.HAL_RCC_GetSysClockFreq                0x08001228   Section        0  stm32l0xx_hal_rcc.o(i.HAL_RCC_GetSysClockFreq)
    i.HAL_RCC_OscConfig                      0x080012a0   Section        0  stm32l0xx_hal_rcc.o(i.HAL_RCC_OscConfig)
    i.HAL_SYSTICK_Config                     0x08001728   Section        0  stm32l0xx_hal_cortex.o(i.HAL_SYSTICK_Config)
    i.HAL_UART_Init                          0x08001758   Section        0  stm32l0xx_hal_uart.o(i.HAL_UART_Init)
    i.HAL_UART_MspInit                       0x080017c4   Section        0  stm32l0xx_hal_msp.o(i.HAL_UART_MspInit)
    i.HAL_UART_Transmit                      0x08001820   Section        0  stm32l0xx_hal_uart.o(i.HAL_UART_Transmit)
    i.HardFault_Handler                      0x080018ee   Section        0  stm32l0xx_it.o(i.HardFault_Handler)
    i.I2C_Flush_TXDR                         0x080018f0   Section        0  stm32l0xx_hal_i2c.o(i.I2C_Flush_TXDR)
    I2C_Flush_TXDR                           0x080018f1   Thumb Code    34  stm32l0xx_hal_i2c.o(i.I2C_Flush_TXDR)
    i.I2C_IsAcknowledgeFailed                0x08001914   Section        0  stm32l0xx_hal_i2c.o(i.I2C_IsAcknowledgeFailed)
    I2C_IsAcknowledgeFailed                  0x08001915   Thumb Code   108  stm32l0xx_hal_i2c.o(i.I2C_IsAcknowledgeFailed)
    i.I2C_TransferConfig                     0x08001984   Section        0  stm32l0xx_hal_i2c.o(i.I2C_TransferConfig)
    I2C_TransferConfig                       0x08001985   Thumb Code    34  stm32l0xx_hal_i2c.o(i.I2C_TransferConfig)
    i.I2C_WaitOnFlagUntilTimeout             0x080019ac   Section        0  stm32l0xx_hal_i2c.o(i.I2C_WaitOnFlagUntilTimeout)
    I2C_WaitOnFlagUntilTimeout               0x080019ad   Thumb Code    78  stm32l0xx_hal_i2c.o(i.I2C_WaitOnFlagUntilTimeout)
    i.I2C_WaitOnRXNEFlagUntilTimeout         0x080019fc   Section        0  stm32l0xx_hal_i2c.o(i.I2C_WaitOnRXNEFlagUntilTimeout)
    I2C_WaitOnRXNEFlagUntilTimeout           0x080019fd   Thumb Code   122  stm32l0xx_hal_i2c.o(i.I2C_WaitOnRXNEFlagUntilTimeout)
    i.I2C_WaitOnSTOPFlagUntilTimeout         0x08001a7c   Section        0  stm32l0xx_hal_i2c.o(i.I2C_WaitOnSTOPFlagUntilTimeout)
    I2C_WaitOnSTOPFlagUntilTimeout           0x08001a7d   Thumb Code    76  stm32l0xx_hal_i2c.o(i.I2C_WaitOnSTOPFlagUntilTimeout)
    i.I2C_WaitOnTXISFlagUntilTimeout         0x08001ac8   Section        0  stm32l0xx_hal_i2c.o(i.I2C_WaitOnTXISFlagUntilTimeout)
    I2C_WaitOnTXISFlagUntilTimeout           0x08001ac9   Thumb Code    80  stm32l0xx_hal_i2c.o(i.I2C_WaitOnTXISFlagUntilTimeout)
    i.MX_GPIO_Init                           0x08001b18   Section        0  main.o(i.MX_GPIO_Init)
    MX_GPIO_Init                             0x08001b19   Thumb Code   108  main.o(i.MX_GPIO_Init)
    i.MX_I2C1_Init                           0x08001b8c   Section        0  main.o(i.MX_I2C1_Init)
    MX_I2C1_Init                             0x08001b8d   Thumb Code    50  main.o(i.MX_I2C1_Init)
    i.MX_USART2_UART_Init                    0x08001bc8   Section        0  main.o(i.MX_USART2_UART_Init)
    MX_USART2_UART_Init                      0x08001bc9   Thumb Code    40  main.o(i.MX_USART2_UART_Init)
    i.NMI_Handler                            0x08001bf8   Section        0  stm32l0xx_it.o(i.NMI_Handler)
    i.NVIC_SetPriority                       0x08001bfc   Section        0  stm32l0xx_hal_cortex.o(i.NVIC_SetPriority)
    NVIC_SetPriority                         0x08001bfd   Thumb Code    60  stm32l0xx_hal_cortex.o(i.NVIC_SetPriority)
    i.PendSV_Handler                         0x08001c40   Section        0  stm32l0xx_it.o(i.PendSV_Handler)
    i.SVC_Handler                            0x08001c42   Section        0  stm32l0xx_it.o(i.SVC_Handler)
    i.SysTick_Handler                        0x08001c44   Section        0  stm32l0xx_it.o(i.SysTick_Handler)
    i.SystemClock_Config                     0x08001c4c   Section        0  main.o(i.SystemClock_Config)
    i.SystemInit                             0x08001cbc   Section        0  system_stm32l0xx.o(i.SystemInit)
    i.UART_AdvFeatureConfig                  0x08001d10   Section        0  stm32l0xx_hal_uart.o(i.UART_AdvFeatureConfig)
    i.UART_CheckIdleState                    0x08001ddc   Section        0  stm32l0xx_hal_uart.o(i.UART_CheckIdleState)
    i.UART_SetConfig                         0x08001e3c   Section        0  stm32l0xx_hal_uart.o(i.UART_SetConfig)
    i.UART_WaitOnFlagUntilTimeout            0x08002064   Section        0  stm32l0xx_hal_uart.o(i.UART_WaitOnFlagUntilTimeout)
    i.VL53L0X_CheckAndLoadInterruptSettings  0x080020c8   Section        0  vl53l0x_api.o(i.VL53L0X_CheckAndLoadInterruptSettings)
    i.VL53L0X_ClearInterruptMask             0x08002144   Section        0  vl53l0x_api.o(i.VL53L0X_ClearInterruptMask)
    i.VL53L0X_DataInit                       0x08002190   Section        0  vl53l0x_api.o(i.VL53L0X_DataInit)
    i.VL53L0X_GetDeviceInfo                  0x08002318   Section        0  vl53l0x_api.o(i.VL53L0X_GetDeviceInfo)
    i.VL53L0X_GetDeviceParameters            0x08002320   Section        0  vl53l0x_api.o(i.VL53L0X_GetDeviceParameters)
    i.VL53L0X_GetFractionEnable              0x0800239c   Section        0  vl53l0x_api.o(i.VL53L0X_GetFractionEnable)
    i.VL53L0X_GetInterMeasurementPeriodMilliSeconds 0x080023b6   Section        0  vl53l0x_api.o(i.VL53L0X_GetInterMeasurementPeriodMilliSeconds)
    i.VL53L0X_GetInterruptMaskStatus         0x080023f0   Section        0  vl53l0x_api.o(i.VL53L0X_GetInterruptMaskStatus)
    i.VL53L0X_GetInterruptThresholds         0x08002412   Section        0  vl53l0x_api.o(i.VL53L0X_GetInterruptThresholds)
    i.VL53L0X_GetLimitCheckEnable            0x08002446   Section        0  vl53l0x_api.o(i.VL53L0X_GetLimitCheckEnable)
    i.VL53L0X_GetLimitCheckValue             0x0800245e   Section        0  vl53l0x_api.o(i.VL53L0X_GetLimitCheckValue)
    i.VL53L0X_GetMeasurementDataReady        0x080024d4   Section        0  vl53l0x_api.o(i.VL53L0X_GetMeasurementDataReady)
    i.VL53L0X_GetMeasurementTimingBudgetMicroSeconds 0x0800250e   Section        0  vl53l0x_api.o(i.VL53L0X_GetMeasurementTimingBudgetMicroSeconds)
    i.VL53L0X_GetOffsetCalibrationDataMicroMeter 0x08002516   Section        0  vl53l0x_api.o(i.VL53L0X_GetOffsetCalibrationDataMicroMeter)
    i.VL53L0X_GetRangingMeasurementData      0x08002520   Section        0  vl53l0x_api.o(i.VL53L0X_GetRangingMeasurementData)
    i.VL53L0X_GetSequenceStepEnables         0x08002654   Section        0  vl53l0x_api.o(i.VL53L0X_GetSequenceStepEnables)
    i.VL53L0X_GetVcselPulsePeriod            0x080026c6   Section        0  vl53l0x_api.o(i.VL53L0X_GetVcselPulsePeriod)
    i.VL53L0X_GetWrapAroundCheckEnable       0x080026ce   Section        0  vl53l0x_api.o(i.VL53L0X_GetWrapAroundCheckEnable)
    i.VL53L0X_GetXTalkCompensationEnable     0x080026fc   Section        0  vl53l0x_api.o(i.VL53L0X_GetXTalkCompensationEnable)
    i.VL53L0X_GetXTalkCompensationRateMegaCps 0x08002706   Section        0  vl53l0x_api.o(i.VL53L0X_GetXTalkCompensationRateMegaCps)
    i.VL53L0X_PerformRefCalibration          0x08002734   Section        0  vl53l0x_api.o(i.VL53L0X_PerformRefCalibration)
    i.VL53L0X_PerformRefSpadManagement       0x0800273e   Section        0  vl53l0x_api.o(i.VL53L0X_PerformRefSpadManagement)
    i.VL53L0X_PerformSingleMeasurement       0x08002746   Section        0  vl53l0x_api.o(i.VL53L0X_PerformSingleMeasurement)
    i.VL53L0X_PerformSingleRangingMeasurement 0x08002774   Section        0  vl53l0x_api.o(i.VL53L0X_PerformSingleRangingMeasurement)
    i.VL53L0X_PollingDelay                   0x080027a4   Section        0  vl53l0x_platform.o(i.VL53L0X_PollingDelay)
    i.VL53L0X_RdByte                         0x080027b2   Section        0  vl53l0x_platform.o(i.VL53L0X_RdByte)
    i.VL53L0X_RdDWord                        0x080027e0   Section        0  vl53l0x_platform.o(i.VL53L0X_RdDWord)
    i.VL53L0X_RdWord                         0x0800282c   Section        0  vl53l0x_platform.o(i.VL53L0X_RdWord)
    i.VL53L0X_ReadMulti                      0x0800286c   Section        0  vl53l0x_platform.o(i.VL53L0X_ReadMulti)
    i.VL53L0X_SetDeviceAddress               0x0800289e   Section        0  vl53l0x_api.o(i.VL53L0X_SetDeviceAddress)
    i.VL53L0X_SetDeviceMode                  0x080028aa   Section        0  vl53l0x_api.o(i.VL53L0X_SetDeviceMode)
    i.VL53L0X_SetGpioConfig                  0x080028d0   Section        0  vl53l0x_api.o(i.VL53L0X_SetGpioConfig)
    i.VL53L0X_SetInterruptThresholds         0x08002a06   Section        0  vl53l0x_api.o(i.VL53L0X_SetInterruptThresholds)
    i.VL53L0X_SetLimitCheckEnable            0x08002a2a   Section        0  vl53l0x_api.o(i.VL53L0X_SetLimitCheckEnable)
    i.VL53L0X_SetLimitCheckValue             0x08002aa8   Section        0  vl53l0x_api.o(i.VL53L0X_SetLimitCheckValue)
    i.VL53L0X_SetMeasurementTimingBudgetMicroSeconds 0x08002afa   Section        0  vl53l0x_api.o(i.VL53L0X_SetMeasurementTimingBudgetMicroSeconds)
    i.VL53L0X_SetSequenceStepEnable          0x08002b02   Section        0  vl53l0x_api.o(i.VL53L0X_SetSequenceStepEnable)
    i.VL53L0X_SetVcselPulsePeriod            0x08002ba4   Section        0  vl53l0x_api.o(i.VL53L0X_SetVcselPulsePeriod)
    i.VL53L0X_StartMeasurement               0x08002bac   Section        0  vl53l0x_api.o(i.VL53L0X_StartMeasurement)
    i.VL53L0X_StaticInit                     0x08002c8c   Section        0  vl53l0x_api.o(i.VL53L0X_StaticInit)
    i.VL53L0X_UpdateByte                     0x08002dfc   Section        0  vl53l0x_platform.o(i.VL53L0X_UpdateByte)
    i.VL53L0X_WrByte                         0x08002e24   Section        0  vl53l0x_platform.o(i.VL53L0X_WrByte)
    i.VL53L0X_WrWord                         0x08002e4c   Section        0  vl53l0x_platform.o(i.VL53L0X_WrWord)
    i.VL53L0X_WriteMulti                     0x08002e78   Section        0  vl53l0x_platform.o(i.VL53L0X_WriteMulti)
    i.VL53L0X_calc_dmax                      0x08002eb4   Section        0  vl53l0x_api_core.o(i.VL53L0X_calc_dmax)
    i.VL53L0X_calc_macro_period_ps           0x08002fa8   Section        0  vl53l0x_api_core.o(i.VL53L0X_calc_macro_period_ps)
    i.VL53L0X_calc_sigma_estimate            0x08002fc4   Section        0  vl53l0x_api_core.o(i.VL53L0X_calc_sigma_estimate)
    i.VL53L0X_calc_timeout_mclks             0x08003224   Section        0  vl53l0x_api_core.o(i.VL53L0X_calc_timeout_mclks)
    i.VL53L0X_calc_timeout_us                0x0800324c   Section        0  vl53l0x_api_core.o(i.VL53L0X_calc_timeout_us)
    i.VL53L0X_check_part_used                0x08003276   Section        0  vl53l0x_api_strings.o(i.VL53L0X_check_part_used)
    i.VL53L0X_decode_timeout                 0x080032ae   Section        0  vl53l0x_api_core.o(i.VL53L0X_decode_timeout)
    i.VL53L0X_decode_vcsel_period            0x080032b8   Section        0  vl53l0x_api_core.o(i.VL53L0X_decode_vcsel_period)
    i.VL53L0X_device_read_strobe             0x080032c0   Section        0  vl53l0x_api_core.o(i.VL53L0X_device_read_strobe)
    i.VL53L0X_encode_timeout                 0x08003306   Section        0  vl53l0x_api_core.o(i.VL53L0X_encode_timeout)
    i.VL53L0X_encode_vcsel_period            0x08003328   Section        0  vl53l0x_api_core.o(i.VL53L0X_encode_vcsel_period)
    i.VL53L0X_get_device_info                0x08003330   Section        0  vl53l0x_api_strings.o(i.VL53L0X_get_device_info)
    i.VL53L0X_get_info_from_device           0x080033e4   Section        0  vl53l0x_api_core.o(i.VL53L0X_get_info_from_device)
    i.VL53L0X_get_measurement_timing_budget_micro_seconds 0x080038a8   Section        0  vl53l0x_api_core.o(i.VL53L0X_get_measurement_timing_budget_micro_seconds)
    i.VL53L0X_get_offset_calibration_data_micro_meter 0x0800398c   Section        0  vl53l0x_api_calibration.o(i.VL53L0X_get_offset_calibration_data_micro_meter)
    i.VL53L0X_get_pal_range_status           0x080039c8   Section        0  vl53l0x_api_core.o(i.VL53L0X_get_pal_range_status)
    i.VL53L0X_get_total_signal_rate          0x08003bca   Section        0  vl53l0x_api_core.o(i.VL53L0X_get_total_signal_rate)
    i.VL53L0X_get_total_xtalk_rate           0x08003be6   Section        0  vl53l0x_api_core.o(i.VL53L0X_get_total_xtalk_rate)
    i.VL53L0X_get_vcsel_pulse_period         0x08003c14   Section        0  vl53l0x_api_core.o(i.VL53L0X_get_vcsel_pulse_period)
    i.VL53L0X_isqrt                          0x08003c46   Section        0  vl53l0x_api_core.o(i.VL53L0X_isqrt)
    i.VL53L0X_load_tuning_settings           0x08003c70   Section        0  vl53l0x_api_core.o(i.VL53L0X_load_tuning_settings)
    i.VL53L0X_measurement_poll_for_completion 0x08003d14   Section        0  vl53l0x_api_core.o(i.VL53L0X_measurement_poll_for_completion)
    i.VL53L0X_perform_phase_calibration      0x08003d4a   Section        0  vl53l0x_api_calibration.o(i.VL53L0X_perform_phase_calibration)
    i.VL53L0X_perform_ref_calibration        0x08003dba   Section        0  vl53l0x_api_calibration.o(i.VL53L0X_perform_ref_calibration)
    i.VL53L0X_perform_ref_spad_management    0x08003dfa   Section        0  vl53l0x_api_calibration.o(i.VL53L0X_perform_ref_spad_management)
    i.VL53L0X_perform_single_ref_calibration 0x08004040   Section        0  vl53l0x_api_calibration.o(i.VL53L0X_perform_single_ref_calibration)
    i.VL53L0X_perform_vhv_calibration        0x08004078   Section        0  vl53l0x_api_calibration.o(i.VL53L0X_perform_vhv_calibration)
    i.VL53L0X_ref_calibration_io             0x080040ec   Section        0  vl53l0x_api_calibration.o(i.VL53L0X_ref_calibration_io)
    i.VL53L0X_set_measurement_timing_budget_micro_seconds 0x0800419c   Section        0  vl53l0x_api_core.o(i.VL53L0X_set_measurement_timing_budget_micro_seconds)
    i.VL53L0X_set_reference_spads            0x08004284   Section        0  vl53l0x_api_calibration.o(i.VL53L0X_set_reference_spads)
    i.VL53L0X_set_vcsel_pulse_period         0x08004338   Section        0  vl53l0x_api_core.o(i.VL53L0X_set_vcsel_pulse_period)
    i.VL53L0x_init                           0x08004594   Section        0  vl53l0x_driver.o(i.VL53L0x_init)
    i._I2CRead                               0x0800469c   Section        0  vl53l0x_platform.o(i._I2CRead)
    i._I2CWrite                              0x080046c0   Section        0  vl53l0x_platform.o(i._I2CWrite)
    i.__0sprintf                             0x080046e0   Section        0  printfa.o(i.__0sprintf)
    i.__ARM_clz                              0x08004708   Section        0  depilogue.o(i.__ARM_clz)
    i.__ARM_common_switch8                   0x08004736   Section        0  vl53l0x_api.o(i.__ARM_common_switch8)
    i.__scatterload_copy                     0x08004750   Section       14  handlers.o(i.__scatterload_copy)
    i.__scatterload_null                     0x0800475e   Section        2  handlers.o(i.__scatterload_null)
    i.__scatterload_zeroinit                 0x08004760   Section       14  handlers.o(i.__scatterload_zeroinit)
    i._fp_digits                             0x08004770   Section        0  printfa.o(i._fp_digits)
    _fp_digits                               0x08004771   Thumb Code   344  printfa.o(i._fp_digits)
    i._printf_core                           0x080048e4   Section        0  printfa.o(i._printf_core)
    _printf_core                             0x080048e5   Thumb Code  1754  printfa.o(i._printf_core)
    i._printf_post_padding                   0x08004fd0   Section        0  printfa.o(i._printf_post_padding)
    _printf_post_padding                     0x08004fd1   Thumb Code    32  printfa.o(i._printf_post_padding)
    i._printf_pre_padding                    0x08004ff0   Section        0  printfa.o(i._printf_pre_padding)
    _printf_pre_padding                      0x08004ff1   Thumb Code    44  printfa.o(i._printf_pre_padding)
    i._sputc                                 0x0800501c   Section        0  printfa.o(i._sputc)
    _sputc                                   0x0800501d   Thumb Code    10  printfa.o(i._sputc)
    i.enable_ref_spads                       0x08005026   Section        0  vl53l0x_api_calibration.o(i.enable_ref_spads)
    i.enable_spad_bit                        0x080050b6   Section        0  vl53l0x_api_calibration.o(i.enable_spad_bit)
    i.get_ambient                            0x080050e0   Section        0  vl53l0x_driver.o(i.get_ambient)
    i.get_distance_mm                        0x08005110   Section        0  vl53l0x_driver.o(i.get_distance_mm)
    i.get_next_good_spad                     0x0800512c   Section        0  vl53l0x_api_calibration.o(i.get_next_good_spad)
    i.get_ref_spad_map                       0x08005182   Section        0  vl53l0x_api_calibration.o(i.get_ref_spad_map)
    i.get_reflectance                        0x08005190   Section        0  vl53l0x_driver.o(i.get_reflectance)
    i.get_sequence_step_timeout              0x080051bc   Section        0  vl53l0x_api_core.o(i.get_sequence_step_timeout)
    i.interrupt_config                       0x080052a8   Section        0  vl53l0x_driver.o(i.interrupt_config)
    i.is_aperture                            0x080052cc   Section        0  vl53l0x_api_calibration.o(i.is_aperture)
    i.main                                   0x080052e4   Section        0  main.o(i.main)
    i.perform_ref_signal_measurement         0x080053f0   Section        0  vl53l0x_api_calibration.o(i.perform_ref_signal_measurement)
    i.sequence_step_enabled                  0x08005456   Section        0  vl53l0x_api.o(i.sequence_step_enabled)
    i.set_ref_spad_map                       0x0800548a   Section        0  vl53l0x_api_calibration.o(i.set_ref_spad_map)
    i.set_sequence_step_timeout              0x08005498   Section        0  vl53l0x_api_core.o(i.set_sequence_step_timeout)
    .constdata                               0x080055a4   Section       25  system_stm32l0xx.o(.constdata)
    .constdata                               0x080055bd   Section        8  system_stm32l0xx.o(.constdata)
    .data                                    0x20000000   Section      681  vl53l0x_api.o(.data)
    .data                                    0x200002ac   Section       16  vl53l0x_api_calibration.o(.data)
    .data                                    0x200002bc   Section        8  vl53l0x_driver.o(.data)
    .data                                    0x200002c4   Section        4  stm32l0xx_hal.o(.data)
    .data                                    0x200002c8   Section        4  system_stm32l0xx.o(.data)
    .bss                                     0x200002cc   Section       64  vl53l0x_platform.o(.bss)
    .bss                                     0x2000030c   Section      128  vl53l0x_driver.o(.bss)
    .bss                                     0x2000038c   Section      940  main.o(.bss)
    STACK                                    0x20000738   Section     1024  startup_stm32l053xx.o(STACK)

    Global Symbols

    Symbol Name                              Value     Ov Type        Size  Object(Section)

    BuildAttributes$$THM_ISAv3M$S$PE$A:L22$X:L11$S22$IEEE1$IW$USESV6$~STKCKD$USESV7$~SHL$OTIME$ROPI$EBA8$MICROLIB$REQ8$PRES8$EABIv2 0x00000000   Number         0  anon$$obj.o ABSOLUTE
    __ARM_use_no_argv                        0x00000000   Number         0  main.o ABSOLUTE
    _printf_a                                0x00000000   Number         0  stubs.o ABSOLUTE
    _printf_c                                0x00000000   Number         0  stubs.o ABSOLUTE
    _printf_charcount                        0x00000000   Number         0  stubs.o ABSOLUTE
    _printf_d                                0x00000000   Number         0  stubs.o ABSOLUTE
    _printf_e                                0x00000000   Number         0  stubs.o ABSOLUTE
    _printf_f                                0x00000000   Number         0  stubs.o ABSOLUTE
    _printf_flags                            0x00000000   Number         0  stubs.o ABSOLUTE
    _printf_fp_dec                           0x00000000   Number         0  stubs.o ABSOLUTE
    _printf_fp_hex                           0x00000000   Number         0  stubs.o ABSOLUTE
    _printf_g                                0x00000000   Number         0  stubs.o ABSOLUTE
    _printf_i                                0x00000000   Number         0  stubs.o ABSOLUTE
    _printf_int_dec                          0x00000000   Number         0  stubs.o ABSOLUTE
    _printf_l                                0x00000000   Number         0  stubs.o ABSOLUTE
    _printf_lc                               0x00000000   Number         0  stubs.o ABSOLUTE
    _printf_ll                               0x00000000   Number         0  stubs.o ABSOLUTE
    _printf_lld                              0x00000000   Number         0  stubs.o ABSOLUTE
    _printf_lli                              0x00000000   Number         0  stubs.o ABSOLUTE
    _printf_llo                              0x00000000   Number         0  stubs.o ABSOLUTE
    _printf_llu                              0x00000000   Number         0  stubs.o ABSOLUTE
    _printf_llx                              0x00000000   Number         0  stubs.o ABSOLUTE
    _printf_longlong_dec                     0x00000000   Number         0  stubs.o ABSOLUTE
    _printf_longlong_hex                     0x00000000   Number         0  stubs.o ABSOLUTE
    _printf_longlong_oct                     0x00000000   Number         0  stubs.o ABSOLUTE
    _printf_ls                               0x00000000   Number         0  stubs.o ABSOLUTE
    _printf_mbtowc                           0x00000000   Number         0  stubs.o ABSOLUTE
    _printf_n                                0x00000000   Number         0  stubs.o ABSOLUTE
    _printf_o                                0x00000000   Number         0  stubs.o ABSOLUTE
    _printf_p                                0x00000000   Number         0  stubs.o ABSOLUTE
    _printf_percent                          0x00000000   Number         0  stubs.o ABSOLUTE
    _printf_pre_padding                      0x00000000   Number         0  stubs.o ABSOLUTE
    _printf_return_value                     0x00000000   Number         0  stubs.o ABSOLUTE
    _printf_s                                0x00000000   Number         0  stubs.o ABSOLUTE
    _printf_sizespec                         0x00000000   Number         0  stubs.o ABSOLUTE
    _printf_str                              0x00000000   Number         0  stubs.o ABSOLUTE
    _printf_truncate_signed                  0x00000000   Number         0  stubs.o ABSOLUTE
    _printf_truncate_unsigned                0x00000000   Number         0  stubs.o ABSOLUTE
    _printf_u                                0x00000000   Number         0  stubs.o ABSOLUTE
    _printf_wc                               0x00000000   Number         0  stubs.o ABSOLUTE
    _printf_wctomb                           0x00000000   Number         0  stubs.o ABSOLUTE
    _printf_widthprec                        0x00000000   Number         0  stubs.o ABSOLUTE
    _printf_x                                0x00000000   Number         0  stubs.o ABSOLUTE
    __cpp_initialize__aeabi_                  - Undefined Weak Reference
    __cxa_finalize                            - Undefined Weak Reference
    _clock_init                               - Undefined Weak Reference
    _microlib_exit                            - Undefined Weak Reference
    __Vectors_Size                           0x000000c0   Number         0  startup_stm32l053xx.o ABSOLUTE
    __Vectors                                0x08000000   Data           4  startup_stm32l053xx.o(RESET)
    __Vectors_End                            0x080000c0   Data           0  startup_stm32l053xx.o(RESET)
    __main                                   0x080000c1   Thumb Code     0  entry.o(.ARM.Collect$$$$00000000)
    _main_stk                                0x080000c1   Thumb Code     0  entry2.o(.ARM.Collect$$$$00000001)
    _main_scatterload                        0x080000c5   Thumb Code     0  entry5.o(.ARM.Collect$$$$00000004)
    __main_after_scatterload                 0x080000c9   Thumb Code     0  entry5.o(.ARM.Collect$$$$00000004)
    _main_clock                              0x080000c9   Thumb Code     0  entry7b.o(.ARM.Collect$$$$00000008)
    _main_cpp_init                           0x080000c9   Thumb Code     0  entry8b.o(.ARM.Collect$$$$0000000A)
    _main_init                               0x080000c9   Thumb Code     0  entry9a.o(.ARM.Collect$$$$0000000B)
    __rt_final_cpp                           0x080000d1   Thumb Code     0  entry10a.o(.ARM.Collect$$$$0000000D)
    __rt_final_exit                          0x080000d1   Thumb Code     0  entry11a.o(.ARM.Collect$$$$0000000F)
    Reset_Handler                            0x080000d5   Thumb Code     8  startup_stm32l053xx.o(.text)
    ADC1_COMP_IRQHandler                     0x080000e7   Thumb Code     0  startup_stm32l053xx.o(.text)
    DMA1_Channel1_IRQHandler                 0x080000e7   Thumb Code     0  startup_stm32l053xx.o(.text)
    DMA1_Channel2_3_IRQHandler               0x080000e7   Thumb Code     0  startup_stm32l053xx.o(.text)
    DMA1_Channel4_5_6_7_IRQHandler           0x080000e7   Thumb Code     0  startup_stm32l053xx.o(.text)
    EXTI0_1_IRQHandler                       0x080000e7   Thumb Code     0  startup_stm32l053xx.o(.text)
    EXTI2_3_IRQHandler                       0x080000e7   Thumb Code     0  startup_stm32l053xx.o(.text)
    EXTI4_15_IRQHandler                      0x080000e7   Thumb Code     0  startup_stm32l053xx.o(.text)
    FLASH_IRQHandler                         0x080000e7   Thumb Code     0  startup_stm32l053xx.o(.text)
    I2C1_IRQHandler                          0x080000e7   Thumb Code     0  startup_stm32l053xx.o(.text)
    I2C2_IRQHandler                          0x080000e7   Thumb Code     0  startup_stm32l053xx.o(.text)
    LCD_IRQHandler                           0x080000e7   Thumb Code     0  startup_stm32l053xx.o(.text)
    LPTIM1_IRQHandler                        0x080000e7   Thumb Code     0  startup_stm32l053xx.o(.text)
    PVD_IRQHandler                           0x080000e7   Thumb Code     0  startup_stm32l053xx.o(.text)
    RCC_CRS_IRQHandler                       0x080000e7   Thumb Code     0  startup_stm32l053xx.o(.text)
    RNG_LPUART1_IRQHandler                   0x080000e7   Thumb Code     0  startup_stm32l053xx.o(.text)
    RTC_IRQHandler                           0x080000e7   Thumb Code     0  startup_stm32l053xx.o(.text)
    SPI1_IRQHandler                          0x080000e7   Thumb Code     0  startup_stm32l053xx.o(.text)
    SPI2_IRQHandler                          0x080000e7   Thumb Code     0  startup_stm32l053xx.o(.text)
    TIM21_IRQHandler                         0x080000e7   Thumb Code     0  startup_stm32l053xx.o(.text)
    TIM22_IRQHandler                         0x080000e7   Thumb Code     0  startup_stm32l053xx.o(.text)
    TIM2_IRQHandler                          0x080000e7   Thumb Code     0  startup_stm32l053xx.o(.text)
    TIM6_DAC_IRQHandler                      0x080000e7   Thumb Code     0  startup_stm32l053xx.o(.text)
    TSC_IRQHandler                           0x080000e7   Thumb Code     0  startup_stm32l053xx.o(.text)
    USART1_IRQHandler                        0x080000e7   Thumb Code     0  startup_stm32l053xx.o(.text)
    USART2_IRQHandler                        0x080000e7   Thumb Code     0  startup_stm32l053xx.o(.text)
    USB_IRQHandler                           0x080000e7   Thumb Code     0  startup_stm32l053xx.o(.text)
    WWDG_IRQHandler                          0x080000e7   Thumb Code     0  startup_stm32l053xx.o(.text)
    __aeabi_uidiv                            0x080000f1   Thumb Code     0  uidiv.o(.text)
    __aeabi_uidivmod                         0x080000f1   Thumb Code    44  uidiv.o(.text)
    __aeabi_idiv                             0x0800011d   Thumb Code     0  idiv.o(.text)
    __aeabi_idivmod                          0x0800011d   Thumb Code    40  idiv.o(.text)
    __aeabi_uldivmod                         0x08000145   Thumb Code    96  uldiv.o(.text)
    __aeabi_lmul                             0x080001a5   Thumb Code   122  llmul.o(.text)
    _ll_mul                                  0x080001a5   Thumb Code     0  llmul.o(.text)
    __aeabi_memcpy                           0x0800021f   Thumb Code    36  memcpya.o(.text)
    __aeabi_memcpy4                          0x0800021f   Thumb Code     0  memcpya.o(.text)
    __aeabi_memcpy8                          0x0800021f   Thumb Code     0  memcpya.o(.text)
    __aeabi_memset                           0x08000243   Thumb Code    14  memseta.o(.text)
    __aeabi_memset4                          0x08000243   Thumb Code     0  memseta.o(.text)
    __aeabi_memset8                          0x08000243   Thumb Code     0  memseta.o(.text)
    __aeabi_memclr                           0x08000251   Thumb Code     4  memseta.o(.text)
    __aeabi_memclr4                          0x08000251   Thumb Code     0  memseta.o(.text)
    __aeabi_memclr8                          0x08000251   Thumb Code     0  memseta.o(.text)
    _memset$wrapper                          0x08000255   Thumb Code    18  memseta.o(.text)
    strlen                                   0x08000267   Thumb Code    14  strlen.o(.text)
    strcpy                                   0x08000275   Thumb Code    18  strcpy.o(.text)
    __aeabi_ddiv                             0x08000289   Thumb Code   234  ddiv.o(.text)
    __ARM_scalbn                             0x08000379   Thumb Code    44  dscalb.o(.text)
    scalbn                                   0x08000379   Thumb Code     0  dscalb.o(.text)
    __aeabi_ui2d                             0x080003a5   Thumb Code    24  dfltui.o(.text)
    __aeabi_f2d                              0x080003c1   Thumb Code    40  f2d.o(.text)
    __aeabi_d2f                              0x080003e9   Thumb Code    56  d2f.o(.text)
    __aeabi_llsl                             0x08000421   Thumb Code    32  llshl.o(.text)
    _ll_shift_l                              0x08000421   Thumb Code     0  llshl.o(.text)
    __aeabi_llsr                             0x08000441   Thumb Code    34  llushr.o(.text)
    _ll_ushift_r                             0x08000441   Thumb Code     0  llushr.o(.text)
    __I$use$fp                               0x08000463   Thumb Code     0  iusefp.o(.text)
    _float_round                             0x08000463   Thumb Code    16  fepilogue.o(.text)
    _float_epilogue                          0x08000473   Thumb Code   114  fepilogue.o(.text)
    _double_round                            0x080004e5   Thumb Code    26  depilogue.o(.text)
    _double_epilogue                         0x080004ff   Thumb Code   164  depilogue.o(.text)
    __aeabi_dadd                             0x080005a5   Thumb Code   328  dadd.o(.text)
    __aeabi_dsub                             0x080006ed   Thumb Code    12  dadd.o(.text)
    __aeabi_drsub                            0x080006f9   Thumb Code    12  dadd.o(.text)
    __aeabi_dmul                             0x08000709   Thumb Code   202  dmul.o(.text)
    __aeabi_d2ulz                            0x080007d9   Thumb Code    54  dfixul.o(.text)
    __aeabi_cdrcmple                         0x08000819   Thumb Code    38  cdrcmple.o(.text)
    __scatterload                            0x08000841   Thumb Code    28  init.o(.text)
    __scatterload_rt2                        0x08000841   Thumb Code     0  init.o(.text)
    __aeabi_lasr                             0x08000865   Thumb Code    38  llsshr.o(.text)
    _ll_sshift_r                             0x08000865   Thumb Code     0  llsshr.o(.text)
    __decompress                             0x0800088b   Thumb Code     0  __dclz77c.o(.text)
    __decompress2                            0x0800088b   Thumb Code    96  __dclz77c.o(.text)
    HAL_Delay                                0x080008eb   Thumb Code    28  stm32l0xx_hal.o(i.HAL_Delay)
    HAL_GPIO_Init                            0x08000909   Thumb Code   346  stm32l0xx_hal_gpio.o(i.HAL_GPIO_Init)
    HAL_GPIO_WritePin                        0x08000a81   Thumb Code    12  stm32l0xx_hal_gpio.o(i.HAL_GPIO_WritePin)
    HAL_GetTick                              0x08000a8d   Thumb Code     6  stm32l0xx_hal.o(i.HAL_GetTick)
    HAL_I2CEx_ConfigAnalogFilter             0x08000a99   Thumb Code    74  stm32l0xx_hal_i2c_ex.o(i.HAL_I2CEx_ConfigAnalogFilter)
    HAL_I2CEx_ConfigDigitalFilter            0x08000ae3   Thumb Code    72  stm32l0xx_hal_i2c_ex.o(i.HAL_I2CEx_ConfigDigitalFilter)
    HAL_I2C_Init                             0x08000b2d   Thumb Code   176  stm32l0xx_hal_i2c.o(i.HAL_I2C_Init)
    HAL_I2C_Master_Receive                   0x08000be1   Thumb Code   262  stm32l0xx_hal_i2c.o(i.HAL_I2C_Master_Receive)
    HAL_I2C_Master_Transmit                  0x08000cf1   Thumb Code   262  stm32l0xx_hal_i2c.o(i.HAL_I2C_Master_Transmit)
    HAL_I2C_MspInit                          0x08000e01   Thumb Code    78  stm32l0xx_hal_msp.o(i.HAL_I2C_MspInit)
    HAL_IncTick                              0x08000e5d   Thumb Code    10  stm32l0xx_hal.o(i.HAL_IncTick)
    HAL_Init                                 0x08000e6d   Thumb Code    36  stm32l0xx_hal.o(i.HAL_Init)
    HAL_InitTick                             0x08000e95   Thumb Code    44  stm32l0xx_hal.o(i.HAL_InitTick)
    HAL_MspInit                              0x08000ec5   Thumb Code    20  stm32l0xx_hal_msp.o(i.HAL_MspInit)
    HAL_NVIC_SetPriority                     0x08000edd   Thumb Code     8  stm32l0xx_hal_cortex.o(i.HAL_NVIC_SetPriority)
    HAL_RCCEx_PeriphCLKConfig                0x08000ee5   Thumb Code   396  stm32l0xx_hal_rcc_ex.o(i.HAL_RCCEx_PeriphCLKConfig)
    HAL_RCC_ClockConfig                      0x0800107d   Thumb Code   344  stm32l0xx_hal_rcc.o(i.HAL_RCC_ClockConfig)
    HAL_RCC_GetPCLK1Freq                     0x080011e9   Thumb Code    20  stm32l0xx_hal_rcc.o(i.HAL_RCC_GetPCLK1Freq)
    HAL_RCC_GetPCLK2Freq                     0x08001209   Thumb Code    20  stm32l0xx_hal_rcc.o(i.HAL_RCC_GetPCLK2Freq)
    HAL_RCC_GetSysClockFreq                  0x08001229   Thumb Code   100  stm32l0xx_hal_rcc.o(i.HAL_RCC_GetSysClockFreq)
    HAL_RCC_OscConfig                        0x080012a1   Thumb Code  1158  stm32l0xx_hal_rcc.o(i.HAL_RCC_OscConfig)
    HAL_SYSTICK_Config                       0x08001729   Thumb Code    38  stm32l0xx_hal_cortex.o(i.HAL_SYSTICK_Config)
    HAL_UART_Init                            0x08001759   Thumb Code   106  stm32l0xx_hal_uart.o(i.HAL_UART_Init)
    HAL_UART_MspInit                         0x080017c5   Thumb Code    82  stm32l0xx_hal_msp.o(i.HAL_UART_MspInit)
    HAL_UART_Transmit                        0x08001821   Thumb Code   206  stm32l0xx_hal_uart.o(i.HAL_UART_Transmit)
    HardFault_Handler                        0x080018ef   Thumb Code     2  stm32l0xx_it.o(i.HardFault_Handler)
    NMI_Handler                              0x08001bf9   Thumb Code     2  stm32l0xx_it.o(i.NMI_Handler)
    PendSV_Handler                           0x08001c41   Thumb Code     2  stm32l0xx_it.o(i.PendSV_Handler)
    SVC_Handler                              0x08001c43   Thumb Code     2  stm32l0xx_it.o(i.SVC_Handler)
    SysTick_Handler                          0x08001c45   Thumb Code     8  stm32l0xx_it.o(i.SysTick_Handler)
    SystemClock_Config                       0x08001c4d   Thumb Code   108  main.o(i.SystemClock_Config)
    SystemInit                               0x08001cbd   Thumb Code    66  system_stm32l0xx.o(i.SystemInit)
    UART_AdvFeatureConfig                    0x08001d11   Thumb Code   202  stm32l0xx_hal_uart.o(i.UART_AdvFeatureConfig)
    UART_CheckIdleState                      0x08001ddd   Thumb Code    90  stm32l0xx_hal_uart.o(i.UART_CheckIdleState)
    UART_SetConfig                           0x08001e3d   Thumb Code   506  stm32l0xx_hal_uart.o(i.UART_SetConfig)
    UART_WaitOnFlagUntilTimeout              0x08002065   Thumb Code    98  stm32l0xx_hal_uart.o(i.UART_WaitOnFlagUntilTimeout)
    VL53L0X_CheckAndLoadInterruptSettings    0x080020c9   Thumb Code   120  vl53l0x_api.o(i.VL53L0X_CheckAndLoadInterruptSettings)
    VL53L0X_ClearInterruptMask               0x08002145   Thumb Code    76  vl53l0x_api.o(i.VL53L0X_ClearInterruptMask)
    VL53L0X_DataInit                         0x08002191   Thumb Code   382  vl53l0x_api.o(i.VL53L0X_DataInit)
    VL53L0X_GetDeviceInfo                    0x08002319   Thumb Code     8  vl53l0x_api.o(i.VL53L0X_GetDeviceInfo)
    VL53L0X_GetDeviceParameters              0x08002321   Thumb Code   124  vl53l0x_api.o(i.VL53L0X_GetDeviceParameters)
    VL53L0X_GetFractionEnable                0x0800239d   Thumb Code    26  vl53l0x_api.o(i.VL53L0X_GetFractionEnable)
    VL53L0X_GetInterMeasurementPeriodMilliSeconds 0x080023b7   Thumb Code    58  vl53l0x_api.o(i.VL53L0X_GetInterMeasurementPeriodMilliSeconds)
    VL53L0X_GetInterruptMaskStatus           0x080023f1   Thumb Code    34  vl53l0x_api.o(i.VL53L0X_GetInterruptMaskStatus)
    VL53L0X_GetInterruptThresholds           0x08002413   Thumb Code    52  vl53l0x_api.o(i.VL53L0X_GetInterruptThresholds)
    VL53L0X_GetLimitCheckEnable              0x08002447   Thumb Code    24  vl53l0x_api.o(i.VL53L0X_GetLimitCheckEnable)
    VL53L0X_GetLimitCheckValue               0x0800245f   Thumb Code   118  vl53l0x_api.o(i.VL53L0X_GetLimitCheckValue)
    VL53L0X_GetMeasurementDataReady          0x080024d5   Thumb Code    58  vl53l0x_api.o(i.VL53L0X_GetMeasurementDataReady)
    VL53L0X_GetMeasurementTimingBudgetMicroSeconds 0x0800250f   Thumb Code     8  vl53l0x_api.o(i.VL53L0X_GetMeasurementTimingBudgetMicroSeconds)
    VL53L0X_GetOffsetCalibrationDataMicroMeter 0x08002517   Thumb Code     8  vl53l0x_api.o(i.VL53L0X_GetOffsetCalibrationDataMicroMeter)
    VL53L0X_GetRangingMeasurementData        0x08002521   Thumb Code   298  vl53l0x_api.o(i.VL53L0X_GetRangingMeasurementData)
    VL53L0X_GetSequenceStepEnables           0x08002655   Thumb Code   114  vl53l0x_api.o(i.VL53L0X_GetSequenceStepEnables)
    VL53L0X_GetVcselPulsePeriod              0x080026c7   Thumb Code     8  vl53l0x_api.o(i.VL53L0X_GetVcselPulsePeriod)
    VL53L0X_GetWrapAroundCheckEnable         0x080026cf   Thumb Code    46  vl53l0x_api.o(i.VL53L0X_GetWrapAroundCheckEnable)
    VL53L0X_GetXTalkCompensationEnable       0x080026fd   Thumb Code    10  vl53l0x_api.o(i.VL53L0X_GetXTalkCompensationEnable)
    VL53L0X_GetXTalkCompensationRateMegaCps  0x08002707   Thumb Code    46  vl53l0x_api.o(i.VL53L0X_GetXTalkCompensationRateMegaCps)
    VL53L0X_PerformRefCalibration            0x08002735   Thumb Code    10  vl53l0x_api.o(i.VL53L0X_PerformRefCalibration)
    VL53L0X_PerformRefSpadManagement         0x0800273f   Thumb Code     8  vl53l0x_api.o(i.VL53L0X_PerformRefSpadManagement)
    VL53L0X_PerformSingleMeasurement         0x08002747   Thumb Code    46  vl53l0x_api.o(i.VL53L0X_PerformSingleMeasurement)
    VL53L0X_PerformSingleRangingMeasurement  0x08002775   Thumb Code    48  vl53l0x_api.o(i.VL53L0X_PerformSingleRangingMeasurement)
    VL53L0X_PollingDelay                     0x080027a5   Thumb Code    14  vl53l0x_platform.o(i.VL53L0X_PollingDelay)
    VL53L0X_RdByte                           0x080027b3   Thumb Code    44  vl53l0x_platform.o(i.VL53L0X_RdByte)
    VL53L0X_RdDWord                          0x080027e1   Thumb Code    70  vl53l0x_platform.o(i.VL53L0X_RdDWord)
    VL53L0X_RdWord                           0x0800282d   Thumb Code    58  vl53l0x_platform.o(i.VL53L0X_RdWord)
    VL53L0X_ReadMulti                        0x0800286d   Thumb Code    50  vl53l0x_platform.o(i.VL53L0X_ReadMulti)
    VL53L0X_SetDeviceAddress                 0x0800289f   Thumb Code    12  vl53l0x_api.o(i.VL53L0X_SetDeviceAddress)
    VL53L0X_SetDeviceMode                    0x080028ab   Thumb Code    38  vl53l0x_api.o(i.VL53L0X_SetDeviceMode)
    VL53L0X_SetGpioConfig                    0x080028d1   Thumb Code   310  vl53l0x_api.o(i.VL53L0X_SetGpioConfig)
    VL53L0X_SetInterruptThresholds           0x08002a07   Thumb Code    36  vl53l0x_api.o(i.VL53L0X_SetInterruptThresholds)
    VL53L0X_SetLimitCheckEnable              0x08002a2b   Thumb Code   126  vl53l0x_api.o(i.VL53L0X_SetLimitCheckEnable)
    VL53L0X_SetLimitCheckValue               0x08002aa9   Thumb Code    82  vl53l0x_api.o(i.VL53L0X_SetLimitCheckValue)
    VL53L0X_SetMeasurementTimingBudgetMicroSeconds 0x08002afb   Thumb Code     8  vl53l0x_api.o(i.VL53L0X_SetMeasurementTimingBudgetMicroSeconds)
    VL53L0X_SetSequenceStepEnable            0x08002b03   Thumb Code   162  vl53l0x_api.o(i.VL53L0X_SetSequenceStepEnable)
    VL53L0X_SetVcselPulsePeriod              0x08002ba5   Thumb Code     8  vl53l0x_api.o(i.VL53L0X_SetVcselPulsePeriod)
    VL53L0X_StartMeasurement                 0x08002bad   Thumb Code   224  vl53l0x_api.o(i.VL53L0X_StartMeasurement)
    VL53L0X_StaticInit                       0x08002c8d   Thumb Code   362  vl53l0x_api.o(i.VL53L0X_StaticInit)
    VL53L0X_UpdateByte                       0x08002dfd   Thumb Code    40  vl53l0x_platform.o(i.VL53L0X_UpdateByte)
    VL53L0X_WrByte                           0x08002e25   Thumb Code    34  vl53l0x_platform.o(i.VL53L0X_WrByte)
    VL53L0X_WrWord                           0x08002e4d   Thumb Code    38  vl53l0x_platform.o(i.VL53L0X_WrWord)
    VL53L0X_WriteMulti                       0x08002e79   Thumb Code    54  vl53l0x_platform.o(i.VL53L0X_WriteMulti)
    VL53L0X_calc_dmax                        0x08002eb5   Thumb Code   238  vl53l0x_api_core.o(i.VL53L0X_calc_dmax)
    VL53L0X_calc_macro_period_ps             0x08002fa9   Thumb Code    22  vl53l0x_api_core.o(i.VL53L0X_calc_macro_period_ps)
    VL53L0X_calc_sigma_estimate              0x08002fc5   Thumb Code   578  vl53l0x_api_core.o(i.VL53L0X_calc_sigma_estimate)
    VL53L0X_calc_timeout_mclks               0x08003225   Thumb Code    40  vl53l0x_api_core.o(i.VL53L0X_calc_timeout_mclks)
    VL53L0X_calc_timeout_us                  0x0800324d   Thumb Code    42  vl53l0x_api_core.o(i.VL53L0X_calc_timeout_us)
    VL53L0X_check_part_used                  0x08003277   Thumb Code    56  vl53l0x_api_strings.o(i.VL53L0X_check_part_used)
    VL53L0X_decode_timeout                   0x080032af   Thumb Code    10  vl53l0x_api_core.o(i.VL53L0X_decode_timeout)
    VL53L0X_decode_vcsel_period              0x080032b9   Thumb Code     8  vl53l0x_api_core.o(i.VL53L0X_decode_vcsel_period)
    VL53L0X_device_read_strobe               0x080032c1   Thumb Code    70  vl53l0x_api_core.o(i.VL53L0X_device_read_strobe)
    VL53L0X_encode_timeout                   0x08003307   Thumb Code    34  vl53l0x_api_core.o(i.VL53L0X_encode_timeout)
    VL53L0X_encode_vcsel_period              0x08003329   Thumb Code     8  vl53l0x_api_core.o(i.VL53L0X_encode_vcsel_period)
    VL53L0X_get_device_info                  0x08003331   Thumb Code   110  vl53l0x_api_strings.o(i.VL53L0X_get_device_info)
    VL53L0X_get_info_from_device             0x080033e5   Thumb Code  1220  vl53l0x_api_core.o(i.VL53L0X_get_info_from_device)
    VL53L0X_get_measurement_timing_budget_micro_seconds 0x080038a9   Thumb Code   218  vl53l0x_api_core.o(i.VL53L0X_get_measurement_timing_budget_micro_seconds)
    VL53L0X_get_offset_calibration_data_micro_meter 0x0800398d   Thumb Code    56  vl53l0x_api_calibration.o(i.VL53L0X_get_offset_calibration_data_micro_meter)
    VL53L0X_get_pal_range_status             0x080039c9   Thumb Code   514  vl53l0x_api_core.o(i.VL53L0X_get_pal_range_status)
    VL53L0X_get_total_signal_rate            0x08003bcb   Thumb Code    28  vl53l0x_api_core.o(i.VL53L0X_get_total_signal_rate)
    VL53L0X_get_total_xtalk_rate             0x08003be7   Thumb Code    46  vl53l0x_api_core.o(i.VL53L0X_get_total_xtalk_rate)
    VL53L0X_get_vcsel_pulse_period           0x08003c15   Thumb Code    50  vl53l0x_api_core.o(i.VL53L0X_get_vcsel_pulse_period)
    VL53L0X_isqrt                            0x08003c47   Thumb Code    42  vl53l0x_api_core.o(i.VL53L0X_isqrt)
    VL53L0X_load_tuning_settings             0x08003c71   Thumb Code   164  vl53l0x_api_core.o(i.VL53L0X_load_tuning_settings)
    VL53L0X_measurement_poll_for_completion  0x08003d15   Thumb Code    54  vl53l0x_api_core.o(i.VL53L0X_measurement_poll_for_completion)
    VL53L0X_perform_phase_calibration        0x08003d4b   Thumb Code   112  vl53l0x_api_calibration.o(i.VL53L0X_perform_phase_calibration)
    VL53L0X_perform_ref_calibration          0x08003dbb   Thumb Code    64  vl53l0x_api_calibration.o(i.VL53L0X_perform_ref_calibration)
    VL53L0X_perform_ref_spad_management      0x08003dfb   Thumb Code   582  vl53l0x_api_calibration.o(i.VL53L0X_perform_ref_spad_management)
    VL53L0X_perform_single_ref_calibration   0x08004041   Thumb Code    56  vl53l0x_api_calibration.o(i.VL53L0X_perform_single_ref_calibration)
    VL53L0X_perform_vhv_calibration          0x08004079   Thumb Code   116  vl53l0x_api_calibration.o(i.VL53L0X_perform_vhv_calibration)
    VL53L0X_ref_calibration_io               0x080040ed   Thumb Code   174  vl53l0x_api_calibration.o(i.VL53L0X_ref_calibration_io)
    VL53L0X_set_measurement_timing_budget_micro_seconds 0x0800419d   Thumb Code   220  vl53l0x_api_core.o(i.VL53L0X_set_measurement_timing_budget_micro_seconds)
    VL53L0X_set_reference_spads              0x08004285   Thumb Code   180  vl53l0x_api_calibration.o(i.VL53L0X_set_reference_spads)
    VL53L0X_set_vcsel_pulse_period           0x08004339   Thumb Code   598  vl53l0x_api_core.o(i.VL53L0X_set_vcsel_pulse_period)
    VL53L0x_init                             0x08004595   Thumb Code   238  vl53l0x_driver.o(i.VL53L0x_init)
    _I2CRead                                 0x0800469d   Thumb Code    36  vl53l0x_platform.o(i._I2CRead)
    _I2CWrite                                0x080046c1   Thumb Code    32  vl53l0x_platform.o(i._I2CWrite)
    __0sprintf                               0x080046e1   Thumb Code    36  printfa.o(i.__0sprintf)
    __1sprintf                               0x080046e1   Thumb Code     0  printfa.o(i.__0sprintf)
    __2sprintf                               0x080046e1   Thumb Code     0  printfa.o(i.__0sprintf)
    __c89sprintf                             0x080046e1   Thumb Code     0  printfa.o(i.__0sprintf)
    sprintf                                  0x080046e1   Thumb Code     0  printfa.o(i.__0sprintf)
    __ARM_clz                                0x08004709   Thumb Code    46  depilogue.o(i.__ARM_clz)
    __ARM_common_switch8                     0x08004737   Thumb Code    26  vl53l0x_api.o(i.__ARM_common_switch8)
    __scatterload_copy                       0x08004751   Thumb Code    14  handlers.o(i.__scatterload_copy)
    __scatterload_null                       0x0800475f   Thumb Code     2  handlers.o(i.__scatterload_null)
    __scatterload_zeroinit                   0x08004761   Thumb Code    14  handlers.o(i.__scatterload_zeroinit)
    enable_ref_spads                         0x08005027   Thumb Code   144  vl53l0x_api_calibration.o(i.enable_ref_spads)
    enable_spad_bit                          0x080050b7   Thumb Code    42  vl53l0x_api_calibration.o(i.enable_spad_bit)
    get_ambient                              0x080050e1   Thumb Code    38  vl53l0x_driver.o(i.get_ambient)
    get_distance_mm                          0x08005111   Thumb Code    22  vl53l0x_driver.o(i.get_distance_mm)
    get_next_good_spad                       0x0800512d   Thumb Code    86  vl53l0x_api_calibration.o(i.get_next_good_spad)
    get_ref_spad_map                         0x08005183   Thumb Code    14  vl53l0x_api_calibration.o(i.get_ref_spad_map)
    get_reflectance                          0x08005191   Thumb Code    38  vl53l0x_driver.o(i.get_reflectance)
    get_sequence_step_timeout                0x080051bd   Thumb Code   236  vl53l0x_api_core.o(i.get_sequence_step_timeout)
    interrupt_config                         0x080052a9   Thumb Code    34  vl53l0x_driver.o(i.interrupt_config)
    is_aperture                              0x080052cd   Thumb Code    20  vl53l0x_api_calibration.o(i.is_aperture)
    main                                     0x080052e5   Thumb Code   204  main.o(i.main)
    perform_ref_signal_measurement           0x080053f1   Thumb Code   102  vl53l0x_api_calibration.o(i.perform_ref_signal_measurement)
    sequence_step_enabled                    0x08005457   Thumb Code    52  vl53l0x_api.o(i.sequence_step_enabled)
    set_ref_spad_map                         0x0800548b   Thumb Code    14  vl53l0x_api_calibration.o(i.set_ref_spad_map)
    set_sequence_step_timeout                0x08005499   Thumb Code   268  vl53l0x_api_core.o(i.set_sequence_step_timeout)
    AHBPrescTable                            0x080055a4   Data          16  system_stm32l0xx.o(.constdata)
    PLLMulTable                              0x080055b4   Data           9  system_stm32l0xx.o(.constdata)
    APBPrescTable                            0x080055bd   Data           8  system_stm32l0xx.o(.constdata)
    Region$$Table$$Base                      0x080055c8   Number         0  anon$$obj.o(Region$$Table)
    Region$$Table$$Limit                     0x080055e8   Number         0  anon$$obj.o(Region$$Table)
    DefaultTuningSettings                    0x20000000   Data         243  vl53l0x_api.o(.data)
    InterruptThresholdSettings               0x200000f3   Data         438  vl53l0x_api.o(.data)
    refArrayQuadrants                        0x200002ac   Data          16  vl53l0x_api_calibration.o(.data)
    isApertureSpads                          0x200002bc   Data           1  vl53l0x_driver.o(.data)
    VhvSettings                              0x200002bd   Data           1  vl53l0x_driver.o(.data)
    PhaseCal                                 0x200002be   Data           1  vl53l0x_driver.o(.data)
    refSpadCount                             0x200002c0   Data           4  vl53l0x_driver.o(.data)
    uwTick                                   0x200002c4   Data           4  stm32l0xx_hal.o(.data)
    SystemCoreClock                          0x200002c8   Data           4  system_stm32l0xx.o(.data)
    _I2CBuffer                               0x200002cc   Data          64  vl53l0x_platform.o(.bss)
    DeviceInfo                               0x2000030c   Data          99  vl53l0x_driver.o(.bss)
    RangingData                              0x20000370   Data          28  vl53l0x_driver.o(.bss)
    hi2c1                                    0x2000038c   Data          76  main.o(.bss)
    huart2                                   0x200003d8   Data         128  main.o(.bss)
    MyDevice                                 0x20000458   Data         368  main.o(.bss)
    MyDevice2                                0x200005c8   Data         368  main.o(.bss)
    __initial_sp                             0x20000b38   Data           0  startup_stm32l053xx.o(STACK)



==============================================================================

Memory Map of the image

  Image Entry point : 0x080000c1

  Load Region LR_IROM1 (Base: 0x08000000, Size: 0x000058b4, Max: 0x00010000, ABSOLUTE, COMPRESSED[0x00005874])

    Execution Region ER_IROM1 (Exec base: 0x08000000, Load base: 0x08000000, Size: 0x000055e8, Max: 0x00010000, ABSOLUTE)

    Exec Addr    Load Addr    Size         Type   Attr      Idx    E Section Name        Object

    0x08000000   0x08000000   0x000000c0   Data   RO            3    RESET               startup_stm32l053xx.o
    0x080000c0   0x080000c0   0x00000000   Code   RO         3548  * .ARM.Collect$$$$00000000  mc_p.l(entry.o)
    0x080000c0   0x080000c0   0x00000004   Code   RO         3840    .ARM.Collect$$$$00000001  mc_p.l(entry2.o)
    0x080000c4   0x080000c4   0x00000004   Code   RO         3843    .ARM.Collect$$$$00000004  mc_p.l(entry5.o)
    0x080000c8   0x080000c8   0x00000000   Code   RO         3845    .ARM.Collect$$$$00000008  mc_p.l(entry7b.o)
    0x080000c8   0x080000c8   0x00000000   Code   RO         3847    .ARM.Collect$$$$0000000A  mc_p.l(entry8b.o)
    0x080000c8   0x080000c8   0x00000008   Code   RO         3848    .ARM.Collect$$$$0000000B  mc_p.l(entry9a.o)
    0x080000d0   0x080000d0   0x00000000   Code   RO         3850    .ARM.Collect$$$$0000000D  mc_p.l(entry10a.o)
    0x080000d0   0x080000d0   0x00000000   Code   RO         3852    .ARM.Collect$$$$0000000F  mc_p.l(entry11a.o)
    0x080000d0   0x080000d0   0x00000004   Code   RO         3841    .ARM.Collect$$$$00002712  mc_p.l(entry2.o)
    0x080000d4   0x080000d4   0x0000001c   Code   RO            4    .text               startup_stm32l053xx.o
    0x080000f0   0x080000f0   0x0000002c   Code   RO         3551    .text               mc_p.l(uidiv.o)
    0x0800011c   0x0800011c   0x00000028   Code   RO         3553    .text               mc_p.l(idiv.o)
    0x08000144   0x08000144   0x00000060   Code   RO         3555    .text               mc_p.l(uldiv.o)
    0x080001a4   0x080001a4   0x0000007a   Code   RO         3557    .text               mc_p.l(llmul.o)
    0x0800021e   0x0800021e   0x00000024   Code   RO         3559    .text               mc_p.l(memcpya.o)
    0x08000242   0x08000242   0x00000024   Code   RO         3561    .text               mc_p.l(memseta.o)
    0x08000266   0x08000266   0x0000000e   Code   RO         3563    .text               mc_p.l(strlen.o)
    0x08000274   0x08000274   0x00000012   Code   RO         3565    .text               mc_p.l(strcpy.o)
    0x08000286   0x08000286   0x00000002   PAD
    0x08000288   0x08000288   0x000000f0   Code   RO         3830    .text               mf_p.l(ddiv.o)
    0x08000378   0x08000378   0x0000002c   Code   RO         3832    .text               mf_p.l(dscalb.o)
    0x080003a4   0x080003a4   0x0000001c   Code   RO         3834    .text               mf_p.l(dfltui.o)
    0x080003c0   0x080003c0   0x00000028   Code   RO         3836    .text               mf_p.l(f2d.o)
    0x080003e8   0x080003e8   0x00000038   Code   RO         3838    .text               mf_p.l(d2f.o)
    0x08000420   0x08000420   0x00000020   Code   RO         3857    .text               mc_p.l(llshl.o)
    0x08000440   0x08000440   0x00000022   Code   RO         3859    .text               mc_p.l(llushr.o)
    0x08000462   0x08000462   0x00000000   Code   RO         3861    .text               mc_p.l(iusefp.o)
    0x08000462   0x08000462   0x00000082   Code   RO         3862    .text               mf_p.l(fepilogue.o)
    0x080004e4   0x080004e4   0x000000be   Code   RO         3864    .text               mf_p.l(depilogue.o)
    0x080005a2   0x080005a2   0x00000002   PAD
    0x080005a4   0x080005a4   0x00000164   Code   RO         3868    .text               mf_p.l(dadd.o)
    0x08000708   0x08000708   0x000000d0   Code   RO         3870    .text               mf_p.l(dmul.o)
    0x080007d8   0x080007d8   0x00000040   Code   RO         3872    .text               mf_p.l(dfixul.o)
    0x08000818   0x08000818   0x00000028   Code   RO         3874    .text               mf_p.l(cdrcmple.o)
    0x08000840   0x08000840   0x00000024   Code   RO         3876    .text               mc_p.l(init.o)
    0x08000864   0x08000864   0x00000026   Code   RO         3879    .text               mc_p.l(llsshr.o)
    0x0800088a   0x0800088a   0x00000060   Code   RO         3890    .text               mc_p.l(__dclz77c.o)
    0x080008ea   0x080008ea   0x0000001c   Code   RO         2425    i.HAL_Delay         stm32l0xx_hal.o
    0x08000906   0x08000906   0x00000002   PAD
    0x08000908   0x08000908   0x00000178   Code   RO         3082    i.HAL_GPIO_Init     stm32l0xx_hal_gpio.o
    0x08000a80   0x08000a80   0x0000000c   Code   RO         3086    i.HAL_GPIO_WritePin  stm32l0xx_hal_gpio.o
    0x08000a8c   0x08000a8c   0x0000000c   Code   RO         2429    i.HAL_GetTick       stm32l0xx_hal.o
    0x08000a98   0x08000a98   0x0000004a   Code   RO         1924    i.HAL_I2CEx_ConfigAnalogFilter  stm32l0xx_hal_i2c_ex.o
    0x08000ae2   0x08000ae2   0x00000048   Code   RO         1925    i.HAL_I2CEx_ConfigDigitalFilter  stm32l0xx_hal_i2c_ex.o
    0x08000b2a   0x08000b2a   0x00000002   PAD
    0x08000b2c   0x08000b2c   0x000000b4   Code   RO         1482    i.HAL_I2C_Init      stm32l0xx_hal_i2c.o
    0x08000be0   0x08000be0   0x00000110   Code   RO         1488    i.HAL_I2C_Master_Receive  stm32l0xx_hal_i2c.o
    0x08000cf0   0x08000cf0   0x00000110   Code   RO         1495    i.HAL_I2C_Master_Transmit  stm32l0xx_hal_i2c.o
    0x08000e00   0x08000e00   0x0000005c   Code   RO         1428    i.HAL_I2C_MspInit   stm32l0xx_hal_msp.o
    0x08000e5c   0x08000e5c   0x00000010   Code   RO         2433    i.HAL_IncTick       stm32l0xx_hal.o
    0x08000e6c   0x08000e6c   0x00000028   Code   RO         2434    i.HAL_Init          stm32l0xx_hal.o
    0x08000e94   0x08000e94   0x00000030   Code   RO         2435    i.HAL_InitTick      stm32l0xx_hal.o
    0x08000ec4   0x08000ec4   0x00000018   Code   RO         1429    i.HAL_MspInit       stm32l0xx_hal_msp.o
    0x08000edc   0x08000edc   0x00000008   Code   RO         3413    i.HAL_NVIC_SetPriority  stm32l0xx_hal_cortex.o
    0x08000ee4   0x08000ee4   0x00000198   Code   RO         2714    i.HAL_RCCEx_PeriphCLKConfig  stm32l0xx_hal_rcc_ex.o
    0x0800107c   0x0800107c   0x0000016c   Code   RO         2605    i.HAL_RCC_ClockConfig  stm32l0xx_hal_rcc.o
    0x080011e8   0x080011e8   0x00000020   Code   RO         2611    i.HAL_RCC_GetPCLK1Freq  stm32l0xx_hal_rcc.o
    0x08001208   0x08001208   0x00000020   Code   RO         2612    i.HAL_RCC_GetPCLK2Freq  stm32l0xx_hal_rcc.o
    0x08001228   0x08001228   0x00000078   Code   RO         2613    i.HAL_RCC_GetSysClockFreq  stm32l0xx_hal_rcc.o
    0x080012a0   0x080012a0   0x00000486   Code   RO         2616    i.HAL_RCC_OscConfig  stm32l0xx_hal_rcc.o
    0x08001726   0x08001726   0x00000002   PAD
    0x08001728   0x08001728   0x00000030   Code   RO         3417    i.HAL_SYSTICK_Config  stm32l0xx_hal_cortex.o
    0x08001758   0x08001758   0x0000006a   Code   RO         2028    i.HAL_UART_Init     stm32l0xx_hal_uart.o
    0x080017c2   0x080017c2   0x00000002   PAD
    0x080017c4   0x080017c4   0x0000005c   Code   RO         1431    i.HAL_UART_MspInit  stm32l0xx_hal_msp.o
    0x08001820   0x08001820   0x000000ce   Code   RO         2036    i.HAL_UART_Transmit  stm32l0xx_hal_uart.o
    0x080018ee   0x080018ee   0x00000002   Code   RO         1380    i.HardFault_Handler  stm32l0xx_it.o
    0x080018f0   0x080018f0   0x00000022   Code   RO         1529    i.I2C_Flush_TXDR    stm32l0xx_hal_i2c.o
    0x08001912   0x08001912   0x00000002   PAD
    0x08001914   0x08001914   0x00000070   Code   RO         1537    i.I2C_IsAcknowledgeFailed  stm32l0xx_hal_i2c.o
    0x08001984   0x08001984   0x00000028   Code   RO         1544    i.I2C_TransferConfig  stm32l0xx_hal_i2c.o
    0x080019ac   0x080019ac   0x0000004e   Code   RO         1545    i.I2C_WaitOnFlagUntilTimeout  stm32l0xx_hal_i2c.o
    0x080019fa   0x080019fa   0x00000002   PAD
    0x080019fc   0x080019fc   0x00000080   Code   RO         1546    i.I2C_WaitOnRXNEFlagUntilTimeout  stm32l0xx_hal_i2c.o
    0x08001a7c   0x08001a7c   0x0000004c   Code   RO         1547    i.I2C_WaitOnSTOPFlagUntilTimeout  stm32l0xx_hal_i2c.o
    0x08001ac8   0x08001ac8   0x00000050   Code   RO         1548    i.I2C_WaitOnTXISFlagUntilTimeout  stm32l0xx_hal_i2c.o
    0x08001b18   0x08001b18   0x00000074   Code   RO         1301    i.MX_GPIO_Init      main.o
    0x08001b8c   0x08001b8c   0x0000003c   Code   RO         1302    i.MX_I2C1_Init      main.o
    0x08001bc8   0x08001bc8   0x00000030   Code   RO         1303    i.MX_USART2_UART_Init  main.o
    0x08001bf8   0x08001bf8   0x00000002   Code   RO         1381    i.NMI_Handler       stm32l0xx_it.o
    0x08001bfa   0x08001bfa   0x00000002   PAD
    0x08001bfc   0x08001bfc   0x00000044   Code   RO         3419    i.NVIC_SetPriority  stm32l0xx_hal_cortex.o
    0x08001c40   0x08001c40   0x00000002   Code   RO         1382    i.PendSV_Handler    stm32l0xx_it.o
    0x08001c42   0x08001c42   0x00000002   Code   RO         1383    i.SVC_Handler       stm32l0xx_it.o
    0x08001c44   0x08001c44   0x00000008   Code   RO         1384    i.SysTick_Handler   stm32l0xx_it.o
    0x08001c4c   0x08001c4c   0x00000070   Code   RO         1304    i.SystemClock_Config  main.o
    0x08001cbc   0x08001cbc   0x00000054   Code   RO         3517    i.SystemInit        system_stm32l0xx.o
    0x08001d10   0x08001d10   0x000000ca   Code   RO         2041    i.UART_AdvFeatureConfig  stm32l0xx_hal_uart.o
    0x08001dda   0x08001dda   0x00000002   PAD
    0x08001ddc   0x08001ddc   0x00000060   Code   RO         2042    i.UART_CheckIdleState  stm32l0xx_hal_uart.o
    0x08001e3c   0x08001e3c   0x00000228   Code   RO         2057    i.UART_SetConfig    stm32l0xx_hal_uart.o
    0x08002064   0x08002064   0x00000062   Code   RO         2060    i.UART_WaitOnFlagUntilTimeout  stm32l0xx_hal_uart.o
    0x080020c6   0x080020c6   0x00000002   PAD
    0x080020c8   0x080020c8   0x0000007c   Code   RO           12    i.VL53L0X_CheckAndLoadInterruptSettings  vl53l0x_api.o
    0x08002144   0x08002144   0x0000004c   Code   RO           13    i.VL53L0X_ClearInterruptMask  vl53l0x_api.o
    0x08002190   0x08002190   0x00000188   Code   RO           14    i.VL53L0X_DataInit  vl53l0x_api.o
    0x08002318   0x08002318   0x00000008   Code   RO           18    i.VL53L0X_GetDeviceInfo  vl53l0x_api.o
    0x08002320   0x08002320   0x0000007c   Code   RO           20    i.VL53L0X_GetDeviceParameters  vl53l0x_api.o
    0x0800239c   0x0800239c   0x0000001a   Code   RO           22    i.VL53L0X_GetFractionEnable  vl53l0x_api.o
    0x080023b6   0x080023b6   0x0000003a   Code   RO           26    i.VL53L0X_GetInterMeasurementPeriodMilliSeconds  vl53l0x_api.o
    0x080023f0   0x080023f0   0x00000022   Code   RO           27    i.VL53L0X_GetInterruptMaskStatus  vl53l0x_api.o
    0x08002412   0x08002412   0x00000034   Code   RO           28    i.VL53L0X_GetInterruptThresholds  vl53l0x_api.o
    0x08002446   0x08002446   0x00000018   Code   RO           30    i.VL53L0X_GetLimitCheckEnable  vl53l0x_api.o
    0x0800245e   0x0800245e   0x00000076   Code   RO           33    i.VL53L0X_GetLimitCheckValue  vl53l0x_api.o
    0x080024d4   0x080024d4   0x0000003a   Code   RO           36    i.VL53L0X_GetMeasurementDataReady  vl53l0x_api.o
    0x0800250e   0x0800250e   0x00000008   Code   RO           38    i.VL53L0X_GetMeasurementTimingBudgetMicroSeconds  vl53l0x_api.o
    0x08002516   0x08002516   0x00000008   Code   RO           42    i.VL53L0X_GetOffsetCalibrationDataMicroMeter  vl53l0x_api.o
    0x0800251e   0x0800251e   0x00000002   PAD
    0x08002520   0x08002520   0x00000134   Code   RO           50    i.VL53L0X_GetRangingMeasurementData  vl53l0x_api.o
    0x08002654   0x08002654   0x00000072   Code   RO           54    i.VL53L0X_GetSequenceStepEnables  vl53l0x_api.o
    0x080026c6   0x080026c6   0x00000008   Code   RO           63    i.VL53L0X_GetVcselPulsePeriod  vl53l0x_api.o
    0x080026ce   0x080026ce   0x0000002e   Code   RO           65    i.VL53L0X_GetWrapAroundCheckEnable  vl53l0x_api.o
    0x080026fc   0x080026fc   0x0000000a   Code   RO           66    i.VL53L0X_GetXTalkCompensationEnable  vl53l0x_api.o
    0x08002706   0x08002706   0x0000002e   Code   RO           67    i.VL53L0X_GetXTalkCompensationRateMegaCps  vl53l0x_api.o
    0x08002734   0x08002734   0x0000000a   Code   RO           69    i.VL53L0X_PerformRefCalibration  vl53l0x_api.o
    0x0800273e   0x0800273e   0x00000008   Code   RO           70    i.VL53L0X_PerformRefSpadManagement  vl53l0x_api.o
    0x08002746   0x08002746   0x0000002e   Code   RO           72    i.VL53L0X_PerformSingleMeasurement  vl53l0x_api.o
    0x08002774   0x08002774   0x00000030   Code   RO           73    i.VL53L0X_PerformSingleRangingMeasurement  vl53l0x_api.o
    0x080027a4   0x080027a4   0x0000000e   Code   RO         1137    i.VL53L0X_PollingDelay  vl53l0x_platform.o
    0x080027b2   0x080027b2   0x0000002c   Code   RO         1138    i.VL53L0X_RdByte    vl53l0x_platform.o
    0x080027de   0x080027de   0x00000002   PAD
    0x080027e0   0x080027e0   0x0000004c   Code   RO         1139    i.VL53L0X_RdDWord   vl53l0x_platform.o
    0x0800282c   0x0800282c   0x00000040   Code   RO         1140    i.VL53L0X_RdWord    vl53l0x_platform.o
    0x0800286c   0x0800286c   0x00000032   Code   RO         1141    i.VL53L0X_ReadMulti  vl53l0x_platform.o
    0x0800289e   0x0800289e   0x0000000c   Code   RO           77    i.VL53L0X_SetDeviceAddress  vl53l0x_api.o
    0x080028aa   0x080028aa   0x00000026   Code   RO           78    i.VL53L0X_SetDeviceMode  vl53l0x_api.o
    0x080028d0   0x080028d0   0x00000136   Code   RO           81    i.VL53L0X_SetGpioConfig  vl53l0x_api.o
    0x08002a06   0x08002a06   0x00000024   Code   RO           85    i.VL53L0X_SetInterruptThresholds  vl53l0x_api.o
    0x08002a2a   0x08002a2a   0x0000007e   Code   RO           86    i.VL53L0X_SetLimitCheckEnable  vl53l0x_api.o
    0x08002aa8   0x08002aa8   0x00000052   Code   RO           87    i.VL53L0X_SetLimitCheckValue  vl53l0x_api.o
    0x08002afa   0x08002afa   0x00000008   Code   RO           89    i.VL53L0X_SetMeasurementTimingBudgetMicroSeconds  vl53l0x_api.o
    0x08002b02   0x08002b02   0x000000a2   Code   RO           96    i.VL53L0X_SetSequenceStepEnable  vl53l0x_api.o
    0x08002ba4   0x08002ba4   0x00000008   Code   RO          101    i.VL53L0X_SetVcselPulsePeriod  vl53l0x_api.o
    0x08002bac   0x08002bac   0x000000e0   Code   RO          105    i.VL53L0X_StartMeasurement  vl53l0x_api.o
    0x08002c8c   0x08002c8c   0x00000170   Code   RO          106    i.VL53L0X_StaticInit  vl53l0x_api.o
    0x08002dfc   0x08002dfc   0x00000028   Code   RO         1142    i.VL53L0X_UpdateByte  vl53l0x_platform.o
    0x08002e24   0x08002e24   0x00000028   Code   RO         1143    i.VL53L0X_WrByte    vl53l0x_platform.o
    0x08002e4c   0x08002e4c   0x0000002c   Code   RO         1145    i.VL53L0X_WrWord    vl53l0x_platform.o
    0x08002e78   0x08002e78   0x0000003c   Code   RO         1146    i.VL53L0X_WriteMulti  vl53l0x_platform.o
    0x08002eb4   0x08002eb4   0x000000f4   Code   RO          905    i.VL53L0X_calc_dmax  vl53l0x_api_core.o
    0x08002fa8   0x08002fa8   0x0000001c   Code   RO          906    i.VL53L0X_calc_macro_period_ps  vl53l0x_api_core.o
    0x08002fc4   0x08002fc4   0x00000260   Code   RO          907    i.VL53L0X_calc_sigma_estimate  vl53l0x_api_core.o
    0x08003224   0x08003224   0x00000028   Code   RO          908    i.VL53L0X_calc_timeout_mclks  vl53l0x_api_core.o
    0x0800324c   0x0800324c   0x0000002a   Code   RO          909    i.VL53L0X_calc_timeout_us  vl53l0x_api_core.o
    0x08003276   0x08003276   0x00000038   Code   RO         1075    i.VL53L0X_check_part_used  vl53l0x_api_strings.o
    0x080032ae   0x080032ae   0x0000000a   Code   RO          910    i.VL53L0X_decode_timeout  vl53l0x_api_core.o
    0x080032b8   0x080032b8   0x00000008   Code   RO          911    i.VL53L0X_decode_vcsel_period  vl53l0x_api_core.o
    0x080032c0   0x080032c0   0x00000046   Code   RO          912    i.VL53L0X_device_read_strobe  vl53l0x_api_core.o
    0x08003306   0x08003306   0x00000022   Code   RO          913    i.VL53L0X_encode_timeout  vl53l0x_api_core.o
    0x08003328   0x08003328   0x00000008   Code   RO          914    i.VL53L0X_encode_vcsel_period  vl53l0x_api_core.o
    0x08003330   0x08003330   0x000000b4   Code   RO         1077    i.VL53L0X_get_device_info  vl53l0x_api_strings.o
    0x080033e4   0x080033e4   0x000004c4   Code   RO          915    i.VL53L0X_get_info_from_device  vl53l0x_api_core.o
    0x080038a8   0x080038a8   0x000000e4   Code   RO          916    i.VL53L0X_get_measurement_timing_budget_micro_seconds  vl53l0x_api_core.o
    0x0800398c   0x0800398c   0x0000003c   Code   RO          753    i.VL53L0X_get_offset_calibration_data_micro_meter  vl53l0x_api_calibration.o
    0x080039c8   0x080039c8   0x00000202   Code   RO          917    i.VL53L0X_get_pal_range_status  vl53l0x_api_core.o
    0x08003bca   0x08003bca   0x0000001c   Code   RO          918    i.VL53L0X_get_total_signal_rate  vl53l0x_api_core.o
    0x08003be6   0x08003be6   0x0000002e   Code   RO          919    i.VL53L0X_get_total_xtalk_rate  vl53l0x_api_core.o
    0x08003c14   0x08003c14   0x00000032   Code   RO          920    i.VL53L0X_get_vcsel_pulse_period  vl53l0x_api_core.o
    0x08003c46   0x08003c46   0x0000002a   Code   RO          921    i.VL53L0X_isqrt     vl53l0x_api_core.o
    0x08003c70   0x08003c70   0x000000a4   Code   RO          922    i.VL53L0X_load_tuning_settings  vl53l0x_api_core.o
    0x08003d14   0x08003d14   0x00000036   Code   RO          923    i.VL53L0X_measurement_poll_for_completion  vl53l0x_api_core.o
    0x08003d4a   0x08003d4a   0x00000070   Code   RO          757    i.VL53L0X_perform_phase_calibration  vl53l0x_api_calibration.o
    0x08003dba   0x08003dba   0x00000040   Code   RO          758    i.VL53L0X_perform_ref_calibration  vl53l0x_api_calibration.o
    0x08003dfa   0x08003dfa   0x00000246   Code   RO          759    i.VL53L0X_perform_ref_spad_management  vl53l0x_api_calibration.o
    0x08004040   0x08004040   0x00000038   Code   RO          760    i.VL53L0X_perform_single_ref_calibration  vl53l0x_api_calibration.o
    0x08004078   0x08004078   0x00000074   Code   RO          761    i.VL53L0X_perform_vhv_calibration  vl53l0x_api_calibration.o
    0x080040ec   0x080040ec   0x000000ae   Code   RO          763    i.VL53L0X_ref_calibration_io  vl53l0x_api_calibration.o
    0x0800419a   0x0800419a   0x00000002   PAD
    0x0800419c   0x0800419c   0x000000e8   Code   RO          926    i.VL53L0X_set_measurement_timing_budget_micro_seconds  vl53l0x_api_core.o
    0x08004284   0x08004284   0x000000b4   Code   RO          766    i.VL53L0X_set_reference_spads  vl53l0x_api_calibration.o
    0x08004338   0x08004338   0x0000025c   Code   RO          927    i.VL53L0X_set_vcsel_pulse_period  vl53l0x_api_core.o
    0x08004594   0x08004594   0x00000108   Code   RO         1223    i.VL53L0x_init      vl53l0x_driver.o
    0x0800469c   0x0800469c   0x00000024   Code   RO         1147    i._I2CRead          vl53l0x_platform.o
    0x080046c0   0x080046c0   0x00000020   Code   RO         1148    i._I2CWrite         vl53l0x_platform.o
    0x080046e0   0x080046e0   0x00000028   Code   RO         3804    i.__0sprintf        mc_p.l(printfa.o)
    0x08004708   0x08004708   0x0000002e   Code   RO         3866    i.__ARM_clz         mf_p.l(depilogue.o)
    0x08004736   0x08004736   0x0000001a   Code   RO          608    i.__ARM_common_switch8  vl53l0x_api.o
    0x08004750   0x08004750   0x0000000e   Code   RO         3884    i.__scatterload_copy  mc_p.l(handlers.o)
    0x0800475e   0x0800475e   0x00000002   Code   RO         3885    i.__scatterload_null  mc_p.l(handlers.o)
    0x08004760   0x08004760   0x0000000e   Code   RO         3886    i.__scatterload_zeroinit  mc_p.l(handlers.o)
    0x0800476e   0x0800476e   0x00000002   PAD
    0x08004770   0x08004770   0x00000174   Code   RO         3809    i._fp_digits        mc_p.l(printfa.o)
    0x080048e4   0x080048e4   0x000006ec   Code   RO         3810    i._printf_core      mc_p.l(printfa.o)
    0x08004fd0   0x08004fd0   0x00000020   Code   RO         3811    i._printf_post_padding  mc_p.l(printfa.o)
    0x08004ff0   0x08004ff0   0x0000002c   Code   RO         3812    i._printf_pre_padding  mc_p.l(printfa.o)
    0x0800501c   0x0800501c   0x0000000a   Code   RO         3814    i._sputc            mc_p.l(printfa.o)
    0x08005026   0x08005026   0x00000090   Code   RO          768    i.enable_ref_spads  vl53l0x_api_calibration.o
    0x080050b6   0x080050b6   0x0000002a   Code   RO          769    i.enable_spad_bit   vl53l0x_api_calibration.o
    0x080050e0   0x080050e0   0x00000030   Code   RO         1227    i.get_ambient       vl53l0x_driver.o
    0x08005110   0x08005110   0x0000001c   Code   RO         1228    i.get_distance_mm   vl53l0x_driver.o
    0x0800512c   0x0800512c   0x00000056   Code   RO          770    i.get_next_good_spad  vl53l0x_api_calibration.o
    0x08005182   0x08005182   0x0000000e   Code   RO          771    i.get_ref_spad_map  vl53l0x_api_calibration.o
    0x08005190   0x08005190   0x0000002c   Code   RO         1229    i.get_reflectance   vl53l0x_driver.o
    0x080051bc   0x080051bc   0x000000ec   Code   RO          928    i.get_sequence_step_timeout  vl53l0x_api_core.o
    0x080052a8   0x080052a8   0x00000022   Code   RO         1231    i.interrupt_config  vl53l0x_driver.o
    0x080052ca   0x080052ca   0x00000002   PAD
    0x080052cc   0x080052cc   0x00000018   Code   RO          772    i.is_aperture       vl53l0x_api_calibration.o
    0x080052e4   0x080052e4   0x0000010c   Code   RO         1305    i.main              main.o
    0x080053f0   0x080053f0   0x00000066   Code   RO          773    i.perform_ref_signal_measurement  vl53l0x_api_calibration.o
    0x08005456   0x08005456   0x00000034   Code   RO          110    i.sequence_step_enabled  vl53l0x_api.o
    0x0800548a   0x0800548a   0x0000000e   Code   RO          774    i.set_ref_spad_map  vl53l0x_api_calibration.o
    0x08005498   0x08005498   0x0000010c   Code   RO          929    i.set_sequence_step_timeout  vl53l0x_api_core.o
    0x080055a4   0x080055a4   0x00000019   Data   RO         3518    .constdata          system_stm32l0xx.o
    0x080055bd   0x080055bd   0x00000008   Data   RO         3519    .constdata          system_stm32l0xx.o
    0x080055c5   0x080055c5   0x00000003   PAD
    0x080055c8   0x080055c8   0x00000020   Data   RO         3882    Region$$Table       anon$$obj.o


    Execution Region RW_IRAM1 (Exec base: 0x20000000, Load base: 0x080055e8, Size: 0x00000b38, Max: 0x00002000, ABSOLUTE, COMPRESSED[0x0000028c])

    Exec Addr    Load Addr    Size         Type   Attr      Idx    E Section Name        Object

    0x20000000   COMPRESSED   0x000002a9   Data   RW          111    .data               vl53l0x_api.o
    0x200002a9   COMPRESSED   0x00000003   PAD
    0x200002ac   COMPRESSED   0x00000010   Data   RW          775    .data               vl53l0x_api_calibration.o
    0x200002bc   COMPRESSED   0x00000008   Data   RW         1235    .data               vl53l0x_driver.o
    0x200002c4   COMPRESSED   0x00000004   Data   RW         2444    .data               stm32l0xx_hal.o
    0x200002c8   COMPRESSED   0x00000004   Data   RW         3520    .data               system_stm32l0xx.o
    0x200002cc        -       0x00000040   Zero   RW         1149    .bss                vl53l0x_platform.o
    0x2000030c        -       0x00000080   Zero   RW         1232    .bss                vl53l0x_driver.o
    0x2000038c        -       0x000003ac   Zero   RW         1306    .bss                main.o
    0x20000738        -       0x00000400   Zero   RW            1    STACK               startup_stm32l053xx.o


==============================================================================

Image component sizes


      Code (inc. data)   RO Data    RW Data    ZI Data      Debug   Object Name

       604         94          0          0        940      19198   main.o
        28          8        192          0       1024        644   startup_stm32l053xx.o
       144         20          0          4          0       3823   stm32l0xx_hal.o
       124         18          0          0          0      10072   stm32l0xx_hal_cortex.o
       388         30          0          0          0       2396   stm32l0xx_hal_gpio.o
      1272         40          0          0          0      10454   stm32l0xx_hal_i2c.o
       146          0          0          0          0       1935   stm32l0xx_hal_i2c_ex.o
       208         28          0          0          0       2051   stm32l0xx_hal_msp.o
      1706         92          0          0          0       5640   stm32l0xx_hal_rcc.o
       408         12          0          0          0       1512   stm32l0xx_hal_rcc_ex.o
      1260         76          0          0          0       6549   stm32l0xx_hal_uart.o
        16          0          0          0          0       2151   stm32l0xx_it.o
        84         18         33          4          0       1239   system_stm32l0xx.o
      3206         86          0        681          0     393496   vl53l0x_api.o
      1770          8          0         16          0      16495   vl53l0x_api_calibration.o
      4778         70          0          0          0      28359   vl53l0x_api_core.o
       236         70          0          0          0       2476   vl53l0x_api_strings.o
       418         48          0          8        128       4280   vl53l0x_driver.o
       500         30          0          0         64       8829   vl53l0x_platform.o

    ----------------------------------------------------------------------
     17322        748        260        716       2156     521599   Object Totals
         0          0         32          0          0          0   (incl. Generated)
        26          0          3          3          0          0   (incl. Padding)

    ----------------------------------------------------------------------

      Code (inc. data)   RO Data    RW Data    ZI Data      Debug   Library Member Name

        96          0          0          0          0          0   __dclz77c.o
         0          0          0          0          0          0   entry.o
         0          0          0          0          0          0   entry10a.o
         0          0          0          0          0          0   entry11a.o
         8          4          0          0          0          0   entry2.o
         4          0          0          0          0          0   entry5.o
         0          0          0          0          0          0   entry7b.o
         0          0          0          0          0          0   entry8b.o
         8          4          0          0          0          0   entry9a.o
        30          0          0          0          0          0   handlers.o
        40          0          0          0          0         72   idiv.o
        36          8          0          0          0         68   init.o
         0          0          0          0          0          0   iusefp.o
       122          0          0          0          0         84   llmul.o
        32          0          0          0          0         68   llshl.o
        38          0          0          0          0         68   llsshr.o
        34          0          0          0          0         68   llushr.o
        36          0          0          0          0         60   memcpya.o
        36          0          0          0          0        100   memseta.o
      2270         94          0          0          0        472   printfa.o
        18          0          0          0          0         60   strcpy.o
        14          0          0          0          0         60   strlen.o
        44          0          0          0          0         72   uidiv.o
        96          0          0          0          0         84   uldiv.o
        40          2          0          0          0         68   cdrcmple.o
        56          0          0          0          0         68   d2f.o
       356          4          0          0          0        140   dadd.o
       240          6          0          0          0         84   ddiv.o
       236          0          0          0          0        216   depilogue.o
        64         10          0          0          0         68   dfixul.o
        28          4          0          0          0         68   dfltui.o
       208          6          0          0          0         88   dmul.o
        44          0          0          0          0         72   dscalb.o
        40          0          0          0          0         60   f2d.o
       130          0          0          0          0        144   fepilogue.o

    ----------------------------------------------------------------------
      4410        142          0          0          0       2412   Library Totals
         6          0          0          0          0          0   (incl. Padding)

    ----------------------------------------------------------------------

      Code (inc. data)   RO Data    RW Data    ZI Data      Debug   Library Name

      2962        110          0          0          0       1336   mc_p.l
      1442         32          0          0          0       1076   mf_p.l

    ----------------------------------------------------------------------
      4410        142          0          0          0       2412   Library Totals

    ----------------------------------------------------------------------

==============================================================================


      Code (inc. data)   RO Data    RW Data    ZI Data      Debug   

     21732        890        260        716       2156     516923   Grand Totals
     21732        890        260        652       2156     516923   ELF Image Totals (compressed)
     21732        890        260        652          0          0   ROM Totals

==============================================================================

    Total RO  Size (Code + RO Data)                21992 (  21.48kB)
    Total RW  Size (RW Data + ZI Data)              2872 (   2.80kB)
    Total ROM Size (Code + RO Data + RW Data)      22644 (  22.11kB)

==============================================================================

