<!doctype html public "-//w3c//dtd html 4.0 transitional//en">
<html><head>
<title>Static Call Graph - [sensor_proj_STM32L053\sensor_proj_STM32L053.axf]</title></head>
<body><HR>
<H1>Static Call Graph for image sensor_proj_STM32L053\sensor_proj_STM32L053.axf</H1><HR>
<BR><P>#&#060CALLGRAPH&#062# ARM Linker, 5060750: Last Updated: Thu Mar 07 21:08:37 2019
<BR><P>
<H3>Maximum Stack Usage =        728 bytes + Unknown(Cycles, Untraceable Function Pointers)</H3><H3>
Call chain for Maximum Stack Depth:</H3>
main &rArr; VL53L0x_init &rArr; VL53L0X_StaticInit &rArr; VL53L0X_perform_ref_spad_management &rArr; perform_ref_signal_measurement &rArr; VL53L0X_PerformSingleRangingMeasurement &rArr; VL53L0X_GetRangingMeasurementData &rArr; VL53L0X_get_pal_range_status &rArr; VL53L0X_calc_sigma_estimate &rArr; VL53L0X_calc_timeout_mclks &rArr; VL53L0X_calc_macro_period_ps &rArr; __aeabi_lmul &rArr; __aeabi_llsl
<P>
<H3>
Mutually Recursive functions
</H3> <LI><a href="#[12]">ADC1_COMP_IRQHandler</a>&nbsp;&nbsp;&nbsp;&rArr;&nbsp;&nbsp;&nbsp;<a href="#[12]">ADC1_COMP_IRQHandler</a><BR>
 <LI><a href="#[2]">HardFault_Handler</a>&nbsp;&nbsp;&nbsp;&rArr;&nbsp;&nbsp;&nbsp;<a href="#[2]">HardFault_Handler</a><BR>
</UL>
<P>
<H3>
Function Pointers
</H3><UL>
 <LI><a href="#[12]">ADC1_COMP_IRQHandler</a> from startup_stm32l053xx.o(.text) referenced from startup_stm32l053xx.o(RESET)
 <LI><a href="#[f]">DMA1_Channel1_IRQHandler</a> from startup_stm32l053xx.o(.text) referenced from startup_stm32l053xx.o(RESET)
 <LI><a href="#[10]">DMA1_Channel2_3_IRQHandler</a> from startup_stm32l053xx.o(.text) referenced from startup_stm32l053xx.o(RESET)
 <LI><a href="#[11]">DMA1_Channel4_5_6_7_IRQHandler</a> from startup_stm32l053xx.o(.text) referenced from startup_stm32l053xx.o(RESET)
 <LI><a href="#[b]">EXTI0_1_IRQHandler</a> from startup_stm32l053xx.o(.text) referenced from startup_stm32l053xx.o(RESET)
 <LI><a href="#[c]">EXTI2_3_IRQHandler</a> from startup_stm32l053xx.o(.text) referenced from startup_stm32l053xx.o(RESET)
 <LI><a href="#[d]">EXTI4_15_IRQHandler</a> from startup_stm32l053xx.o(.text) referenced from startup_stm32l053xx.o(RESET)
 <LI><a href="#[9]">FLASH_IRQHandler</a> from startup_stm32l053xx.o(.text) referenced from startup_stm32l053xx.o(RESET)
 <LI><a href="#[2]">HardFault_Handler</a> from stm32l0xx_it.o(i.HardFault_Handler) referenced from startup_stm32l053xx.o(RESET)
 <LI><a href="#[18]">I2C1_IRQHandler</a> from startup_stm32l053xx.o(.text) referenced from startup_stm32l053xx.o(RESET)
 <LI><a href="#[19]">I2C2_IRQHandler</a> from startup_stm32l053xx.o(.text) referenced from startup_stm32l053xx.o(RESET)
 <LI><a href="#[1f]">LCD_IRQHandler</a> from startup_stm32l053xx.o(.text) referenced from startup_stm32l053xx.o(RESET)
 <LI><a href="#[13]">LPTIM1_IRQHandler</a> from startup_stm32l053xx.o(.text) referenced from startup_stm32l053xx.o(RESET)
 <LI><a href="#[1]">NMI_Handler</a> from stm32l0xx_it.o(i.NMI_Handler) referenced from startup_stm32l053xx.o(RESET)
 <LI><a href="#[7]">PVD_IRQHandler</a> from startup_stm32l053xx.o(.text) referenced from startup_stm32l053xx.o(RESET)
 <LI><a href="#[4]">PendSV_Handler</a> from stm32l0xx_it.o(i.PendSV_Handler) referenced from startup_stm32l053xx.o(RESET)
 <LI><a href="#[a]">RCC_CRS_IRQHandler</a> from startup_stm32l053xx.o(.text) referenced from startup_stm32l053xx.o(RESET)
 <LI><a href="#[1e]">RNG_LPUART1_IRQHandler</a> from startup_stm32l053xx.o(.text) referenced from startup_stm32l053xx.o(RESET)
 <LI><a href="#[8]">RTC_IRQHandler</a> from startup_stm32l053xx.o(.text) referenced from startup_stm32l053xx.o(RESET)
 <LI><a href="#[0]">Reset_Handler</a> from startup_stm32l053xx.o(.text) referenced from startup_stm32l053xx.o(RESET)
 <LI><a href="#[1a]">SPI1_IRQHandler</a> from startup_stm32l053xx.o(.text) referenced from startup_stm32l053xx.o(RESET)
 <LI><a href="#[1b]">SPI2_IRQHandler</a> from startup_stm32l053xx.o(.text) referenced from startup_stm32l053xx.o(RESET)
 <LI><a href="#[3]">SVC_Handler</a> from stm32l0xx_it.o(i.SVC_Handler) referenced from startup_stm32l053xx.o(RESET)
 <LI><a href="#[5]">SysTick_Handler</a> from stm32l0xx_it.o(i.SysTick_Handler) referenced from startup_stm32l053xx.o(RESET)
 <LI><a href="#[22]">SystemInit</a> from system_stm32l0xx.o(i.SystemInit) referenced from startup_stm32l053xx.o(.text)
 <LI><a href="#[16]">TIM21_IRQHandler</a> from startup_stm32l053xx.o(.text) referenced from startup_stm32l053xx.o(RESET)
 <LI><a href="#[17]">TIM22_IRQHandler</a> from startup_stm32l053xx.o(.text) referenced from startup_stm32l053xx.o(RESET)
 <LI><a href="#[14]">TIM2_IRQHandler</a> from startup_stm32l053xx.o(.text) referenced from startup_stm32l053xx.o(RESET)
 <LI><a href="#[15]">TIM6_DAC_IRQHandler</a> from startup_stm32l053xx.o(.text) referenced from startup_stm32l053xx.o(RESET)
 <LI><a href="#[e]">TSC_IRQHandler</a> from startup_stm32l053xx.o(.text) referenced from startup_stm32l053xx.o(RESET)
 <LI><a href="#[1c]">USART1_IRQHandler</a> from startup_stm32l053xx.o(.text) referenced from startup_stm32l053xx.o(RESET)
 <LI><a href="#[1d]">USART2_IRQHandler</a> from startup_stm32l053xx.o(.text) referenced from startup_stm32l053xx.o(RESET)
 <LI><a href="#[20]">USB_IRQHandler</a> from startup_stm32l053xx.o(.text) referenced from startup_stm32l053xx.o(RESET)
 <LI><a href="#[6]">WWDG_IRQHandler</a> from startup_stm32l053xx.o(.text) referenced from startup_stm32l053xx.o(RESET)
 <LI><a href="#[23]">__main</a> from entry.o(.ARM.Collect$$$$00000000) referenced from startup_stm32l053xx.o(.text)
 <LI><a href="#[24]">_sputc</a> from printf1.o(i._sputc) referenced from printf1.o(i.__0sprintf$1)
 <LI><a href="#[21]">main</a> from main.o(i.main) referenced from entry9a.o(.ARM.Collect$$$$0000000B)
</UL>
<P>
<H3>
Global Symbols
</H3>
<P><STRONG><a name="[23]"></a>__main</STRONG> (Thumb, 0 bytes, Stack size unknown bytes, entry.o(.ARM.Collect$$$$00000000))
<BR>[Address Reference Count : 1]<UL><LI> startup_stm32l053xx.o(.text)
</UL>
<P><STRONG><a name="[be]"></a>_main_stk</STRONG> (Thumb, 0 bytes, Stack size unknown bytes, entry2.o(.ARM.Collect$$$$00000001))

<P><STRONG><a name="[25]"></a>_main_scatterload</STRONG> (Thumb, 0 bytes, Stack size unknown bytes, entry5.o(.ARM.Collect$$$$00000004))
<BR><BR>[Calls]<UL><LI><a href="#[26]">&gt;&gt;</a>&nbsp;&nbsp;&nbsp;__scatterload
</UL>

<P><STRONG><a name="[30]"></a>__main_after_scatterload</STRONG> (Thumb, 0 bytes, Stack size unknown bytes, entry5.o(.ARM.Collect$$$$00000004))
<BR><BR>[Called By]<UL><LI><a href="#[26]">&gt;&gt;</a>&nbsp;&nbsp;&nbsp;__scatterload
</UL>

<P><STRONG><a name="[bf]"></a>_main_clock</STRONG> (Thumb, 0 bytes, Stack size unknown bytes, entry7b.o(.ARM.Collect$$$$00000008))

<P><STRONG><a name="[c0]"></a>_main_cpp_init</STRONG> (Thumb, 0 bytes, Stack size unknown bytes, entry8b.o(.ARM.Collect$$$$0000000A))

<P><STRONG><a name="[c1]"></a>_main_init</STRONG> (Thumb, 0 bytes, Stack size unknown bytes, entry9a.o(.ARM.Collect$$$$0000000B))

<P><STRONG><a name="[c2]"></a>__rt_final_cpp</STRONG> (Thumb, 0 bytes, Stack size unknown bytes, entry10a.o(.ARM.Collect$$$$0000000D))

<P><STRONG><a name="[c3]"></a>__rt_final_exit</STRONG> (Thumb, 0 bytes, Stack size unknown bytes, entry11a.o(.ARM.Collect$$$$0000000F))

<P><STRONG><a name="[0]"></a>Reset_Handler</STRONG> (Thumb, 8 bytes, Stack size 0 bytes, startup_stm32l053xx.o(.text))
<BR>[Address Reference Count : 1]<UL><LI> startup_stm32l053xx.o(RESET)
</UL>
<P><STRONG><a name="[12]"></a>ADC1_COMP_IRQHandler</STRONG> (Thumb, 0 bytes, Stack size 0 bytes, startup_stm32l053xx.o(.text))
<BR><BR>[Calls]<UL><LI><a href="#[12]">&gt;&gt;</a>&nbsp;&nbsp;&nbsp;ADC1_COMP_IRQHandler
</UL>
<BR>[Called By]<UL><LI><a href="#[12]">&gt;&gt;</a>&nbsp;&nbsp;&nbsp;ADC1_COMP_IRQHandler
</UL>
<BR>[Address Reference Count : 1]<UL><LI> startup_stm32l053xx.o(RESET)
</UL>
<P><STRONG><a name="[f]"></a>DMA1_Channel1_IRQHandler</STRONG> (Thumb, 0 bytes, Stack size 0 bytes, startup_stm32l053xx.o(.text))
<BR>[Address Reference Count : 1]<UL><LI> startup_stm32l053xx.o(RESET)
</UL>
<P><STRONG><a name="[10]"></a>DMA1_Channel2_3_IRQHandler</STRONG> (Thumb, 0 bytes, Stack size 0 bytes, startup_stm32l053xx.o(.text))
<BR>[Address Reference Count : 1]<UL><LI> startup_stm32l053xx.o(RESET)
</UL>
<P><STRONG><a name="[11]"></a>DMA1_Channel4_5_6_7_IRQHandler</STRONG> (Thumb, 0 bytes, Stack size 0 bytes, startup_stm32l053xx.o(.text))
<BR>[Address Reference Count : 1]<UL><LI> startup_stm32l053xx.o(RESET)
</UL>
<P><STRONG><a name="[b]"></a>EXTI0_1_IRQHandler</STRONG> (Thumb, 0 bytes, Stack size 0 bytes, startup_stm32l053xx.o(.text))
<BR>[Address Reference Count : 1]<UL><LI> startup_stm32l053xx.o(RESET)
</UL>
<P><STRONG><a name="[c]"></a>EXTI2_3_IRQHandler</STRONG> (Thumb, 0 bytes, Stack size 0 bytes, startup_stm32l053xx.o(.text))
<BR>[Address Reference Count : 1]<UL><LI> startup_stm32l053xx.o(RESET)
</UL>
<P><STRONG><a name="[d]"></a>EXTI4_15_IRQHandler</STRONG> (Thumb, 0 bytes, Stack size 0 bytes, startup_stm32l053xx.o(.text))
<BR>[Address Reference Count : 1]<UL><LI> startup_stm32l053xx.o(RESET)
</UL>
<P><STRONG><a name="[9]"></a>FLASH_IRQHandler</STRONG> (Thumb, 0 bytes, Stack size 0 bytes, startup_stm32l053xx.o(.text))
<BR>[Address Reference Count : 1]<UL><LI> startup_stm32l053xx.o(RESET)
</UL>
<P><STRONG><a name="[18]"></a>I2C1_IRQHandler</STRONG> (Thumb, 0 bytes, Stack size 0 bytes, startup_stm32l053xx.o(.text))
<BR>[Address Reference Count : 1]<UL><LI> startup_stm32l053xx.o(RESET)
</UL>
<P><STRONG><a name="[19]"></a>I2C2_IRQHandler</STRONG> (Thumb, 0 bytes, Stack size 0 bytes, startup_stm32l053xx.o(.text))
<BR>[Address Reference Count : 1]<UL><LI> startup_stm32l053xx.o(RESET)
</UL>
<P><STRONG><a name="[1f]"></a>LCD_IRQHandler</STRONG> (Thumb, 0 bytes, Stack size 0 bytes, startup_stm32l053xx.o(.text))
<BR>[Address Reference Count : 1]<UL><LI> startup_stm32l053xx.o(RESET)
</UL>
<P><STRONG><a name="[13]"></a>LPTIM1_IRQHandler</STRONG> (Thumb, 0 bytes, Stack size 0 bytes, startup_stm32l053xx.o(.text))
<BR>[Address Reference Count : 1]<UL><LI> startup_stm32l053xx.o(RESET)
</UL>
<P><STRONG><a name="[7]"></a>PVD_IRQHandler</STRONG> (Thumb, 0 bytes, Stack size 0 bytes, startup_stm32l053xx.o(.text))
<BR>[Address Reference Count : 1]<UL><LI> startup_stm32l053xx.o(RESET)
</UL>
<P><STRONG><a name="[a]"></a>RCC_CRS_IRQHandler</STRONG> (Thumb, 0 bytes, Stack size 0 bytes, startup_stm32l053xx.o(.text))
<BR>[Address Reference Count : 1]<UL><LI> startup_stm32l053xx.o(RESET)
</UL>
<P><STRONG><a name="[1e]"></a>RNG_LPUART1_IRQHandler</STRONG> (Thumb, 0 bytes, Stack size 0 bytes, startup_stm32l053xx.o(.text))
<BR>[Address Reference Count : 1]<UL><LI> startup_stm32l053xx.o(RESET)
</UL>
<P><STRONG><a name="[8]"></a>RTC_IRQHandler</STRONG> (Thumb, 0 bytes, Stack size 0 bytes, startup_stm32l053xx.o(.text))
<BR>[Address Reference Count : 1]<UL><LI> startup_stm32l053xx.o(RESET)
</UL>
<P><STRONG><a name="[1a]"></a>SPI1_IRQHandler</STRONG> (Thumb, 0 bytes, Stack size 0 bytes, startup_stm32l053xx.o(.text))
<BR>[Address Reference Count : 1]<UL><LI> startup_stm32l053xx.o(RESET)
</UL>
<P><STRONG><a name="[1b]"></a>SPI2_IRQHandler</STRONG> (Thumb, 0 bytes, Stack size 0 bytes, startup_stm32l053xx.o(.text))
<BR>[Address Reference Count : 1]<UL><LI> startup_stm32l053xx.o(RESET)
</UL>
<P><STRONG><a name="[16]"></a>TIM21_IRQHandler</STRONG> (Thumb, 0 bytes, Stack size 0 bytes, startup_stm32l053xx.o(.text))
<BR>[Address Reference Count : 1]<UL><LI> startup_stm32l053xx.o(RESET)
</UL>
<P><STRONG><a name="[17]"></a>TIM22_IRQHandler</STRONG> (Thumb, 0 bytes, Stack size 0 bytes, startup_stm32l053xx.o(.text))
<BR>[Address Reference Count : 1]<UL><LI> startup_stm32l053xx.o(RESET)
</UL>
<P><STRONG><a name="[14]"></a>TIM2_IRQHandler</STRONG> (Thumb, 0 bytes, Stack size 0 bytes, startup_stm32l053xx.o(.text))
<BR>[Address Reference Count : 1]<UL><LI> startup_stm32l053xx.o(RESET)
</UL>
<P><STRONG><a name="[15]"></a>TIM6_DAC_IRQHandler</STRONG> (Thumb, 0 bytes, Stack size 0 bytes, startup_stm32l053xx.o(.text))
<BR>[Address Reference Count : 1]<UL><LI> startup_stm32l053xx.o(RESET)
</UL>
<P><STRONG><a name="[e]"></a>TSC_IRQHandler</STRONG> (Thumb, 0 bytes, Stack size 0 bytes, startup_stm32l053xx.o(.text))
<BR>[Address Reference Count : 1]<UL><LI> startup_stm32l053xx.o(RESET)
</UL>
<P><STRONG><a name="[1c]"></a>USART1_IRQHandler</STRONG> (Thumb, 0 bytes, Stack size 0 bytes, startup_stm32l053xx.o(.text))
<BR>[Address Reference Count : 1]<UL><LI> startup_stm32l053xx.o(RESET)
</UL>
<P><STRONG><a name="[1d]"></a>USART2_IRQHandler</STRONG> (Thumb, 0 bytes, Stack size 0 bytes, startup_stm32l053xx.o(.text))
<BR>[Address Reference Count : 1]<UL><LI> startup_stm32l053xx.o(RESET)
</UL>
<P><STRONG><a name="[20]"></a>USB_IRQHandler</STRONG> (Thumb, 0 bytes, Stack size 0 bytes, startup_stm32l053xx.o(.text))
<BR>[Address Reference Count : 1]<UL><LI> startup_stm32l053xx.o(RESET)
</UL>
<P><STRONG><a name="[6]"></a>WWDG_IRQHandler</STRONG> (Thumb, 0 bytes, Stack size 0 bytes, startup_stm32l053xx.o(.text))
<BR>[Address Reference Count : 1]<UL><LI> startup_stm32l053xx.o(RESET)
</UL>
<P><STRONG><a name="[c4]"></a>__aeabi_uidiv</STRONG> (Thumb, 0 bytes, Stack size 12 bytes, uidiv.o(.text), UNUSED)

<P><STRONG><a name="[28]"></a>__aeabi_uidivmod</STRONG> (Thumb, 44 bytes, Stack size 12 bytes, uidiv.o(.text))
<BR><BR>[Stack]<UL><LI>Max Depth = 12<LI>Call Chain = __aeabi_uidivmod
</UL>
<BR>[Called By]<UL><LI><a href="#[79]">&gt;&gt;</a>&nbsp;&nbsp;&nbsp;VL53L0X_get_pal_range_status
<LI><a href="#[77]">&gt;&gt;</a>&nbsp;&nbsp;&nbsp;VL53L0X_GetRangingMeasurementData
<LI><a href="#[69]">&gt;&gt;</a>&nbsp;&nbsp;&nbsp;VL53L0X_GetInterMeasurementPeriodMilliSeconds
<LI><a href="#[a1]">&gt;&gt;</a>&nbsp;&nbsp;&nbsp;VL53L0X_calc_timeout_us
<LI><a href="#[a0]">&gt;&gt;</a>&nbsp;&nbsp;&nbsp;VL53L0X_calc_timeout_mclks
<LI><a href="#[9d]">&gt;&gt;</a>&nbsp;&nbsp;&nbsp;VL53L0X_calc_sigma_estimate
<LI><a href="#[9a]">&gt;&gt;</a>&nbsp;&nbsp;&nbsp;VL53L0X_calc_dmax
<LI><a href="#[ae]">&gt;&gt;</a>&nbsp;&nbsp;&nbsp;get_next_good_spad
<LI><a href="#[af]">&gt;&gt;</a>&nbsp;&nbsp;&nbsp;enable_spad_bit
<LI><a href="#[3f]">&gt;&gt;</a>&nbsp;&nbsp;&nbsp;HAL_InitTick
<LI><a href="#[46]">&gt;&gt;</a>&nbsp;&nbsp;&nbsp;HAL_RCC_GetSysClockFreq
<LI><a href="#[4a]">&gt;&gt;</a>&nbsp;&nbsp;&nbsp;UART_SetConfig
<LI><a href="#[b6]">&gt;&gt;</a>&nbsp;&nbsp;&nbsp;_printf_core
<LI><a href="#[27]">&gt;&gt;</a>&nbsp;&nbsp;&nbsp;__aeabi_idivmod
</UL>

<P><STRONG><a name="[c5]"></a>__aeabi_idiv</STRONG> (Thumb, 0 bytes, Stack size 16 bytes, idiv.o(.text), UNUSED)

<P><STRONG><a name="[27]"></a>__aeabi_idivmod</STRONG> (Thumb, 40 bytes, Stack size 16 bytes, idiv.o(.text))
<BR><BR>[Stack]<UL><LI>Max Depth = 28<LI>Call Chain = __aeabi_idivmod &rArr; __aeabi_uidivmod
</UL>
<BR>[Calls]<UL><LI><a href="#[28]">&gt;&gt;</a>&nbsp;&nbsp;&nbsp;__aeabi_uidivmod
</UL>
<BR>[Called By]<UL><LI><a href="#[77]">&gt;&gt;</a>&nbsp;&nbsp;&nbsp;VL53L0X_GetRangingMeasurementData
</UL>

<P><STRONG><a name="[29]"></a>__aeabi_uldivmod</STRONG> (Thumb, 96 bytes, Stack size 48 bytes, uldiv.o(.text))
<BR><BR>[Stack]<UL><LI>Max Depth = 56<LI>Call Chain = __aeabi_uldivmod &rArr; __aeabi_llsr
</UL>
<BR>[Calls]<UL><LI><a href="#[2a]">&gt;&gt;</a>&nbsp;&nbsp;&nbsp;__aeabi_llsr
<LI><a href="#[2b]">&gt;&gt;</a>&nbsp;&nbsp;&nbsp;__aeabi_llsl
</UL>
<BR>[Called By]<UL><LI><a href="#[4a]">&gt;&gt;</a>&nbsp;&nbsp;&nbsp;UART_SetConfig
</UL>

<P><STRONG><a name="[2c]"></a>__aeabi_lmul</STRONG> (Thumb, 122 bytes, Stack size 64 bytes, llmul.o(.text))
<BR><BR>[Stack]<UL><LI>Max Depth = 72<LI>Call Chain = __aeabi_lmul &rArr; __aeabi_llsl
</UL>
<BR>[Calls]<UL><LI><a href="#[2b]">&gt;&gt;</a>&nbsp;&nbsp;&nbsp;__aeabi_llsl
</UL>
<BR>[Called By]<UL><LI><a href="#[9c]">&gt;&gt;</a>&nbsp;&nbsp;&nbsp;VL53L0X_calc_macro_period_ps
</UL>

<P><STRONG><a name="[c6]"></a>_ll_mul</STRONG> (Thumb, 0 bytes, Stack size 64 bytes, llmul.o(.text), UNUSED)

<P><STRONG><a name="[99]"></a>__aeabi_memcpy</STRONG> (Thumb, 36 bytes, Stack size 0 bytes, memcpya.o(.text))
<BR><BR>[Called By]<UL><LI><a href="#[98]">&gt;&gt;</a>&nbsp;&nbsp;&nbsp;VL53L0X_WriteMulti
</UL>

<P><STRONG><a name="[64]"></a>__aeabi_memcpy4</STRONG> (Thumb, 0 bytes, Stack size 0 bytes, memcpya.o(.text))
<BR><BR>[Called By]<UL><LI><a href="#[81]">&gt;&gt;</a>&nbsp;&nbsp;&nbsp;VL53L0X_perform_ref_spad_management
<LI><a href="#[94]">&gt;&gt;</a>&nbsp;&nbsp;&nbsp;VL53L0X_StaticInit
<LI><a href="#[77]">&gt;&gt;</a>&nbsp;&nbsp;&nbsp;VL53L0X_GetRangingMeasurementData
<LI><a href="#[62]">&gt;&gt;</a>&nbsp;&nbsp;&nbsp;VL53L0X_DataInit
</UL>

<P><STRONG><a name="[c7]"></a>__aeabi_memcpy8</STRONG> (Thumb, 0 bytes, Stack size 0 bytes, memcpya.o(.text), UNUSED)

<P><STRONG><a name="[2e]"></a>__aeabi_memset</STRONG> (Thumb, 14 bytes, Stack size 0 bytes, memseta.o(.text), UNUSED)
<BR><BR>[Called By]<UL><LI><a href="#[2f]">&gt;&gt;</a>&nbsp;&nbsp;&nbsp;_memset$wrapper
<LI><a href="#[2d]">&gt;&gt;</a>&nbsp;&nbsp;&nbsp;__aeabi_memclr
</UL>

<P><STRONG><a name="[c8]"></a>__aeabi_memset4</STRONG> (Thumb, 0 bytes, Stack size 0 bytes, memseta.o(.text), UNUSED)

<P><STRONG><a name="[c9]"></a>__aeabi_memset8</STRONG> (Thumb, 0 bytes, Stack size 0 bytes, memseta.o(.text), UNUSED)

<P><STRONG><a name="[2d]"></a>__aeabi_memclr</STRONG> (Thumb, 4 bytes, Stack size 0 bytes, memseta.o(.text), UNUSED)
<BR><BR>[Calls]<UL><LI><a href="#[2e]">&gt;&gt;</a>&nbsp;&nbsp;&nbsp;__aeabi_memset
</UL>

<P><STRONG><a name="[3c]"></a>__aeabi_memclr4</STRONG> (Thumb, 0 bytes, Stack size 0 bytes, memseta.o(.text))
<BR><BR>[Called By]<UL><LI><a href="#[94]">&gt;&gt;</a>&nbsp;&nbsp;&nbsp;VL53L0X_StaticInit
<LI><a href="#[49]">&gt;&gt;</a>&nbsp;&nbsp;&nbsp;HAL_UART_MspInit
<LI><a href="#[34]">&gt;&gt;</a>&nbsp;&nbsp;&nbsp;HAL_I2C_MspInit
<LI><a href="#[58]">&gt;&gt;</a>&nbsp;&nbsp;&nbsp;SystemClock_Config
<LI><a href="#[51]">&gt;&gt;</a>&nbsp;&nbsp;&nbsp;MX_GPIO_Init
</UL>

<P><STRONG><a name="[ca]"></a>__aeabi_memclr8</STRONG> (Thumb, 0 bytes, Stack size 0 bytes, memseta.o(.text), UNUSED)

<P><STRONG><a name="[2f]"></a>_memset$wrapper</STRONG> (Thumb, 18 bytes, Stack size 8 bytes, memseta.o(.text), UNUSED)
<BR><BR>[Calls]<UL><LI><a href="#[2e]">&gt;&gt;</a>&nbsp;&nbsp;&nbsp;__aeabi_memset
</UL>

<P><STRONG><a name="[bc]"></a>strlen</STRONG> (Thumb, 14 bytes, Stack size 0 bytes, strlen.o(.text))
<BR><BR>[Called By]<UL><LI><a href="#[21]">&gt;&gt;</a>&nbsp;&nbsp;&nbsp;main
</UL>

<P><STRONG><a name="[a3]"></a>strcpy</STRONG> (Thumb, 18 bytes, Stack size 0 bytes, strcpy.o(.text))
<BR><BR>[Called By]<UL><LI><a href="#[95]">&gt;&gt;</a>&nbsp;&nbsp;&nbsp;VL53L0X_get_info_from_device
<LI><a href="#[68]">&gt;&gt;</a>&nbsp;&nbsp;&nbsp;VL53L0X_get_device_info
<LI><a href="#[a2]">&gt;&gt;</a>&nbsp;&nbsp;&nbsp;VL53L0X_check_part_used
</UL>

<P><STRONG><a name="[2b]"></a>__aeabi_llsl</STRONG> (Thumb, 32 bytes, Stack size 8 bytes, llshl.o(.text))
<BR><BR>[Stack]<UL><LI>Max Depth = 8<LI>Call Chain = __aeabi_llsl
</UL>
<BR>[Called By]<UL><LI><a href="#[2c]">&gt;&gt;</a>&nbsp;&nbsp;&nbsp;__aeabi_lmul
<LI><a href="#[29]">&gt;&gt;</a>&nbsp;&nbsp;&nbsp;__aeabi_uldivmod
</UL>

<P><STRONG><a name="[cb]"></a>_ll_shift_l</STRONG> (Thumb, 0 bytes, Stack size 8 bytes, llshl.o(.text), UNUSED)

<P><STRONG><a name="[2a]"></a>__aeabi_llsr</STRONG> (Thumb, 34 bytes, Stack size 8 bytes, llushr.o(.text))
<BR><BR>[Stack]<UL><LI>Max Depth = 8<LI>Call Chain = __aeabi_llsr
</UL>
<BR>[Called By]<UL><LI><a href="#[29]">&gt;&gt;</a>&nbsp;&nbsp;&nbsp;__aeabi_uldivmod
</UL>

<P><STRONG><a name="[cc]"></a>_ll_ushift_r</STRONG> (Thumb, 0 bytes, Stack size 8 bytes, llushr.o(.text), UNUSED)

<P><STRONG><a name="[26]"></a>__scatterload</STRONG> (Thumb, 28 bytes, Stack size 0 bytes, init.o(.text))
<BR><BR>[Calls]<UL><LI><a href="#[30]">&gt;&gt;</a>&nbsp;&nbsp;&nbsp;__main_after_scatterload
</UL>
<BR>[Called By]<UL><LI><a href="#[25]">&gt;&gt;</a>&nbsp;&nbsp;&nbsp;_main_scatterload
</UL>

<P><STRONG><a name="[cd]"></a>__scatterload_rt2</STRONG> (Thumb, 0 bytes, Stack size 0 bytes, init.o(.text), UNUSED)

<P><STRONG><a name="[ce]"></a>__decompress</STRONG> (Thumb, 0 bytes, Stack size unknown bytes, __dclz77c.o(.text), UNUSED)

<P><STRONG><a name="[cf]"></a>__decompress2</STRONG> (Thumb, 96 bytes, Stack size unknown bytes, __dclz77c.o(.text), UNUSED)

<P><STRONG><a name="[31]"></a>HAL_Delay</STRONG> (Thumb, 28 bytes, Stack size 16 bytes, stm32l0xx_hal.o(i.HAL_Delay))
<BR><BR>[Stack]<UL><LI>Max Depth = 16<LI>Call Chain = HAL_Delay
</UL>
<BR>[Calls]<UL><LI><a href="#[32]">&gt;&gt;</a>&nbsp;&nbsp;&nbsp;HAL_GetTick
</UL>
<BR>[Called By]<UL><LI><a href="#[87]">&gt;&gt;</a>&nbsp;&nbsp;&nbsp;VL53L0X_PollingDelay
<LI><a href="#[21]">&gt;&gt;</a>&nbsp;&nbsp;&nbsp;main
</UL>

<P><STRONG><a name="[3d]"></a>HAL_GPIO_Init</STRONG> (Thumb, 346 bytes, Stack size 24 bytes, stm32l0xx_hal_gpio.o(i.HAL_GPIO_Init))
<BR><BR>[Stack]<UL><LI>Max Depth = 24<LI>Call Chain = HAL_GPIO_Init
</UL>
<BR>[Called By]<UL><LI><a href="#[49]">&gt;&gt;</a>&nbsp;&nbsp;&nbsp;HAL_UART_MspInit
<LI><a href="#[34]">&gt;&gt;</a>&nbsp;&nbsp;&nbsp;HAL_I2C_MspInit
<LI><a href="#[51]">&gt;&gt;</a>&nbsp;&nbsp;&nbsp;MX_GPIO_Init
</UL>

<P><STRONG><a name="[52]"></a>HAL_GPIO_WritePin</STRONG> (Thumb, 12 bytes, Stack size 0 bytes, stm32l0xx_hal_gpio.o(i.HAL_GPIO_WritePin))
<BR><BR>[Called By]<UL><LI><a href="#[21]">&gt;&gt;</a>&nbsp;&nbsp;&nbsp;main
<LI><a href="#[51]">&gt;&gt;</a>&nbsp;&nbsp;&nbsp;MX_GPIO_Init
<LI><a href="#[b3]">&gt;&gt;</a>&nbsp;&nbsp;&nbsp;VL53L0x_init
</UL>

<P><STRONG><a name="[32]"></a>HAL_GetTick</STRONG> (Thumb, 6 bytes, Stack size 0 bytes, stm32l0xx_hal.o(i.HAL_GetTick))
<BR><BR>[Called By]<UL><LI><a href="#[3b]">&gt;&gt;</a>&nbsp;&nbsp;&nbsp;I2C_WaitOnTXISFlagUntilTimeout
<LI><a href="#[39]">&gt;&gt;</a>&nbsp;&nbsp;&nbsp;I2C_WaitOnSTOPFlagUntilTimeout
<LI><a href="#[38]">&gt;&gt;</a>&nbsp;&nbsp;&nbsp;I2C_WaitOnRXNEFlagUntilTimeout
<LI><a href="#[36]">&gt;&gt;</a>&nbsp;&nbsp;&nbsp;I2C_WaitOnFlagUntilTimeout
<LI><a href="#[4f]">&gt;&gt;</a>&nbsp;&nbsp;&nbsp;I2C_IsAcknowledgeFailed
<LI><a href="#[4d]">&gt;&gt;</a>&nbsp;&nbsp;&nbsp;HAL_UART_Transmit
<LI><a href="#[47]">&gt;&gt;</a>&nbsp;&nbsp;&nbsp;HAL_RCC_OscConfig
<LI><a href="#[45]">&gt;&gt;</a>&nbsp;&nbsp;&nbsp;HAL_RCC_ClockConfig
<LI><a href="#[44]">&gt;&gt;</a>&nbsp;&nbsp;&nbsp;HAL_RCCEx_PeriphCLKConfig
<LI><a href="#[3a]">&gt;&gt;</a>&nbsp;&nbsp;&nbsp;HAL_I2C_Master_Transmit
<LI><a href="#[35]">&gt;&gt;</a>&nbsp;&nbsp;&nbsp;HAL_I2C_Master_Receive
<LI><a href="#[31]">&gt;&gt;</a>&nbsp;&nbsp;&nbsp;HAL_Delay
<LI><a href="#[4e]">&gt;&gt;</a>&nbsp;&nbsp;&nbsp;UART_WaitOnFlagUntilTimeout
<LI><a href="#[4c]">&gt;&gt;</a>&nbsp;&nbsp;&nbsp;UART_CheckIdleState
</UL>

<P><STRONG><a name="[54]"></a>HAL_I2CEx_ConfigAnalogFilter</STRONG> (Thumb, 74 bytes, Stack size 16 bytes, stm32l0xx_hal_i2c_ex.o(i.HAL_I2CEx_ConfigAnalogFilter))
<BR><BR>[Stack]<UL><LI>Max Depth = 16<LI>Call Chain = HAL_I2CEx_ConfigAnalogFilter
</UL>
<BR>[Called By]<UL><LI><a href="#[53]">&gt;&gt;</a>&nbsp;&nbsp;&nbsp;MX_I2C1_Init
</UL>

<P><STRONG><a name="[55]"></a>HAL_I2CEx_ConfigDigitalFilter</STRONG> (Thumb, 72 bytes, Stack size 16 bytes, stm32l0xx_hal_i2c_ex.o(i.HAL_I2CEx_ConfigDigitalFilter))
<BR><BR>[Stack]<UL><LI>Max Depth = 16<LI>Call Chain = HAL_I2CEx_ConfigDigitalFilter
</UL>
<BR>[Called By]<UL><LI><a href="#[53]">&gt;&gt;</a>&nbsp;&nbsp;&nbsp;MX_I2C1_Init
</UL>

<P><STRONG><a name="[33]"></a>HAL_I2C_Init</STRONG> (Thumb, 176 bytes, Stack size 16 bytes, stm32l0xx_hal_i2c.o(i.HAL_I2C_Init))
<BR><BR>[Stack]<UL><LI>Max Depth = 72<LI>Call Chain = HAL_I2C_Init &rArr; HAL_I2C_MspInit &rArr; HAL_GPIO_Init
</UL>
<BR>[Calls]<UL><LI><a href="#[34]">&gt;&gt;</a>&nbsp;&nbsp;&nbsp;HAL_I2C_MspInit
</UL>
<BR>[Called By]<UL><LI><a href="#[53]">&gt;&gt;</a>&nbsp;&nbsp;&nbsp;MX_I2C1_Init
</UL>

<P><STRONG><a name="[35]"></a>HAL_I2C_Master_Receive</STRONG> (Thumb, 262 bytes, Stack size 40 bytes, stm32l0xx_hal_i2c.o(i.HAL_I2C_Master_Receive))
<BR><BR>[Stack]<UL><LI>Max Depth = 104<LI>Call Chain = HAL_I2C_Master_Receive &rArr; I2C_WaitOnRXNEFlagUntilTimeout &rArr; I2C_IsAcknowledgeFailed
</UL>
<BR>[Calls]<UL><LI><a href="#[39]">&gt;&gt;</a>&nbsp;&nbsp;&nbsp;I2C_WaitOnSTOPFlagUntilTimeout
<LI><a href="#[38]">&gt;&gt;</a>&nbsp;&nbsp;&nbsp;I2C_WaitOnRXNEFlagUntilTimeout
<LI><a href="#[36]">&gt;&gt;</a>&nbsp;&nbsp;&nbsp;I2C_WaitOnFlagUntilTimeout
<LI><a href="#[37]">&gt;&gt;</a>&nbsp;&nbsp;&nbsp;I2C_TransferConfig
<LI><a href="#[32]">&gt;&gt;</a>&nbsp;&nbsp;&nbsp;HAL_GetTick
</UL>
<BR>[Called By]<UL><LI><a href="#[89]">&gt;&gt;</a>&nbsp;&nbsp;&nbsp;_I2CRead
</UL>

<P><STRONG><a name="[3a]"></a>HAL_I2C_Master_Transmit</STRONG> (Thumb, 262 bytes, Stack size 40 bytes, stm32l0xx_hal_i2c.o(i.HAL_I2C_Master_Transmit))
<BR><BR>[Stack]<UL><LI>Max Depth = 88<LI>Call Chain = HAL_I2C_Master_Transmit &rArr; I2C_WaitOnTXISFlagUntilTimeout &rArr; I2C_IsAcknowledgeFailed
</UL>
<BR>[Calls]<UL><LI><a href="#[3b]">&gt;&gt;</a>&nbsp;&nbsp;&nbsp;I2C_WaitOnTXISFlagUntilTimeout
<LI><a href="#[39]">&gt;&gt;</a>&nbsp;&nbsp;&nbsp;I2C_WaitOnSTOPFlagUntilTimeout
<LI><a href="#[36]">&gt;&gt;</a>&nbsp;&nbsp;&nbsp;I2C_WaitOnFlagUntilTimeout
<LI><a href="#[37]">&gt;&gt;</a>&nbsp;&nbsp;&nbsp;I2C_TransferConfig
<LI><a href="#[32]">&gt;&gt;</a>&nbsp;&nbsp;&nbsp;HAL_GetTick
</UL>
<BR>[Called By]<UL><LI><a href="#[88]">&gt;&gt;</a>&nbsp;&nbsp;&nbsp;_I2CWrite
</UL>

<P><STRONG><a name="[34]"></a>HAL_I2C_MspInit</STRONG> (Thumb, 78 bytes, Stack size 32 bytes, stm32l0xx_hal_msp.o(i.HAL_I2C_MspInit))
<BR><BR>[Stack]<UL><LI>Max Depth = 56<LI>Call Chain = HAL_I2C_MspInit &rArr; HAL_GPIO_Init
</UL>
<BR>[Calls]<UL><LI><a href="#[3d]">&gt;&gt;</a>&nbsp;&nbsp;&nbsp;HAL_GPIO_Init
<LI><a href="#[3c]">&gt;&gt;</a>&nbsp;&nbsp;&nbsp;__aeabi_memclr4
</UL>
<BR>[Called By]<UL><LI><a href="#[33]">&gt;&gt;</a>&nbsp;&nbsp;&nbsp;HAL_I2C_Init
</UL>

<P><STRONG><a name="[57]"></a>HAL_IncTick</STRONG> (Thumb, 10 bytes, Stack size 0 bytes, stm32l0xx_hal.o(i.HAL_IncTick))
<BR><BR>[Called By]<UL><LI><a href="#[5]">&gt;&gt;</a>&nbsp;&nbsp;&nbsp;SysTick_Handler
</UL>

<P><STRONG><a name="[3e]"></a>HAL_Init</STRONG> (Thumb, 36 bytes, Stack size 8 bytes, stm32l0xx_hal.o(i.HAL_Init))
<BR><BR>[Stack]<UL><LI>Max Depth = 36<LI>Call Chain = HAL_Init &rArr; HAL_InitTick &rArr; __aeabi_uidivmod
</UL>
<BR>[Calls]<UL><LI><a href="#[40]">&gt;&gt;</a>&nbsp;&nbsp;&nbsp;HAL_MspInit
<LI><a href="#[3f]">&gt;&gt;</a>&nbsp;&nbsp;&nbsp;HAL_InitTick
</UL>
<BR>[Called By]<UL><LI><a href="#[21]">&gt;&gt;</a>&nbsp;&nbsp;&nbsp;main
</UL>

<P><STRONG><a name="[3f]"></a>HAL_InitTick</STRONG> (Thumb, 44 bytes, Stack size 16 bytes, stm32l0xx_hal.o(i.HAL_InitTick))
<BR><BR>[Stack]<UL><LI>Max Depth = 28<LI>Call Chain = HAL_InitTick &rArr; __aeabi_uidivmod
</UL>
<BR>[Calls]<UL><LI><a href="#[41]">&gt;&gt;</a>&nbsp;&nbsp;&nbsp;HAL_SYSTICK_Config
<LI><a href="#[42]">&gt;&gt;</a>&nbsp;&nbsp;&nbsp;HAL_NVIC_SetPriority
<LI><a href="#[28]">&gt;&gt;</a>&nbsp;&nbsp;&nbsp;__aeabi_uidivmod
</UL>
<BR>[Called By]<UL><LI><a href="#[47]">&gt;&gt;</a>&nbsp;&nbsp;&nbsp;HAL_RCC_OscConfig
<LI><a href="#[45]">&gt;&gt;</a>&nbsp;&nbsp;&nbsp;HAL_RCC_ClockConfig
<LI><a href="#[3e]">&gt;&gt;</a>&nbsp;&nbsp;&nbsp;HAL_Init
</UL>

<P><STRONG><a name="[40]"></a>HAL_MspInit</STRONG> (Thumb, 20 bytes, Stack size 0 bytes, stm32l0xx_hal_msp.o(i.HAL_MspInit))
<BR><BR>[Called By]<UL><LI><a href="#[3e]">&gt;&gt;</a>&nbsp;&nbsp;&nbsp;HAL_Init
</UL>

<P><STRONG><a name="[42]"></a>HAL_NVIC_SetPriority</STRONG> (Thumb, 8 bytes, Stack size 8 bytes, stm32l0xx_hal_cortex.o(i.HAL_NVIC_SetPriority))
<BR><BR>[Stack]<UL><LI>Max Depth = 8<LI>Call Chain = HAL_NVIC_SetPriority
</UL>
<BR>[Calls]<UL><LI><a href="#[43]">&gt;&gt;</a>&nbsp;&nbsp;&nbsp;NVIC_SetPriority
</UL>
<BR>[Called By]<UL><LI><a href="#[3f]">&gt;&gt;</a>&nbsp;&nbsp;&nbsp;HAL_InitTick
</UL>

<P><STRONG><a name="[44]"></a>HAL_RCCEx_PeriphCLKConfig</STRONG> (Thumb, 396 bytes, Stack size 24 bytes, stm32l0xx_hal_rcc_ex.o(i.HAL_RCCEx_PeriphCLKConfig))
<BR><BR>[Stack]<UL><LI>Max Depth = 24<LI>Call Chain = HAL_RCCEx_PeriphCLKConfig
</UL>
<BR>[Calls]<UL><LI><a href="#[32]">&gt;&gt;</a>&nbsp;&nbsp;&nbsp;HAL_GetTick
</UL>
<BR>[Called By]<UL><LI><a href="#[58]">&gt;&gt;</a>&nbsp;&nbsp;&nbsp;SystemClock_Config
</UL>

<P><STRONG><a name="[45]"></a>HAL_RCC_ClockConfig</STRONG> (Thumb, 344 bytes, Stack size 24 bytes, stm32l0xx_hal_rcc.o(i.HAL_RCC_ClockConfig))
<BR><BR>[Stack]<UL><LI>Max Depth = 52<LI>Call Chain = HAL_RCC_ClockConfig &rArr; HAL_InitTick &rArr; __aeabi_uidivmod
</UL>
<BR>[Calls]<UL><LI><a href="#[3f]">&gt;&gt;</a>&nbsp;&nbsp;&nbsp;HAL_InitTick
<LI><a href="#[46]">&gt;&gt;</a>&nbsp;&nbsp;&nbsp;HAL_RCC_GetSysClockFreq
<LI><a href="#[32]">&gt;&gt;</a>&nbsp;&nbsp;&nbsp;HAL_GetTick
</UL>
<BR>[Called By]<UL><LI><a href="#[58]">&gt;&gt;</a>&nbsp;&nbsp;&nbsp;SystemClock_Config
</UL>

<P><STRONG><a name="[59]"></a>HAL_RCC_GetPCLK1Freq</STRONG> (Thumb, 20 bytes, Stack size 0 bytes, stm32l0xx_hal_rcc.o(i.HAL_RCC_GetPCLK1Freq))
<BR><BR>[Called By]<UL><LI><a href="#[4a]">&gt;&gt;</a>&nbsp;&nbsp;&nbsp;UART_SetConfig
</UL>

<P><STRONG><a name="[5b]"></a>HAL_RCC_GetPCLK2Freq</STRONG> (Thumb, 20 bytes, Stack size 0 bytes, stm32l0xx_hal_rcc.o(i.HAL_RCC_GetPCLK2Freq))
<BR><BR>[Called By]<UL><LI><a href="#[4a]">&gt;&gt;</a>&nbsp;&nbsp;&nbsp;UART_SetConfig
</UL>

<P><STRONG><a name="[46]"></a>HAL_RCC_GetSysClockFreq</STRONG> (Thumb, 100 bytes, Stack size 8 bytes, stm32l0xx_hal_rcc.o(i.HAL_RCC_GetSysClockFreq))
<BR><BR>[Stack]<UL><LI>Max Depth = 20<LI>Call Chain = HAL_RCC_GetSysClockFreq &rArr; __aeabi_uidivmod
</UL>
<BR>[Calls]<UL><LI><a href="#[28]">&gt;&gt;</a>&nbsp;&nbsp;&nbsp;__aeabi_uidivmod
</UL>
<BR>[Called By]<UL><LI><a href="#[47]">&gt;&gt;</a>&nbsp;&nbsp;&nbsp;HAL_RCC_OscConfig
<LI><a href="#[45]">&gt;&gt;</a>&nbsp;&nbsp;&nbsp;HAL_RCC_ClockConfig
<LI><a href="#[4a]">&gt;&gt;</a>&nbsp;&nbsp;&nbsp;UART_SetConfig
</UL>

<P><STRONG><a name="[47]"></a>HAL_RCC_OscConfig</STRONG> (Thumb, 1158 bytes, Stack size 32 bytes, stm32l0xx_hal_rcc.o(i.HAL_RCC_OscConfig))
<BR><BR>[Stack]<UL><LI>Max Depth = 60<LI>Call Chain = HAL_RCC_OscConfig &rArr; HAL_InitTick &rArr; __aeabi_uidivmod
</UL>
<BR>[Calls]<UL><LI><a href="#[3f]">&gt;&gt;</a>&nbsp;&nbsp;&nbsp;HAL_InitTick
<LI><a href="#[46]">&gt;&gt;</a>&nbsp;&nbsp;&nbsp;HAL_RCC_GetSysClockFreq
<LI><a href="#[32]">&gt;&gt;</a>&nbsp;&nbsp;&nbsp;HAL_GetTick
</UL>
<BR>[Called By]<UL><LI><a href="#[58]">&gt;&gt;</a>&nbsp;&nbsp;&nbsp;SystemClock_Config
</UL>

<P><STRONG><a name="[41]"></a>HAL_SYSTICK_Config</STRONG> (Thumb, 38 bytes, Stack size 8 bytes, stm32l0xx_hal_cortex.o(i.HAL_SYSTICK_Config))
<BR><BR>[Stack]<UL><LI>Max Depth = 8<LI>Call Chain = HAL_SYSTICK_Config
</UL>
<BR>[Calls]<UL><LI><a href="#[43]">&gt;&gt;</a>&nbsp;&nbsp;&nbsp;NVIC_SetPriority
</UL>
<BR>[Called By]<UL><LI><a href="#[3f]">&gt;&gt;</a>&nbsp;&nbsp;&nbsp;HAL_InitTick
</UL>

<P><STRONG><a name="[48]"></a>HAL_UART_Init</STRONG> (Thumb, 106 bytes, Stack size 8 bytes, stm32l0xx_hal_uart.o(i.HAL_UART_Init))
<BR><BR>[Stack]<UL><LI>Max Depth = 88<LI>Call Chain = HAL_UART_Init &rArr; UART_SetConfig &rArr; __aeabi_uldivmod &rArr; __aeabi_llsr
</UL>
<BR>[Calls]<UL><LI><a href="#[49]">&gt;&gt;</a>&nbsp;&nbsp;&nbsp;HAL_UART_MspInit
<LI><a href="#[4a]">&gt;&gt;</a>&nbsp;&nbsp;&nbsp;UART_SetConfig
<LI><a href="#[4c]">&gt;&gt;</a>&nbsp;&nbsp;&nbsp;UART_CheckIdleState
<LI><a href="#[4b]">&gt;&gt;</a>&nbsp;&nbsp;&nbsp;UART_AdvFeatureConfig
</UL>
<BR>[Called By]<UL><LI><a href="#[56]">&gt;&gt;</a>&nbsp;&nbsp;&nbsp;MX_USART2_UART_Init
</UL>

<P><STRONG><a name="[49]"></a>HAL_UART_MspInit</STRONG> (Thumb, 82 bytes, Stack size 32 bytes, stm32l0xx_hal_msp.o(i.HAL_UART_MspInit))
<BR><BR>[Stack]<UL><LI>Max Depth = 56<LI>Call Chain = HAL_UART_MspInit &rArr; HAL_GPIO_Init
</UL>
<BR>[Calls]<UL><LI><a href="#[3d]">&gt;&gt;</a>&nbsp;&nbsp;&nbsp;HAL_GPIO_Init
<LI><a href="#[3c]">&gt;&gt;</a>&nbsp;&nbsp;&nbsp;__aeabi_memclr4
</UL>
<BR>[Called By]<UL><LI><a href="#[48]">&gt;&gt;</a>&nbsp;&nbsp;&nbsp;HAL_UART_Init
</UL>

<P><STRONG><a name="[4d]"></a>HAL_UART_Transmit</STRONG> (Thumb, 206 bytes, Stack size 48 bytes, stm32l0xx_hal_uart.o(i.HAL_UART_Transmit))
<BR><BR>[Stack]<UL><LI>Max Depth = 88<LI>Call Chain = HAL_UART_Transmit &rArr; UART_WaitOnFlagUntilTimeout
</UL>
<BR>[Calls]<UL><LI><a href="#[4e]">&gt;&gt;</a>&nbsp;&nbsp;&nbsp;UART_WaitOnFlagUntilTimeout
<LI><a href="#[32]">&gt;&gt;</a>&nbsp;&nbsp;&nbsp;HAL_GetTick
</UL>
<BR>[Called By]<UL><LI><a href="#[21]">&gt;&gt;</a>&nbsp;&nbsp;&nbsp;main
</UL>

<P><STRONG><a name="[2]"></a>HardFault_Handler</STRONG> (Thumb, 2 bytes, Stack size 0 bytes, stm32l0xx_it.o(i.HardFault_Handler))
<BR><BR>[Calls]<UL><LI><a href="#[2]">&gt;&gt;</a>&nbsp;&nbsp;&nbsp;HardFault_Handler
</UL>
<BR>[Called By]<UL><LI><a href="#[2]">&gt;&gt;</a>&nbsp;&nbsp;&nbsp;HardFault_Handler
</UL>
<BR>[Address Reference Count : 1]<UL><LI> startup_stm32l053xx.o(RESET)
</UL>
<P><STRONG><a name="[1]"></a>NMI_Handler</STRONG> (Thumb, 2 bytes, Stack size 0 bytes, stm32l0xx_it.o(i.NMI_Handler))
<BR>[Address Reference Count : 1]<UL><LI> startup_stm32l053xx.o(RESET)
</UL>
<P><STRONG><a name="[4]"></a>PendSV_Handler</STRONG> (Thumb, 2 bytes, Stack size 0 bytes, stm32l0xx_it.o(i.PendSV_Handler))
<BR>[Address Reference Count : 1]<UL><LI> startup_stm32l053xx.o(RESET)
</UL>
<P><STRONG><a name="[3]"></a>SVC_Handler</STRONG> (Thumb, 2 bytes, Stack size 0 bytes, stm32l0xx_it.o(i.SVC_Handler))
<BR>[Address Reference Count : 1]<UL><LI> startup_stm32l053xx.o(RESET)
</UL>
<P><STRONG><a name="[5]"></a>SysTick_Handler</STRONG> (Thumb, 8 bytes, Stack size 8 bytes, stm32l0xx_it.o(i.SysTick_Handler))
<BR><BR>[Stack]<UL><LI>Max Depth = 8<LI>Call Chain = SysTick_Handler
</UL>
<BR>[Calls]<UL><LI><a href="#[57]">&gt;&gt;</a>&nbsp;&nbsp;&nbsp;HAL_IncTick
</UL>
<BR>[Address Reference Count : 1]<UL><LI> startup_stm32l053xx.o(RESET)
</UL>
<P><STRONG><a name="[58]"></a>SystemClock_Config</STRONG> (Thumb, 108 bytes, Stack size 120 bytes, main.o(i.SystemClock_Config))
<BR><BR>[Stack]<UL><LI>Max Depth = 180<LI>Call Chain = SystemClock_Config &rArr; HAL_RCC_OscConfig &rArr; HAL_InitTick &rArr; __aeabi_uidivmod
</UL>
<BR>[Calls]<UL><LI><a href="#[47]">&gt;&gt;</a>&nbsp;&nbsp;&nbsp;HAL_RCC_OscConfig
<LI><a href="#[45]">&gt;&gt;</a>&nbsp;&nbsp;&nbsp;HAL_RCC_ClockConfig
<LI><a href="#[44]">&gt;&gt;</a>&nbsp;&nbsp;&nbsp;HAL_RCCEx_PeriphCLKConfig
<LI><a href="#[3c]">&gt;&gt;</a>&nbsp;&nbsp;&nbsp;__aeabi_memclr4
</UL>
<BR>[Called By]<UL><LI><a href="#[21]">&gt;&gt;</a>&nbsp;&nbsp;&nbsp;main
</UL>

<P><STRONG><a name="[22]"></a>SystemInit</STRONG> (Thumb, 66 bytes, Stack size 0 bytes, system_stm32l0xx.o(i.SystemInit))
<BR>[Address Reference Count : 1]<UL><LI> startup_stm32l053xx.o(.text)
</UL>
<P><STRONG><a name="[4b]"></a>UART_AdvFeatureConfig</STRONG> (Thumb, 202 bytes, Stack size 8 bytes, stm32l0xx_hal_uart.o(i.UART_AdvFeatureConfig))
<BR><BR>[Stack]<UL><LI>Max Depth = 8<LI>Call Chain = UART_AdvFeatureConfig
</UL>
<BR>[Called By]<UL><LI><a href="#[48]">&gt;&gt;</a>&nbsp;&nbsp;&nbsp;HAL_UART_Init
</UL>

<P><STRONG><a name="[4c]"></a>UART_CheckIdleState</STRONG> (Thumb, 90 bytes, Stack size 24 bytes, stm32l0xx_hal_uart.o(i.UART_CheckIdleState))
<BR><BR>[Stack]<UL><LI>Max Depth = 64<LI>Call Chain = UART_CheckIdleState &rArr; UART_WaitOnFlagUntilTimeout
</UL>
<BR>[Calls]<UL><LI><a href="#[4e]">&gt;&gt;</a>&nbsp;&nbsp;&nbsp;UART_WaitOnFlagUntilTimeout
<LI><a href="#[32]">&gt;&gt;</a>&nbsp;&nbsp;&nbsp;HAL_GetTick
</UL>
<BR>[Called By]<UL><LI><a href="#[48]">&gt;&gt;</a>&nbsp;&nbsp;&nbsp;HAL_UART_Init
</UL>

<P><STRONG><a name="[4a]"></a>UART_SetConfig</STRONG> (Thumb, 506 bytes, Stack size 24 bytes, stm32l0xx_hal_uart.o(i.UART_SetConfig))
<BR><BR>[Stack]<UL><LI>Max Depth = 80<LI>Call Chain = UART_SetConfig &rArr; __aeabi_uldivmod &rArr; __aeabi_llsr
</UL>
<BR>[Calls]<UL><LI><a href="#[5a]">&gt;&gt;</a>&nbsp;&nbsp;&nbsp;__ARM_common_switch8
<LI><a href="#[46]">&gt;&gt;</a>&nbsp;&nbsp;&nbsp;HAL_RCC_GetSysClockFreq
<LI><a href="#[5b]">&gt;&gt;</a>&nbsp;&nbsp;&nbsp;HAL_RCC_GetPCLK2Freq
<LI><a href="#[59]">&gt;&gt;</a>&nbsp;&nbsp;&nbsp;HAL_RCC_GetPCLK1Freq
<LI><a href="#[29]">&gt;&gt;</a>&nbsp;&nbsp;&nbsp;__aeabi_uldivmod
<LI><a href="#[28]">&gt;&gt;</a>&nbsp;&nbsp;&nbsp;__aeabi_uidivmod
</UL>
<BR>[Called By]<UL><LI><a href="#[48]">&gt;&gt;</a>&nbsp;&nbsp;&nbsp;HAL_UART_Init
</UL>

<P><STRONG><a name="[4e]"></a>UART_WaitOnFlagUntilTimeout</STRONG> (Thumb, 98 bytes, Stack size 40 bytes, stm32l0xx_hal_uart.o(i.UART_WaitOnFlagUntilTimeout))
<BR><BR>[Stack]<UL><LI>Max Depth = 40<LI>Call Chain = UART_WaitOnFlagUntilTimeout
</UL>
<BR>[Calls]<UL><LI><a href="#[32]">&gt;&gt;</a>&nbsp;&nbsp;&nbsp;HAL_GetTick
</UL>
<BR>[Called By]<UL><LI><a href="#[4d]">&gt;&gt;</a>&nbsp;&nbsp;&nbsp;HAL_UART_Transmit
<LI><a href="#[4c]">&gt;&gt;</a>&nbsp;&nbsp;&nbsp;UART_CheckIdleState
</UL>

<P><STRONG><a name="[5c]"></a>VL53L0X_CheckAndLoadInterruptSettings</STRONG> (Thumb, 120 bytes, Stack size 24 bytes, vl53l0x_api.o(i.VL53L0X_CheckAndLoadInterruptSettings))
<BR><BR>[Stack]<UL><LI>Max Depth = 200<LI>Call Chain = VL53L0X_CheckAndLoadInterruptSettings &rArr; VL53L0X_GetInterruptThresholds &rArr; VL53L0X_RdWord &rArr; _I2CRead &rArr; HAL_I2C_Master_Receive &rArr; I2C_WaitOnRXNEFlagUntilTimeout &rArr; I2C_IsAcknowledgeFailed
</UL>
<BR>[Calls]<UL><LI><a href="#[5e]">&gt;&gt;</a>&nbsp;&nbsp;&nbsp;VL53L0X_load_tuning_settings
<LI><a href="#[5f]">&gt;&gt;</a>&nbsp;&nbsp;&nbsp;VL53L0X_WrByte
<LI><a href="#[5d]">&gt;&gt;</a>&nbsp;&nbsp;&nbsp;VL53L0X_GetInterruptThresholds
</UL>
<BR>[Called By]<UL><LI><a href="#[83]">&gt;&gt;</a>&nbsp;&nbsp;&nbsp;VL53L0X_StartMeasurement
</UL>

<P><STRONG><a name="[60]"></a>VL53L0X_ClearInterruptMask</STRONG> (Thumb, 76 bytes, Stack size 24 bytes, vl53l0x_api.o(i.VL53L0X_ClearInterruptMask))
<BR><BR>[Stack]<UL><LI>Max Depth = 176<LI>Call Chain = VL53L0X_ClearInterruptMask &rArr; VL53L0X_RdByte &rArr; _I2CRead &rArr; HAL_I2C_Master_Receive &rArr; I2C_WaitOnRXNEFlagUntilTimeout &rArr; I2C_IsAcknowledgeFailed
</UL>
<BR>[Calls]<UL><LI><a href="#[5f]">&gt;&gt;</a>&nbsp;&nbsp;&nbsp;VL53L0X_WrByte
<LI><a href="#[61]">&gt;&gt;</a>&nbsp;&nbsp;&nbsp;VL53L0X_RdByte
</UL>
<BR>[Called By]<UL><LI><a href="#[8b]">&gt;&gt;</a>&nbsp;&nbsp;&nbsp;VL53L0X_SetGpioConfig
<LI><a href="#[85]">&gt;&gt;</a>&nbsp;&nbsp;&nbsp;VL53L0X_PerformSingleRangingMeasurement
<LI><a href="#[b7]">&gt;&gt;</a>&nbsp;&nbsp;&nbsp;clear_interrupt
<LI><a href="#[a8]">&gt;&gt;</a>&nbsp;&nbsp;&nbsp;VL53L0X_perform_single_ref_calibration
</UL>

<P><STRONG><a name="[62]"></a>VL53L0X_DataInit</STRONG> (Thumb, 382 bytes, Stack size 88 bytes, vl53l0x_api.o(i.VL53L0X_DataInit))
<BR><BR>[Stack]<UL><LI>Max Depth = 432<LI>Call Chain = VL53L0X_DataInit &rArr; VL53L0X_GetDeviceParameters &rArr; VL53L0X_GetMeasurementTimingBudgetMicroSeconds &rArr; VL53L0X_get_measurement_timing_budget_micro_seconds &rArr; get_sequence_step_timeout &rArr; VL53L0X_GetVcselPulsePeriod &rArr; VL53L0X_get_vcsel_pulse_period &rArr; VL53L0X_RdByte &rArr; _I2CRead &rArr; HAL_I2C_Master_Receive &rArr; I2C_WaitOnRXNEFlagUntilTimeout &rArr; I2C_IsAcknowledgeFailed
</UL>
<BR>[Calls]<UL><LI><a href="#[5f]">&gt;&gt;</a>&nbsp;&nbsp;&nbsp;VL53L0X_WrByte
<LI><a href="#[61]">&gt;&gt;</a>&nbsp;&nbsp;&nbsp;VL53L0X_RdByte
<LI><a href="#[66]">&gt;&gt;</a>&nbsp;&nbsp;&nbsp;VL53L0X_SetLimitCheckValue
<LI><a href="#[65]">&gt;&gt;</a>&nbsp;&nbsp;&nbsp;VL53L0X_SetLimitCheckEnable
<LI><a href="#[63]">&gt;&gt;</a>&nbsp;&nbsp;&nbsp;VL53L0X_GetDeviceParameters
<LI><a href="#[64]">&gt;&gt;</a>&nbsp;&nbsp;&nbsp;__aeabi_memcpy4
</UL>
<BR>[Called By]<UL><LI><a href="#[b3]">&gt;&gt;</a>&nbsp;&nbsp;&nbsp;VL53L0x_init
</UL>

<P><STRONG><a name="[67]"></a>VL53L0X_GetDeviceInfo</STRONG> (Thumb, 8 bytes, Stack size 8 bytes, vl53l0x_api.o(i.VL53L0X_GetDeviceInfo))
<BR><BR>[Stack]<UL><LI>Max Depth = 344<LI>Call Chain = VL53L0X_GetDeviceInfo &rArr; VL53L0X_get_device_info &rArr; VL53L0X_check_part_used &rArr; VL53L0X_get_info_from_device &rArr; VL53L0X_device_read_strobe &rArr; VL53L0X_RdByte &rArr; _I2CRead &rArr; HAL_I2C_Master_Receive &rArr; I2C_WaitOnRXNEFlagUntilTimeout &rArr; I2C_IsAcknowledgeFailed
</UL>
<BR>[Calls]<UL><LI><a href="#[68]">&gt;&gt;</a>&nbsp;&nbsp;&nbsp;VL53L0X_get_device_info
</UL>
<BR>[Called By]<UL><LI><a href="#[b3]">&gt;&gt;</a>&nbsp;&nbsp;&nbsp;VL53L0x_init
</UL>

<P><STRONG><a name="[63]"></a>VL53L0X_GetDeviceParameters</STRONG> (Thumb, 124 bytes, Stack size 16 bytes, vl53l0x_api.o(i.VL53L0X_GetDeviceParameters))
<BR><BR>[Stack]<UL><LI>Max Depth = 344<LI>Call Chain = VL53L0X_GetDeviceParameters &rArr; VL53L0X_GetMeasurementTimingBudgetMicroSeconds &rArr; VL53L0X_get_measurement_timing_budget_micro_seconds &rArr; get_sequence_step_timeout &rArr; VL53L0X_GetVcselPulsePeriod &rArr; VL53L0X_get_vcsel_pulse_period &rArr; VL53L0X_RdByte &rArr; _I2CRead &rArr; HAL_I2C_Master_Receive &rArr; I2C_WaitOnRXNEFlagUntilTimeout &rArr; I2C_IsAcknowledgeFailed
</UL>
<BR>[Calls]<UL><LI><a href="#[6a]">&gt;&gt;</a>&nbsp;&nbsp;&nbsp;VL53L0X_GetXTalkCompensationRateMegaCps
<LI><a href="#[6e]">&gt;&gt;</a>&nbsp;&nbsp;&nbsp;VL53L0X_GetWrapAroundCheckEnable
<LI><a href="#[6b]">&gt;&gt;</a>&nbsp;&nbsp;&nbsp;VL53L0X_GetOffsetCalibrationDataMicroMeter
<LI><a href="#[6f]">&gt;&gt;</a>&nbsp;&nbsp;&nbsp;VL53L0X_GetMeasurementTimingBudgetMicroSeconds
<LI><a href="#[6c]">&gt;&gt;</a>&nbsp;&nbsp;&nbsp;VL53L0X_GetLimitCheckValue
<LI><a href="#[6d]">&gt;&gt;</a>&nbsp;&nbsp;&nbsp;VL53L0X_GetLimitCheckEnable
<LI><a href="#[69]">&gt;&gt;</a>&nbsp;&nbsp;&nbsp;VL53L0X_GetInterMeasurementPeriodMilliSeconds
</UL>
<BR>[Called By]<UL><LI><a href="#[94]">&gt;&gt;</a>&nbsp;&nbsp;&nbsp;VL53L0X_StaticInit
<LI><a href="#[62]">&gt;&gt;</a>&nbsp;&nbsp;&nbsp;VL53L0X_DataInit
</UL>

<P><STRONG><a name="[70]"></a>VL53L0X_GetFractionEnable</STRONG> (Thumb, 26 bytes, Stack size 8 bytes, vl53l0x_api.o(i.VL53L0X_GetFractionEnable))
<BR><BR>[Stack]<UL><LI>Max Depth = 160<LI>Call Chain = VL53L0X_GetFractionEnable &rArr; VL53L0X_RdByte &rArr; _I2CRead &rArr; HAL_I2C_Master_Receive &rArr; I2C_WaitOnRXNEFlagUntilTimeout &rArr; I2C_IsAcknowledgeFailed
</UL>
<BR>[Calls]<UL><LI><a href="#[61]">&gt;&gt;</a>&nbsp;&nbsp;&nbsp;VL53L0X_RdByte
</UL>
<BR>[Called By]<UL><LI><a href="#[94]">&gt;&gt;</a>&nbsp;&nbsp;&nbsp;VL53L0X_StaticInit
</UL>

<P><STRONG><a name="[69]"></a>VL53L0X_GetInterMeasurementPeriodMilliSeconds</STRONG> (Thumb, 58 bytes, Stack size 32 bytes, vl53l0x_api.o(i.VL53L0X_GetInterMeasurementPeriodMilliSeconds))
<BR><BR>[Stack]<UL><LI>Max Depth = 184<LI>Call Chain = VL53L0X_GetInterMeasurementPeriodMilliSeconds &rArr; VL53L0X_RdWord &rArr; _I2CRead &rArr; HAL_I2C_Master_Receive &rArr; I2C_WaitOnRXNEFlagUntilTimeout &rArr; I2C_IsAcknowledgeFailed
</UL>
<BR>[Calls]<UL><LI><a href="#[71]">&gt;&gt;</a>&nbsp;&nbsp;&nbsp;VL53L0X_RdWord
<LI><a href="#[72]">&gt;&gt;</a>&nbsp;&nbsp;&nbsp;VL53L0X_RdDWord
<LI><a href="#[28]">&gt;&gt;</a>&nbsp;&nbsp;&nbsp;__aeabi_uidivmod
</UL>
<BR>[Called By]<UL><LI><a href="#[63]">&gt;&gt;</a>&nbsp;&nbsp;&nbsp;VL53L0X_GetDeviceParameters
</UL>

<P><STRONG><a name="[73]"></a>VL53L0X_GetInterruptMaskStatus</STRONG> (Thumb, 34 bytes, Stack size 16 bytes, vl53l0x_api.o(i.VL53L0X_GetInterruptMaskStatus))
<BR><BR>[Stack]<UL><LI>Max Depth = 168<LI>Call Chain = VL53L0X_GetInterruptMaskStatus &rArr; VL53L0X_RdByte &rArr; _I2CRead &rArr; HAL_I2C_Master_Receive &rArr; I2C_WaitOnRXNEFlagUntilTimeout &rArr; I2C_IsAcknowledgeFailed
</UL>
<BR>[Calls]<UL><LI><a href="#[61]">&gt;&gt;</a>&nbsp;&nbsp;&nbsp;VL53L0X_RdByte
</UL>
<BR>[Called By]<UL><LI><a href="#[74]">&gt;&gt;</a>&nbsp;&nbsp;&nbsp;VL53L0X_GetMeasurementDataReady
</UL>

<P><STRONG><a name="[5d]"></a>VL53L0X_GetInterruptThresholds</STRONG> (Thumb, 52 bytes, Stack size 24 bytes, vl53l0x_api.o(i.VL53L0X_GetInterruptThresholds))
<BR><BR>[Stack]<UL><LI>Max Depth = 176<LI>Call Chain = VL53L0X_GetInterruptThresholds &rArr; VL53L0X_RdWord &rArr; _I2CRead &rArr; HAL_I2C_Master_Receive &rArr; I2C_WaitOnRXNEFlagUntilTimeout &rArr; I2C_IsAcknowledgeFailed
</UL>
<BR>[Calls]<UL><LI><a href="#[71]">&gt;&gt;</a>&nbsp;&nbsp;&nbsp;VL53L0X_RdWord
</UL>
<BR>[Called By]<UL><LI><a href="#[5c]">&gt;&gt;</a>&nbsp;&nbsp;&nbsp;VL53L0X_CheckAndLoadInterruptSettings
</UL>

<P><STRONG><a name="[6d]"></a>VL53L0X_GetLimitCheckEnable</STRONG> (Thumb, 24 bytes, Stack size 0 bytes, vl53l0x_api.o(i.VL53L0X_GetLimitCheckEnable))
<BR><BR>[Called By]<UL><LI><a href="#[79]">&gt;&gt;</a>&nbsp;&nbsp;&nbsp;VL53L0X_get_pal_range_status
<LI><a href="#[63]">&gt;&gt;</a>&nbsp;&nbsp;&nbsp;VL53L0X_GetDeviceParameters
</UL>

<P><STRONG><a name="[6c]"></a>VL53L0X_GetLimitCheckValue</STRONG> (Thumb, 118 bytes, Stack size 24 bytes, vl53l0x_api.o(i.VL53L0X_GetLimitCheckValue))
<BR><BR>[Stack]<UL><LI>Max Depth = 176<LI>Call Chain = VL53L0X_GetLimitCheckValue &rArr; VL53L0X_RdWord &rArr; _I2CRead &rArr; HAL_I2C_Master_Receive &rArr; I2C_WaitOnRXNEFlagUntilTimeout &rArr; I2C_IsAcknowledgeFailed
</UL>
<BR>[Calls]<UL><LI><a href="#[71]">&gt;&gt;</a>&nbsp;&nbsp;&nbsp;VL53L0X_RdWord
<LI><a href="#[5a]">&gt;&gt;</a>&nbsp;&nbsp;&nbsp;__ARM_common_switch8
</UL>
<BR>[Called By]<UL><LI><a href="#[79]">&gt;&gt;</a>&nbsp;&nbsp;&nbsp;VL53L0X_get_pal_range_status
<LI><a href="#[63]">&gt;&gt;</a>&nbsp;&nbsp;&nbsp;VL53L0X_GetDeviceParameters
</UL>

<P><STRONG><a name="[74]"></a>VL53L0X_GetMeasurementDataReady</STRONG> (Thumb, 58 bytes, Stack size 24 bytes, vl53l0x_api.o(i.VL53L0X_GetMeasurementDataReady))
<BR><BR>[Stack]<UL><LI>Max Depth = 192<LI>Call Chain = VL53L0X_GetMeasurementDataReady &rArr; VL53L0X_GetInterruptMaskStatus &rArr; VL53L0X_RdByte &rArr; _I2CRead &rArr; HAL_I2C_Master_Receive &rArr; I2C_WaitOnRXNEFlagUntilTimeout &rArr; I2C_IsAcknowledgeFailed
</UL>
<BR>[Calls]<UL><LI><a href="#[61]">&gt;&gt;</a>&nbsp;&nbsp;&nbsp;VL53L0X_RdByte
<LI><a href="#[73]">&gt;&gt;</a>&nbsp;&nbsp;&nbsp;VL53L0X_GetInterruptMaskStatus
</UL>
<BR>[Called By]<UL><LI><a href="#[84]">&gt;&gt;</a>&nbsp;&nbsp;&nbsp;VL53L0X_measurement_poll_for_completion
</UL>

<P><STRONG><a name="[6f]"></a>VL53L0X_GetMeasurementTimingBudgetMicroSeconds</STRONG> (Thumb, 8 bytes, Stack size 8 bytes, vl53l0x_api.o(i.VL53L0X_GetMeasurementTimingBudgetMicroSeconds))
<BR><BR>[Stack]<UL><LI>Max Depth = 328<LI>Call Chain = VL53L0X_GetMeasurementTimingBudgetMicroSeconds &rArr; VL53L0X_get_measurement_timing_budget_micro_seconds &rArr; get_sequence_step_timeout &rArr; VL53L0X_GetVcselPulsePeriod &rArr; VL53L0X_get_vcsel_pulse_period &rArr; VL53L0X_RdByte &rArr; _I2CRead &rArr; HAL_I2C_Master_Receive &rArr; I2C_WaitOnRXNEFlagUntilTimeout &rArr; I2C_IsAcknowledgeFailed
</UL>
<BR>[Calls]<UL><LI><a href="#[75]">&gt;&gt;</a>&nbsp;&nbsp;&nbsp;VL53L0X_get_measurement_timing_budget_micro_seconds
</UL>
<BR>[Called By]<UL><LI><a href="#[63]">&gt;&gt;</a>&nbsp;&nbsp;&nbsp;VL53L0X_GetDeviceParameters
</UL>

<P><STRONG><a name="[6b]"></a>VL53L0X_GetOffsetCalibrationDataMicroMeter</STRONG> (Thumb, 8 bytes, Stack size 8 bytes, vl53l0x_api.o(i.VL53L0X_GetOffsetCalibrationDataMicroMeter))
<BR><BR>[Stack]<UL><LI>Max Depth = 184<LI>Call Chain = VL53L0X_GetOffsetCalibrationDataMicroMeter &rArr; VL53L0X_get_offset_calibration_data_micro_meter &rArr; VL53L0X_RdWord &rArr; _I2CRead &rArr; HAL_I2C_Master_Receive &rArr; I2C_WaitOnRXNEFlagUntilTimeout &rArr; I2C_IsAcknowledgeFailed
</UL>
<BR>[Calls]<UL><LI><a href="#[76]">&gt;&gt;</a>&nbsp;&nbsp;&nbsp;VL53L0X_get_offset_calibration_data_micro_meter
</UL>
<BR>[Called By]<UL><LI><a href="#[63]">&gt;&gt;</a>&nbsp;&nbsp;&nbsp;VL53L0X_GetDeviceParameters
</UL>

<P><STRONG><a name="[77]"></a>VL53L0X_GetRangingMeasurementData</STRONG> (Thumb, 298 bytes, Stack size 80 bytes, vl53l0x_api.o(i.VL53L0X_GetRangingMeasurementData))
<BR><BR>[Stack]<UL><LI>Max Depth = 376<LI>Call Chain = VL53L0X_GetRangingMeasurementData &rArr; VL53L0X_get_pal_range_status &rArr; VL53L0X_calc_sigma_estimate &rArr; VL53L0X_calc_timeout_mclks &rArr; VL53L0X_calc_macro_period_ps &rArr; __aeabi_lmul &rArr; __aeabi_llsl
</UL>
<BR>[Calls]<UL><LI><a href="#[79]">&gt;&gt;</a>&nbsp;&nbsp;&nbsp;VL53L0X_get_pal_range_status
<LI><a href="#[78]">&gt;&gt;</a>&nbsp;&nbsp;&nbsp;VL53L0X_ReadMulti
<LI><a href="#[64]">&gt;&gt;</a>&nbsp;&nbsp;&nbsp;__aeabi_memcpy4
<LI><a href="#[27]">&gt;&gt;</a>&nbsp;&nbsp;&nbsp;__aeabi_idivmod
<LI><a href="#[28]">&gt;&gt;</a>&nbsp;&nbsp;&nbsp;__aeabi_uidivmod
</UL>
<BR>[Called By]<UL><LI><a href="#[85]">&gt;&gt;</a>&nbsp;&nbsp;&nbsp;VL53L0X_PerformSingleRangingMeasurement
<LI><a href="#[b9]">&gt;&gt;</a>&nbsp;&nbsp;&nbsp;get_distance_mm
</UL>

<P><STRONG><a name="[7a]"></a>VL53L0X_GetSequenceStepEnables</STRONG> (Thumb, 114 bytes, Stack size 16 bytes, vl53l0x_api.o(i.VL53L0X_GetSequenceStepEnables))
<BR><BR>[Stack]<UL><LI>Max Depth = 168<LI>Call Chain = VL53L0X_GetSequenceStepEnables &rArr; VL53L0X_RdByte &rArr; _I2CRead &rArr; HAL_I2C_Master_Receive &rArr; I2C_WaitOnRXNEFlagUntilTimeout &rArr; I2C_IsAcknowledgeFailed
</UL>
<BR>[Calls]<UL><LI><a href="#[61]">&gt;&gt;</a>&nbsp;&nbsp;&nbsp;VL53L0X_RdByte
<LI><a href="#[7b]">&gt;&gt;</a>&nbsp;&nbsp;&nbsp;sequence_step_enabled
</UL>
<BR>[Called By]<UL><LI><a href="#[b1]">&gt;&gt;</a>&nbsp;&nbsp;&nbsp;set_sequence_step_timeout
<LI><a href="#[97]">&gt;&gt;</a>&nbsp;&nbsp;&nbsp;get_sequence_step_timeout
<LI><a href="#[90]">&gt;&gt;</a>&nbsp;&nbsp;&nbsp;VL53L0X_set_measurement_timing_budget_micro_seconds
<LI><a href="#[75]">&gt;&gt;</a>&nbsp;&nbsp;&nbsp;VL53L0X_get_measurement_timing_budget_micro_seconds
</UL>

<P><STRONG><a name="[7c]"></a>VL53L0X_GetVcselPulsePeriod</STRONG> (Thumb, 8 bytes, Stack size 8 bytes, vl53l0x_api.o(i.VL53L0X_GetVcselPulsePeriod))
<BR><BR>[Stack]<UL><LI>Max Depth = 176<LI>Call Chain = VL53L0X_GetVcselPulsePeriod &rArr; VL53L0X_get_vcsel_pulse_period &rArr; VL53L0X_RdByte &rArr; _I2CRead &rArr; HAL_I2C_Master_Receive &rArr; I2C_WaitOnRXNEFlagUntilTimeout &rArr; I2C_IsAcknowledgeFailed
</UL>
<BR>[Calls]<UL><LI><a href="#[7d]">&gt;&gt;</a>&nbsp;&nbsp;&nbsp;VL53L0X_get_vcsel_pulse_period
</UL>
<BR>[Called By]<UL><LI><a href="#[b1]">&gt;&gt;</a>&nbsp;&nbsp;&nbsp;set_sequence_step_timeout
<LI><a href="#[97]">&gt;&gt;</a>&nbsp;&nbsp;&nbsp;get_sequence_step_timeout
<LI><a href="#[94]">&gt;&gt;</a>&nbsp;&nbsp;&nbsp;VL53L0X_StaticInit
</UL>

<P><STRONG><a name="[6e]"></a>VL53L0X_GetWrapAroundCheckEnable</STRONG> (Thumb, 46 bytes, Stack size 16 bytes, vl53l0x_api.o(i.VL53L0X_GetWrapAroundCheckEnable))
<BR><BR>[Stack]<UL><LI>Max Depth = 168<LI>Call Chain = VL53L0X_GetWrapAroundCheckEnable &rArr; VL53L0X_RdByte &rArr; _I2CRead &rArr; HAL_I2C_Master_Receive &rArr; I2C_WaitOnRXNEFlagUntilTimeout &rArr; I2C_IsAcknowledgeFailed
</UL>
<BR>[Calls]<UL><LI><a href="#[61]">&gt;&gt;</a>&nbsp;&nbsp;&nbsp;VL53L0X_RdByte
</UL>
<BR>[Called By]<UL><LI><a href="#[63]">&gt;&gt;</a>&nbsp;&nbsp;&nbsp;VL53L0X_GetDeviceParameters
</UL>

<P><STRONG><a name="[a5]"></a>VL53L0X_GetXTalkCompensationEnable</STRONG> (Thumb, 10 bytes, Stack size 0 bytes, vl53l0x_api.o(i.VL53L0X_GetXTalkCompensationEnable))
<BR><BR>[Called By]<UL><LI><a href="#[9f]">&gt;&gt;</a>&nbsp;&nbsp;&nbsp;VL53L0X_get_total_xtalk_rate
</UL>

<P><STRONG><a name="[6a]"></a>VL53L0X_GetXTalkCompensationRateMegaCps</STRONG> (Thumb, 46 bytes, Stack size 16 bytes, vl53l0x_api.o(i.VL53L0X_GetXTalkCompensationRateMegaCps))
<BR><BR>[Stack]<UL><LI>Max Depth = 168<LI>Call Chain = VL53L0X_GetXTalkCompensationRateMegaCps &rArr; VL53L0X_RdWord &rArr; _I2CRead &rArr; HAL_I2C_Master_Receive &rArr; I2C_WaitOnRXNEFlagUntilTimeout &rArr; I2C_IsAcknowledgeFailed
</UL>
<BR>[Calls]<UL><LI><a href="#[71]">&gt;&gt;</a>&nbsp;&nbsp;&nbsp;VL53L0X_RdWord
</UL>
<BR>[Called By]<UL><LI><a href="#[63]">&gt;&gt;</a>&nbsp;&nbsp;&nbsp;VL53L0X_GetDeviceParameters
</UL>

<P><STRONG><a name="[7e]"></a>VL53L0X_PerformRefCalibration</STRONG> (Thumb, 10 bytes, Stack size 8 bytes, vl53l0x_api.o(i.VL53L0X_PerformRefCalibration))
<BR><BR>[Stack]<UL><LI>Max Depth = 328<LI>Call Chain = VL53L0X_PerformRefCalibration &rArr; VL53L0X_perform_ref_calibration &rArr; VL53L0X_perform_vhv_calibration &rArr; VL53L0X_perform_single_ref_calibration &rArr; VL53L0X_measurement_poll_for_completion &rArr; VL53L0X_GetMeasurementDataReady &rArr; VL53L0X_GetInterruptMaskStatus &rArr; VL53L0X_RdByte &rArr; _I2CRead &rArr; HAL_I2C_Master_Receive &rArr; I2C_WaitOnRXNEFlagUntilTimeout &rArr; I2C_IsAcknowledgeFailed
</UL>
<BR>[Calls]<UL><LI><a href="#[7f]">&gt;&gt;</a>&nbsp;&nbsp;&nbsp;VL53L0X_perform_ref_calibration
</UL>
<BR>[Called By]<UL><LI><a href="#[b3]">&gt;&gt;</a>&nbsp;&nbsp;&nbsp;VL53L0x_init
</UL>

<P><STRONG><a name="[80]"></a>VL53L0X_PerformRefSpadManagement</STRONG> (Thumb, 8 bytes, Stack size 8 bytes, vl53l0x_api.o(i.VL53L0X_PerformRefSpadManagement))
<BR><BR>[Stack]<UL><LI>Max Depth = 576<LI>Call Chain = VL53L0X_PerformRefSpadManagement &rArr; VL53L0X_perform_ref_spad_management &rArr; perform_ref_signal_measurement &rArr; VL53L0X_PerformSingleRangingMeasurement &rArr; VL53L0X_GetRangingMeasurementData &rArr; VL53L0X_get_pal_range_status &rArr; VL53L0X_calc_sigma_estimate &rArr; VL53L0X_calc_timeout_mclks &rArr; VL53L0X_calc_macro_period_ps &rArr; __aeabi_lmul &rArr; __aeabi_llsl
</UL>
<BR>[Calls]<UL><LI><a href="#[81]">&gt;&gt;</a>&nbsp;&nbsp;&nbsp;VL53L0X_perform_ref_spad_management
</UL>
<BR>[Called By]<UL><LI><a href="#[b3]">&gt;&gt;</a>&nbsp;&nbsp;&nbsp;VL53L0x_init
</UL>

<P><STRONG><a name="[82]"></a>VL53L0X_PerformSingleMeasurement</STRONG> (Thumb, 46 bytes, Stack size 16 bytes, vl53l0x_api.o(i.VL53L0X_PerformSingleMeasurement))
<BR><BR>[Stack]<UL><LI>Max Depth = 248<LI>Call Chain = VL53L0X_PerformSingleMeasurement &rArr; VL53L0X_StartMeasurement &rArr; VL53L0X_CheckAndLoadInterruptSettings &rArr; VL53L0X_GetInterruptThresholds &rArr; VL53L0X_RdWord &rArr; _I2CRead &rArr; HAL_I2C_Master_Receive &rArr; I2C_WaitOnRXNEFlagUntilTimeout &rArr; I2C_IsAcknowledgeFailed
</UL>
<BR>[Calls]<UL><LI><a href="#[84]">&gt;&gt;</a>&nbsp;&nbsp;&nbsp;VL53L0X_measurement_poll_for_completion
<LI><a href="#[83]">&gt;&gt;</a>&nbsp;&nbsp;&nbsp;VL53L0X_StartMeasurement
</UL>
<BR>[Called By]<UL><LI><a href="#[85]">&gt;&gt;</a>&nbsp;&nbsp;&nbsp;VL53L0X_PerformSingleRangingMeasurement
<LI><a href="#[b9]">&gt;&gt;</a>&nbsp;&nbsp;&nbsp;get_distance_mm
</UL>

<P><STRONG><a name="[85]"></a>VL53L0X_PerformSingleRangingMeasurement</STRONG> (Thumb, 48 bytes, Stack size 16 bytes, vl53l0x_api.o(i.VL53L0X_PerformSingleRangingMeasurement))
<BR><BR>[Stack]<UL><LI>Max Depth = 392<LI>Call Chain = VL53L0X_PerformSingleRangingMeasurement &rArr; VL53L0X_GetRangingMeasurementData &rArr; VL53L0X_get_pal_range_status &rArr; VL53L0X_calc_sigma_estimate &rArr; VL53L0X_calc_timeout_mclks &rArr; VL53L0X_calc_macro_period_ps &rArr; __aeabi_lmul &rArr; __aeabi_llsl
</UL>
<BR>[Calls]<UL><LI><a href="#[86]">&gt;&gt;</a>&nbsp;&nbsp;&nbsp;VL53L0X_SetDeviceMode
<LI><a href="#[82]">&gt;&gt;</a>&nbsp;&nbsp;&nbsp;VL53L0X_PerformSingleMeasurement
<LI><a href="#[77]">&gt;&gt;</a>&nbsp;&nbsp;&nbsp;VL53L0X_GetRangingMeasurementData
<LI><a href="#[60]">&gt;&gt;</a>&nbsp;&nbsp;&nbsp;VL53L0X_ClearInterruptMask
</UL>
<BR>[Called By]<UL><LI><a href="#[ac]">&gt;&gt;</a>&nbsp;&nbsp;&nbsp;perform_ref_signal_measurement
</UL>

<P><STRONG><a name="[87]"></a>VL53L0X_PollingDelay</STRONG> (Thumb, 14 bytes, Stack size 8 bytes, vl53l0x_platform.o(i.VL53L0X_PollingDelay))
<BR><BR>[Stack]<UL><LI>Max Depth = 24<LI>Call Chain = VL53L0X_PollingDelay &rArr; HAL_Delay
</UL>
<BR>[Calls]<UL><LI><a href="#[31]">&gt;&gt;</a>&nbsp;&nbsp;&nbsp;HAL_Delay
</UL>
<BR>[Called By]<UL><LI><a href="#[84]">&gt;&gt;</a>&nbsp;&nbsp;&nbsp;VL53L0X_measurement_poll_for_completion
<LI><a href="#[95]">&gt;&gt;</a>&nbsp;&nbsp;&nbsp;VL53L0X_get_info_from_device
</UL>

<P><STRONG><a name="[61]"></a>VL53L0X_RdByte</STRONG> (Thumb, 44 bytes, Stack size 32 bytes, vl53l0x_platform.o(i.VL53L0X_RdByte))
<BR><BR>[Stack]<UL><LI>Max Depth = 152<LI>Call Chain = VL53L0X_RdByte &rArr; _I2CRead &rArr; HAL_I2C_Master_Receive &rArr; I2C_WaitOnRXNEFlagUntilTimeout &rArr; I2C_IsAcknowledgeFailed
</UL>
<BR>[Calls]<UL><LI><a href="#[88]">&gt;&gt;</a>&nbsp;&nbsp;&nbsp;_I2CWrite
<LI><a href="#[89]">&gt;&gt;</a>&nbsp;&nbsp;&nbsp;_I2CRead
</UL>
<BR>[Called By]<UL><LI><a href="#[97]">&gt;&gt;</a>&nbsp;&nbsp;&nbsp;get_sequence_step_timeout
<LI><a href="#[7d]">&gt;&gt;</a>&nbsp;&nbsp;&nbsp;VL53L0X_get_vcsel_pulse_period
<LI><a href="#[95]">&gt;&gt;</a>&nbsp;&nbsp;&nbsp;VL53L0X_get_info_from_device
<LI><a href="#[68]">&gt;&gt;</a>&nbsp;&nbsp;&nbsp;VL53L0X_get_device_info
<LI><a href="#[8c]">&gt;&gt;</a>&nbsp;&nbsp;&nbsp;VL53L0X_UpdateByte
<LI><a href="#[94]">&gt;&gt;</a>&nbsp;&nbsp;&nbsp;VL53L0X_StaticInit
<LI><a href="#[83]">&gt;&gt;</a>&nbsp;&nbsp;&nbsp;VL53L0X_StartMeasurement
<LI><a href="#[91]">&gt;&gt;</a>&nbsp;&nbsp;&nbsp;VL53L0X_SetSequenceStepEnable
<LI><a href="#[6e]">&gt;&gt;</a>&nbsp;&nbsp;&nbsp;VL53L0X_GetWrapAroundCheckEnable
<LI><a href="#[7a]">&gt;&gt;</a>&nbsp;&nbsp;&nbsp;VL53L0X_GetSequenceStepEnables
<LI><a href="#[74]">&gt;&gt;</a>&nbsp;&nbsp;&nbsp;VL53L0X_GetMeasurementDataReady
<LI><a href="#[73]">&gt;&gt;</a>&nbsp;&nbsp;&nbsp;VL53L0X_GetInterruptMaskStatus
<LI><a href="#[70]">&gt;&gt;</a>&nbsp;&nbsp;&nbsp;VL53L0X_GetFractionEnable
<LI><a href="#[62]">&gt;&gt;</a>&nbsp;&nbsp;&nbsp;VL53L0X_DataInit
<LI><a href="#[60]">&gt;&gt;</a>&nbsp;&nbsp;&nbsp;VL53L0X_ClearInterruptMask
<LI><a href="#[a4]">&gt;&gt;</a>&nbsp;&nbsp;&nbsp;VL53L0X_device_read_strobe
<LI><a href="#[a9]">&gt;&gt;</a>&nbsp;&nbsp;&nbsp;VL53L0X_ref_calibration_io
</UL>

<P><STRONG><a name="[72]"></a>VL53L0X_RdDWord</STRONG> (Thumb, 70 bytes, Stack size 32 bytes, vl53l0x_platform.o(i.VL53L0X_RdDWord))
<BR><BR>[Stack]<UL><LI>Max Depth = 152<LI>Call Chain = VL53L0X_RdDWord &rArr; _I2CRead &rArr; HAL_I2C_Master_Receive &rArr; I2C_WaitOnRXNEFlagUntilTimeout &rArr; I2C_IsAcknowledgeFailed
</UL>
<BR>[Calls]<UL><LI><a href="#[88]">&gt;&gt;</a>&nbsp;&nbsp;&nbsp;_I2CWrite
<LI><a href="#[89]">&gt;&gt;</a>&nbsp;&nbsp;&nbsp;_I2CRead
</UL>
<BR>[Called By]<UL><LI><a href="#[95]">&gt;&gt;</a>&nbsp;&nbsp;&nbsp;VL53L0X_get_info_from_device
<LI><a href="#[69]">&gt;&gt;</a>&nbsp;&nbsp;&nbsp;VL53L0X_GetInterMeasurementPeriodMilliSeconds
</UL>

<P><STRONG><a name="[71]"></a>VL53L0X_RdWord</STRONG> (Thumb, 58 bytes, Stack size 32 bytes, vl53l0x_platform.o(i.VL53L0X_RdWord))
<BR><BR>[Stack]<UL><LI>Max Depth = 152<LI>Call Chain = VL53L0X_RdWord &rArr; _I2CRead &rArr; HAL_I2C_Master_Receive &rArr; I2C_WaitOnRXNEFlagUntilTimeout &rArr; I2C_IsAcknowledgeFailed
</UL>
<BR>[Calls]<UL><LI><a href="#[88]">&gt;&gt;</a>&nbsp;&nbsp;&nbsp;_I2CWrite
<LI><a href="#[89]">&gt;&gt;</a>&nbsp;&nbsp;&nbsp;_I2CRead
</UL>
<BR>[Called By]<UL><LI><a href="#[b1]">&gt;&gt;</a>&nbsp;&nbsp;&nbsp;set_sequence_step_timeout
<LI><a href="#[97]">&gt;&gt;</a>&nbsp;&nbsp;&nbsp;get_sequence_step_timeout
<LI><a href="#[79]">&gt;&gt;</a>&nbsp;&nbsp;&nbsp;VL53L0X_get_pal_range_status
<LI><a href="#[76]">&gt;&gt;</a>&nbsp;&nbsp;&nbsp;VL53L0X_get_offset_calibration_data_micro_meter
<LI><a href="#[94]">&gt;&gt;</a>&nbsp;&nbsp;&nbsp;VL53L0X_StaticInit
<LI><a href="#[6a]">&gt;&gt;</a>&nbsp;&nbsp;&nbsp;VL53L0X_GetXTalkCompensationRateMegaCps
<LI><a href="#[6c]">&gt;&gt;</a>&nbsp;&nbsp;&nbsp;VL53L0X_GetLimitCheckValue
<LI><a href="#[5d]">&gt;&gt;</a>&nbsp;&nbsp;&nbsp;VL53L0X_GetInterruptThresholds
<LI><a href="#[69]">&gt;&gt;</a>&nbsp;&nbsp;&nbsp;VL53L0X_GetInterMeasurementPeriodMilliSeconds
<LI><a href="#[ac]">&gt;&gt;</a>&nbsp;&nbsp;&nbsp;perform_ref_signal_measurement
</UL>

<P><STRONG><a name="[78]"></a>VL53L0X_ReadMulti</STRONG> (Thumb, 50 bytes, Stack size 40 bytes, vl53l0x_platform.o(i.VL53L0X_ReadMulti))
<BR><BR>[Stack]<UL><LI>Max Depth = 160<LI>Call Chain = VL53L0X_ReadMulti &rArr; _I2CRead &rArr; HAL_I2C_Master_Receive &rArr; I2C_WaitOnRXNEFlagUntilTimeout &rArr; I2C_IsAcknowledgeFailed
</UL>
<BR>[Calls]<UL><LI><a href="#[88]">&gt;&gt;</a>&nbsp;&nbsp;&nbsp;_I2CWrite
<LI><a href="#[89]">&gt;&gt;</a>&nbsp;&nbsp;&nbsp;_I2CRead
</UL>
<BR>[Called By]<UL><LI><a href="#[77]">&gt;&gt;</a>&nbsp;&nbsp;&nbsp;VL53L0X_GetRangingMeasurementData
<LI><a href="#[b8]">&gt;&gt;</a>&nbsp;&nbsp;&nbsp;get_ref_spad_map
</UL>

<P><STRONG><a name="[8a]"></a>VL53L0X_SetDeviceAddress</STRONG> (Thumb, 12 bytes, Stack size 8 bytes, vl53l0x_api.o(i.VL53L0X_SetDeviceAddress))
<BR><BR>[Stack]<UL><LI>Max Depth = 120<LI>Call Chain = VL53L0X_SetDeviceAddress &rArr; VL53L0X_WrByte &rArr; _I2CWrite &rArr; HAL_I2C_Master_Transmit &rArr; I2C_WaitOnTXISFlagUntilTimeout &rArr; I2C_IsAcknowledgeFailed
</UL>
<BR>[Calls]<UL><LI><a href="#[5f]">&gt;&gt;</a>&nbsp;&nbsp;&nbsp;VL53L0X_WrByte
</UL>
<BR>[Called By]<UL><LI><a href="#[b3]">&gt;&gt;</a>&nbsp;&nbsp;&nbsp;VL53L0x_init
</UL>

<P><STRONG><a name="[86]"></a>VL53L0X_SetDeviceMode</STRONG> (Thumb, 38 bytes, Stack size 0 bytes, vl53l0x_api.o(i.VL53L0X_SetDeviceMode))
<BR><BR>[Called By]<UL><LI><a href="#[85]">&gt;&gt;</a>&nbsp;&nbsp;&nbsp;VL53L0X_PerformSingleRangingMeasurement
<LI><a href="#[b3]">&gt;&gt;</a>&nbsp;&nbsp;&nbsp;VL53L0x_init
</UL>

<P><STRONG><a name="[8b]"></a>VL53L0X_SetGpioConfig</STRONG> (Thumb, 310 bytes, Stack size 16 bytes, vl53l0x_api.o(i.VL53L0X_SetGpioConfig))
<BR><BR>[Stack]<UL><LI>Max Depth = 192<LI>Call Chain = VL53L0X_SetGpioConfig &rArr; VL53L0X_UpdateByte &rArr; VL53L0X_RdByte &rArr; _I2CRead &rArr; HAL_I2C_Master_Receive &rArr; I2C_WaitOnRXNEFlagUntilTimeout &rArr; I2C_IsAcknowledgeFailed
</UL>
<BR>[Calls]<UL><LI><a href="#[5f]">&gt;&gt;</a>&nbsp;&nbsp;&nbsp;VL53L0X_WrByte
<LI><a href="#[8c]">&gt;&gt;</a>&nbsp;&nbsp;&nbsp;VL53L0X_UpdateByte
<LI><a href="#[5a]">&gt;&gt;</a>&nbsp;&nbsp;&nbsp;__ARM_common_switch8
<LI><a href="#[60]">&gt;&gt;</a>&nbsp;&nbsp;&nbsp;VL53L0X_ClearInterruptMask
</UL>
<BR>[Called By]<UL><LI><a href="#[94]">&gt;&gt;</a>&nbsp;&nbsp;&nbsp;VL53L0X_StaticInit
<LI><a href="#[b4]">&gt;&gt;</a>&nbsp;&nbsp;&nbsp;interrupt_config
</UL>

<P><STRONG><a name="[8d]"></a>VL53L0X_SetInterruptThresholds</STRONG> (Thumb, 36 bytes, Stack size 16 bytes, vl53l0x_api.o(i.VL53L0X_SetInterruptThresholds))
<BR><BR>[Stack]<UL><LI>Max Depth = 128<LI>Call Chain = VL53L0X_SetInterruptThresholds &rArr; VL53L0X_WrWord &rArr; _I2CWrite &rArr; HAL_I2C_Master_Transmit &rArr; I2C_WaitOnTXISFlagUntilTimeout &rArr; I2C_IsAcknowledgeFailed
</UL>
<BR>[Calls]<UL><LI><a href="#[8e]">&gt;&gt;</a>&nbsp;&nbsp;&nbsp;VL53L0X_WrWord
</UL>
<BR>[Called By]<UL><LI><a href="#[b4]">&gt;&gt;</a>&nbsp;&nbsp;&nbsp;interrupt_config
</UL>

<P><STRONG><a name="[65]"></a>VL53L0X_SetLimitCheckEnable</STRONG> (Thumb, 126 bytes, Stack size 32 bytes, vl53l0x_api.o(i.VL53L0X_SetLimitCheckEnable))
<BR><BR>[Stack]<UL><LI>Max Depth = 208<LI>Call Chain = VL53L0X_SetLimitCheckEnable &rArr; VL53L0X_UpdateByte &rArr; VL53L0X_RdByte &rArr; _I2CRead &rArr; HAL_I2C_Master_Receive &rArr; I2C_WaitOnRXNEFlagUntilTimeout &rArr; I2C_IsAcknowledgeFailed
</UL>
<BR>[Calls]<UL><LI><a href="#[8e]">&gt;&gt;</a>&nbsp;&nbsp;&nbsp;VL53L0X_WrWord
<LI><a href="#[8c]">&gt;&gt;</a>&nbsp;&nbsp;&nbsp;VL53L0X_UpdateByte
<LI><a href="#[5a]">&gt;&gt;</a>&nbsp;&nbsp;&nbsp;__ARM_common_switch8
</UL>
<BR>[Called By]<UL><LI><a href="#[62]">&gt;&gt;</a>&nbsp;&nbsp;&nbsp;VL53L0X_DataInit
</UL>

<P><STRONG><a name="[66]"></a>VL53L0X_SetLimitCheckValue</STRONG> (Thumb, 82 bytes, Stack size 16 bytes, vl53l0x_api.o(i.VL53L0X_SetLimitCheckValue))
<BR><BR>[Stack]<UL><LI>Max Depth = 128<LI>Call Chain = VL53L0X_SetLimitCheckValue &rArr; VL53L0X_WrWord &rArr; _I2CWrite &rArr; HAL_I2C_Master_Transmit &rArr; I2C_WaitOnTXISFlagUntilTimeout &rArr; I2C_IsAcknowledgeFailed
</UL>
<BR>[Calls]<UL><LI><a href="#[8e]">&gt;&gt;</a>&nbsp;&nbsp;&nbsp;VL53L0X_WrWord
<LI><a href="#[5a]">&gt;&gt;</a>&nbsp;&nbsp;&nbsp;__ARM_common_switch8
</UL>
<BR>[Called By]<UL><LI><a href="#[62]">&gt;&gt;</a>&nbsp;&nbsp;&nbsp;VL53L0X_DataInit
<LI><a href="#[b3]">&gt;&gt;</a>&nbsp;&nbsp;&nbsp;VL53L0x_init
</UL>

<P><STRONG><a name="[8f]"></a>VL53L0X_SetMeasurementTimingBudgetMicroSeconds</STRONG> (Thumb, 8 bytes, Stack size 8 bytes, vl53l0x_api.o(i.VL53L0X_SetMeasurementTimingBudgetMicroSeconds))
<BR><BR>[Stack]<UL><LI>Max Depth = 328<LI>Call Chain = VL53L0X_SetMeasurementTimingBudgetMicroSeconds &rArr; VL53L0X_set_measurement_timing_budget_micro_seconds &rArr; get_sequence_step_timeout &rArr; VL53L0X_GetVcselPulsePeriod &rArr; VL53L0X_get_vcsel_pulse_period &rArr; VL53L0X_RdByte &rArr; _I2CRead &rArr; HAL_I2C_Master_Receive &rArr; I2C_WaitOnRXNEFlagUntilTimeout &rArr; I2C_IsAcknowledgeFailed
</UL>
<BR>[Calls]<UL><LI><a href="#[90]">&gt;&gt;</a>&nbsp;&nbsp;&nbsp;VL53L0X_set_measurement_timing_budget_micro_seconds
</UL>
<BR>[Called By]<UL><LI><a href="#[93]">&gt;&gt;</a>&nbsp;&nbsp;&nbsp;VL53L0X_set_vcsel_pulse_period
<LI><a href="#[91]">&gt;&gt;</a>&nbsp;&nbsp;&nbsp;VL53L0X_SetSequenceStepEnable
<LI><a href="#[b3]">&gt;&gt;</a>&nbsp;&nbsp;&nbsp;VL53L0x_init
</UL>

<P><STRONG><a name="[91]"></a>VL53L0X_SetSequenceStepEnable</STRONG> (Thumb, 162 bytes, Stack size 40 bytes, vl53l0x_api.o(i.VL53L0X_SetSequenceStepEnable))
<BR><BR>[Stack]<UL><LI>Max Depth = 368<LI>Call Chain = VL53L0X_SetSequenceStepEnable &rArr; VL53L0X_SetMeasurementTimingBudgetMicroSeconds &rArr; VL53L0X_set_measurement_timing_budget_micro_seconds &rArr; get_sequence_step_timeout &rArr; VL53L0X_GetVcselPulsePeriod &rArr; VL53L0X_get_vcsel_pulse_period &rArr; VL53L0X_RdByte &rArr; _I2CRead &rArr; HAL_I2C_Master_Receive &rArr; I2C_WaitOnRXNEFlagUntilTimeout &rArr; I2C_IsAcknowledgeFailed
</UL>
<BR>[Calls]<UL><LI><a href="#[5f]">&gt;&gt;</a>&nbsp;&nbsp;&nbsp;VL53L0X_WrByte
<LI><a href="#[61]">&gt;&gt;</a>&nbsp;&nbsp;&nbsp;VL53L0X_RdByte
<LI><a href="#[5a]">&gt;&gt;</a>&nbsp;&nbsp;&nbsp;__ARM_common_switch8
<LI><a href="#[8f]">&gt;&gt;</a>&nbsp;&nbsp;&nbsp;VL53L0X_SetMeasurementTimingBudgetMicroSeconds
</UL>
<BR>[Called By]<UL><LI><a href="#[94]">&gt;&gt;</a>&nbsp;&nbsp;&nbsp;VL53L0X_StaticInit
</UL>

<P><STRONG><a name="[92]"></a>VL53L0X_SetVcselPulsePeriod</STRONG> (Thumb, 8 bytes, Stack size 8 bytes, vl53l0x_api.o(i.VL53L0X_SetVcselPulsePeriod))
<BR><BR>[Stack]<UL><LI>Max Depth = 384<LI>Call Chain = VL53L0X_SetVcselPulsePeriod &rArr; VL53L0X_set_vcsel_pulse_period &rArr; VL53L0X_SetMeasurementTimingBudgetMicroSeconds &rArr; VL53L0X_set_measurement_timing_budget_micro_seconds &rArr; get_sequence_step_timeout &rArr; VL53L0X_GetVcselPulsePeriod &rArr; VL53L0X_get_vcsel_pulse_period &rArr; VL53L0X_RdByte &rArr; _I2CRead &rArr; HAL_I2C_Master_Receive &rArr; I2C_WaitOnRXNEFlagUntilTimeout &rArr; I2C_IsAcknowledgeFailed
</UL>
<BR>[Calls]<UL><LI><a href="#[93]">&gt;&gt;</a>&nbsp;&nbsp;&nbsp;VL53L0X_set_vcsel_pulse_period
</UL>
<BR>[Called By]<UL><LI><a href="#[b3]">&gt;&gt;</a>&nbsp;&nbsp;&nbsp;VL53L0x_init
</UL>

<P><STRONG><a name="[83]"></a>VL53L0X_StartMeasurement</STRONG> (Thumb, 224 bytes, Stack size 32 bytes, vl53l0x_api.o(i.VL53L0X_StartMeasurement))
<BR><BR>[Stack]<UL><LI>Max Depth = 232<LI>Call Chain = VL53L0X_StartMeasurement &rArr; VL53L0X_CheckAndLoadInterruptSettings &rArr; VL53L0X_GetInterruptThresholds &rArr; VL53L0X_RdWord &rArr; _I2CRead &rArr; HAL_I2C_Master_Receive &rArr; I2C_WaitOnRXNEFlagUntilTimeout &rArr; I2C_IsAcknowledgeFailed
</UL>
<BR>[Calls]<UL><LI><a href="#[5f]">&gt;&gt;</a>&nbsp;&nbsp;&nbsp;VL53L0X_WrByte
<LI><a href="#[61]">&gt;&gt;</a>&nbsp;&nbsp;&nbsp;VL53L0X_RdByte
<LI><a href="#[5c]">&gt;&gt;</a>&nbsp;&nbsp;&nbsp;VL53L0X_CheckAndLoadInterruptSettings
</UL>
<BR>[Called By]<UL><LI><a href="#[82]">&gt;&gt;</a>&nbsp;&nbsp;&nbsp;VL53L0X_PerformSingleMeasurement
</UL>

<P><STRONG><a name="[94]"></a>VL53L0X_StaticInit</STRONG> (Thumb, 362 bytes, Stack size 120 bytes, vl53l0x_api.o(i.VL53L0X_StaticInit))
<BR><BR>[Stack]<UL><LI>Max Depth = 688<LI>Call Chain = VL53L0X_StaticInit &rArr; VL53L0X_perform_ref_spad_management &rArr; perform_ref_signal_measurement &rArr; VL53L0X_PerformSingleRangingMeasurement &rArr; VL53L0X_GetRangingMeasurementData &rArr; VL53L0X_get_pal_range_status &rArr; VL53L0X_calc_sigma_estimate &rArr; VL53L0X_calc_timeout_mclks &rArr; VL53L0X_calc_macro_period_ps &rArr; __aeabi_lmul &rArr; __aeabi_llsl
</UL>
<BR>[Calls]<UL><LI><a href="#[97]">&gt;&gt;</a>&nbsp;&nbsp;&nbsp;get_sequence_step_timeout
<LI><a href="#[96]">&gt;&gt;</a>&nbsp;&nbsp;&nbsp;VL53L0X_set_reference_spads
<LI><a href="#[81]">&gt;&gt;</a>&nbsp;&nbsp;&nbsp;VL53L0X_perform_ref_spad_management
<LI><a href="#[5e]">&gt;&gt;</a>&nbsp;&nbsp;&nbsp;VL53L0X_load_tuning_settings
<LI><a href="#[95]">&gt;&gt;</a>&nbsp;&nbsp;&nbsp;VL53L0X_get_info_from_device
<LI><a href="#[5f]">&gt;&gt;</a>&nbsp;&nbsp;&nbsp;VL53L0X_WrByte
<LI><a href="#[71]">&gt;&gt;</a>&nbsp;&nbsp;&nbsp;VL53L0X_RdWord
<LI><a href="#[61]">&gt;&gt;</a>&nbsp;&nbsp;&nbsp;VL53L0X_RdByte
<LI><a href="#[91]">&gt;&gt;</a>&nbsp;&nbsp;&nbsp;VL53L0X_SetSequenceStepEnable
<LI><a href="#[8b]">&gt;&gt;</a>&nbsp;&nbsp;&nbsp;VL53L0X_SetGpioConfig
<LI><a href="#[7c]">&gt;&gt;</a>&nbsp;&nbsp;&nbsp;VL53L0X_GetVcselPulsePeriod
<LI><a href="#[70]">&gt;&gt;</a>&nbsp;&nbsp;&nbsp;VL53L0X_GetFractionEnable
<LI><a href="#[63]">&gt;&gt;</a>&nbsp;&nbsp;&nbsp;VL53L0X_GetDeviceParameters
<LI><a href="#[3c]">&gt;&gt;</a>&nbsp;&nbsp;&nbsp;__aeabi_memclr4
<LI><a href="#[64]">&gt;&gt;</a>&nbsp;&nbsp;&nbsp;__aeabi_memcpy4
</UL>
<BR>[Called By]<UL><LI><a href="#[b3]">&gt;&gt;</a>&nbsp;&nbsp;&nbsp;VL53L0x_init
</UL>

<P><STRONG><a name="[8c]"></a>VL53L0X_UpdateByte</STRONG> (Thumb, 40 bytes, Stack size 24 bytes, vl53l0x_platform.o(i.VL53L0X_UpdateByte))
<BR><BR>[Stack]<UL><LI>Max Depth = 176<LI>Call Chain = VL53L0X_UpdateByte &rArr; VL53L0X_RdByte &rArr; _I2CRead &rArr; HAL_I2C_Master_Receive &rArr; I2C_WaitOnRXNEFlagUntilTimeout &rArr; I2C_IsAcknowledgeFailed
</UL>
<BR>[Calls]<UL><LI><a href="#[5f]">&gt;&gt;</a>&nbsp;&nbsp;&nbsp;VL53L0X_WrByte
<LI><a href="#[61]">&gt;&gt;</a>&nbsp;&nbsp;&nbsp;VL53L0X_RdByte
</UL>
<BR>[Called By]<UL><LI><a href="#[65]">&gt;&gt;</a>&nbsp;&nbsp;&nbsp;VL53L0X_SetLimitCheckEnable
<LI><a href="#[8b]">&gt;&gt;</a>&nbsp;&nbsp;&nbsp;VL53L0X_SetGpioConfig
<LI><a href="#[a9]">&gt;&gt;</a>&nbsp;&nbsp;&nbsp;VL53L0X_ref_calibration_io
</UL>

<P><STRONG><a name="[5f]"></a>VL53L0X_WrByte</STRONG> (Thumb, 34 bytes, Stack size 8 bytes, vl53l0x_platform.o(i.VL53L0X_WrByte))
<BR><BR>[Stack]<UL><LI>Max Depth = 112<LI>Call Chain = VL53L0X_WrByte &rArr; _I2CWrite &rArr; HAL_I2C_Master_Transmit &rArr; I2C_WaitOnTXISFlagUntilTimeout &rArr; I2C_IsAcknowledgeFailed
</UL>
<BR>[Calls]<UL><LI><a href="#[88]">&gt;&gt;</a>&nbsp;&nbsp;&nbsp;_I2CWrite
</UL>
<BR>[Called By]<UL><LI><a href="#[b1]">&gt;&gt;</a>&nbsp;&nbsp;&nbsp;set_sequence_step_timeout
<LI><a href="#[93]">&gt;&gt;</a>&nbsp;&nbsp;&nbsp;VL53L0X_set_vcsel_pulse_period
<LI><a href="#[96]">&gt;&gt;</a>&nbsp;&nbsp;&nbsp;VL53L0X_set_reference_spads
<LI><a href="#[81]">&gt;&gt;</a>&nbsp;&nbsp;&nbsp;VL53L0X_perform_ref_spad_management
<LI><a href="#[7f]">&gt;&gt;</a>&nbsp;&nbsp;&nbsp;VL53L0X_perform_ref_calibration
<LI><a href="#[79]">&gt;&gt;</a>&nbsp;&nbsp;&nbsp;VL53L0X_get_pal_range_status
<LI><a href="#[95]">&gt;&gt;</a>&nbsp;&nbsp;&nbsp;VL53L0X_get_info_from_device
<LI><a href="#[8c]">&gt;&gt;</a>&nbsp;&nbsp;&nbsp;VL53L0X_UpdateByte
<LI><a href="#[94]">&gt;&gt;</a>&nbsp;&nbsp;&nbsp;VL53L0X_StaticInit
<LI><a href="#[83]">&gt;&gt;</a>&nbsp;&nbsp;&nbsp;VL53L0X_StartMeasurement
<LI><a href="#[91]">&gt;&gt;</a>&nbsp;&nbsp;&nbsp;VL53L0X_SetSequenceStepEnable
<LI><a href="#[8b]">&gt;&gt;</a>&nbsp;&nbsp;&nbsp;VL53L0X_SetGpioConfig
<LI><a href="#[8a]">&gt;&gt;</a>&nbsp;&nbsp;&nbsp;VL53L0X_SetDeviceAddress
<LI><a href="#[62]">&gt;&gt;</a>&nbsp;&nbsp;&nbsp;VL53L0X_DataInit
<LI><a href="#[60]">&gt;&gt;</a>&nbsp;&nbsp;&nbsp;VL53L0X_ClearInterruptMask
<LI><a href="#[5c]">&gt;&gt;</a>&nbsp;&nbsp;&nbsp;VL53L0X_CheckAndLoadInterruptSettings
<LI><a href="#[a4]">&gt;&gt;</a>&nbsp;&nbsp;&nbsp;VL53L0X_device_read_strobe
<LI><a href="#[ac]">&gt;&gt;</a>&nbsp;&nbsp;&nbsp;perform_ref_signal_measurement
<LI><a href="#[a9]">&gt;&gt;</a>&nbsp;&nbsp;&nbsp;VL53L0X_ref_calibration_io
<LI><a href="#[aa]">&gt;&gt;</a>&nbsp;&nbsp;&nbsp;VL53L0X_perform_vhv_calibration
<LI><a href="#[a8]">&gt;&gt;</a>&nbsp;&nbsp;&nbsp;VL53L0X_perform_single_ref_calibration
<LI><a href="#[a7]">&gt;&gt;</a>&nbsp;&nbsp;&nbsp;VL53L0X_perform_phase_calibration
</UL>

<P><STRONG><a name="[8e]"></a>VL53L0X_WrWord</STRONG> (Thumb, 38 bytes, Stack size 8 bytes, vl53l0x_platform.o(i.VL53L0X_WrWord))
<BR><BR>[Stack]<UL><LI>Max Depth = 112<LI>Call Chain = VL53L0X_WrWord &rArr; _I2CWrite &rArr; HAL_I2C_Master_Transmit &rArr; I2C_WaitOnTXISFlagUntilTimeout &rArr; I2C_IsAcknowledgeFailed
</UL>
<BR>[Calls]<UL><LI><a href="#[88]">&gt;&gt;</a>&nbsp;&nbsp;&nbsp;_I2CWrite
</UL>
<BR>[Called By]<UL><LI><a href="#[b1]">&gt;&gt;</a>&nbsp;&nbsp;&nbsp;set_sequence_step_timeout
<LI><a href="#[66]">&gt;&gt;</a>&nbsp;&nbsp;&nbsp;VL53L0X_SetLimitCheckValue
<LI><a href="#[65]">&gt;&gt;</a>&nbsp;&nbsp;&nbsp;VL53L0X_SetLimitCheckEnable
<LI><a href="#[8d]">&gt;&gt;</a>&nbsp;&nbsp;&nbsp;VL53L0X_SetInterruptThresholds
</UL>

<P><STRONG><a name="[98]"></a>VL53L0X_WriteMulti</STRONG> (Thumb, 54 bytes, Stack size 16 bytes, vl53l0x_platform.o(i.VL53L0X_WriteMulti))
<BR><BR>[Stack]<UL><LI>Max Depth = 120<LI>Call Chain = VL53L0X_WriteMulti &rArr; _I2CWrite &rArr; HAL_I2C_Master_Transmit &rArr; I2C_WaitOnTXISFlagUntilTimeout &rArr; I2C_IsAcknowledgeFailed
</UL>
<BR>[Calls]<UL><LI><a href="#[88]">&gt;&gt;</a>&nbsp;&nbsp;&nbsp;_I2CWrite
<LI><a href="#[99]">&gt;&gt;</a>&nbsp;&nbsp;&nbsp;__aeabi_memcpy
</UL>
<BR>[Called By]<UL><LI><a href="#[5e]">&gt;&gt;</a>&nbsp;&nbsp;&nbsp;VL53L0X_load_tuning_settings
<LI><a href="#[b0]">&gt;&gt;</a>&nbsp;&nbsp;&nbsp;set_ref_spad_map
</UL>

<P><STRONG><a name="[9a]"></a>VL53L0X_calc_dmax</STRONG> (Thumb, 238 bytes, Stack size 40 bytes, vl53l0x_api_core.o(i.VL53L0X_calc_dmax))
<BR><BR>[Stack]<UL><LI>Max Depth = 52<LI>Call Chain = VL53L0X_calc_dmax &rArr; __aeabi_uidivmod
</UL>
<BR>[Calls]<UL><LI><a href="#[9b]">&gt;&gt;</a>&nbsp;&nbsp;&nbsp;VL53L0X_isqrt
<LI><a href="#[28]">&gt;&gt;</a>&nbsp;&nbsp;&nbsp;__aeabi_uidivmod
</UL>
<BR>[Called By]<UL><LI><a href="#[9d]">&gt;&gt;</a>&nbsp;&nbsp;&nbsp;VL53L0X_calc_sigma_estimate
</UL>

<P><STRONG><a name="[9c]"></a>VL53L0X_calc_macro_period_ps</STRONG> (Thumb, 22 bytes, Stack size 8 bytes, vl53l0x_api_core.o(i.VL53L0X_calc_macro_period_ps))
<BR><BR>[Stack]<UL><LI>Max Depth = 80<LI>Call Chain = VL53L0X_calc_macro_period_ps &rArr; __aeabi_lmul &rArr; __aeabi_llsl
</UL>
<BR>[Calls]<UL><LI><a href="#[2c]">&gt;&gt;</a>&nbsp;&nbsp;&nbsp;__aeabi_lmul
</UL>
<BR>[Called By]<UL><LI><a href="#[a1]">&gt;&gt;</a>&nbsp;&nbsp;&nbsp;VL53L0X_calc_timeout_us
<LI><a href="#[a0]">&gt;&gt;</a>&nbsp;&nbsp;&nbsp;VL53L0X_calc_timeout_mclks
</UL>

<P><STRONG><a name="[9d]"></a>VL53L0X_calc_sigma_estimate</STRONG> (Thumb, 578 bytes, Stack size 96 bytes, vl53l0x_api_core.o(i.VL53L0X_calc_sigma_estimate))
<BR><BR>[Stack]<UL><LI>Max Depth = 184<LI>Call Chain = VL53L0X_calc_sigma_estimate &rArr; VL53L0X_calc_timeout_mclks &rArr; VL53L0X_calc_macro_period_ps &rArr; __aeabi_lmul &rArr; __aeabi_llsl
</UL>
<BR>[Calls]<UL><LI><a href="#[9e]">&gt;&gt;</a>&nbsp;&nbsp;&nbsp;VL53L0X_get_total_signal_rate
<LI><a href="#[9b]">&gt;&gt;</a>&nbsp;&nbsp;&nbsp;VL53L0X_isqrt
<LI><a href="#[9f]">&gt;&gt;</a>&nbsp;&nbsp;&nbsp;VL53L0X_get_total_xtalk_rate
<LI><a href="#[a0]">&gt;&gt;</a>&nbsp;&nbsp;&nbsp;VL53L0X_calc_timeout_mclks
<LI><a href="#[9a]">&gt;&gt;</a>&nbsp;&nbsp;&nbsp;VL53L0X_calc_dmax
<LI><a href="#[28]">&gt;&gt;</a>&nbsp;&nbsp;&nbsp;__aeabi_uidivmod
</UL>
<BR>[Called By]<UL><LI><a href="#[79]">&gt;&gt;</a>&nbsp;&nbsp;&nbsp;VL53L0X_get_pal_range_status
</UL>

<P><STRONG><a name="[a0]"></a>VL53L0X_calc_timeout_mclks</STRONG> (Thumb, 40 bytes, Stack size 8 bytes, vl53l0x_api_core.o(i.VL53L0X_calc_timeout_mclks))
<BR><BR>[Stack]<UL><LI>Max Depth = 88<LI>Call Chain = VL53L0X_calc_timeout_mclks &rArr; VL53L0X_calc_macro_period_ps &rArr; __aeabi_lmul &rArr; __aeabi_llsl
</UL>
<BR>[Calls]<UL><LI><a href="#[9c]">&gt;&gt;</a>&nbsp;&nbsp;&nbsp;VL53L0X_calc_macro_period_ps
<LI><a href="#[28]">&gt;&gt;</a>&nbsp;&nbsp;&nbsp;__aeabi_uidivmod
</UL>
<BR>[Called By]<UL><LI><a href="#[b1]">&gt;&gt;</a>&nbsp;&nbsp;&nbsp;set_sequence_step_timeout
<LI><a href="#[9d]">&gt;&gt;</a>&nbsp;&nbsp;&nbsp;VL53L0X_calc_sigma_estimate
</UL>

<P><STRONG><a name="[a1]"></a>VL53L0X_calc_timeout_us</STRONG> (Thumb, 42 bytes, Stack size 16 bytes, vl53l0x_api_core.o(i.VL53L0X_calc_timeout_us))
<BR><BR>[Stack]<UL><LI>Max Depth = 96<LI>Call Chain = VL53L0X_calc_timeout_us &rArr; VL53L0X_calc_macro_period_ps &rArr; __aeabi_lmul &rArr; __aeabi_llsl
</UL>
<BR>[Calls]<UL><LI><a href="#[9c]">&gt;&gt;</a>&nbsp;&nbsp;&nbsp;VL53L0X_calc_macro_period_ps
<LI><a href="#[28]">&gt;&gt;</a>&nbsp;&nbsp;&nbsp;__aeabi_uidivmod
</UL>
<BR>[Called By]<UL><LI><a href="#[97]">&gt;&gt;</a>&nbsp;&nbsp;&nbsp;get_sequence_step_timeout
</UL>

<P><STRONG><a name="[a2]"></a>VL53L0X_check_part_used</STRONG> (Thumb, 56 bytes, Stack size 24 bytes, vl53l0x_api_strings.o(i.VL53L0X_check_part_used))
<BR><BR>[Stack]<UL><LI>Max Depth = 312<LI>Call Chain = VL53L0X_check_part_used &rArr; VL53L0X_get_info_from_device &rArr; VL53L0X_device_read_strobe &rArr; VL53L0X_RdByte &rArr; _I2CRead &rArr; HAL_I2C_Master_Receive &rArr; I2C_WaitOnRXNEFlagUntilTimeout &rArr; I2C_IsAcknowledgeFailed
</UL>
<BR>[Calls]<UL><LI><a href="#[95]">&gt;&gt;</a>&nbsp;&nbsp;&nbsp;VL53L0X_get_info_from_device
<LI><a href="#[a3]">&gt;&gt;</a>&nbsp;&nbsp;&nbsp;strcpy
</UL>
<BR>[Called By]<UL><LI><a href="#[68]">&gt;&gt;</a>&nbsp;&nbsp;&nbsp;VL53L0X_get_device_info
</UL>

<P><STRONG><a name="[ba]"></a>VL53L0X_decode_timeout</STRONG> (Thumb, 10 bytes, Stack size 0 bytes, vl53l0x_api_core.o(i.VL53L0X_decode_timeout))
<BR><BR>[Called By]<UL><LI><a href="#[b1]">&gt;&gt;</a>&nbsp;&nbsp;&nbsp;set_sequence_step_timeout
<LI><a href="#[97]">&gt;&gt;</a>&nbsp;&nbsp;&nbsp;get_sequence_step_timeout
</UL>

<P><STRONG><a name="[a6]"></a>VL53L0X_decode_vcsel_period</STRONG> (Thumb, 8 bytes, Stack size 0 bytes, vl53l0x_api_core.o(i.VL53L0X_decode_vcsel_period))
<BR><BR>[Called By]<UL><LI><a href="#[7d]">&gt;&gt;</a>&nbsp;&nbsp;&nbsp;VL53L0X_get_vcsel_pulse_period
</UL>

<P><STRONG><a name="[a4]"></a>VL53L0X_device_read_strobe</STRONG> (Thumb, 70 bytes, Stack size 24 bytes, vl53l0x_api_core.o(i.VL53L0X_device_read_strobe))
<BR><BR>[Stack]<UL><LI>Max Depth = 176<LI>Call Chain = VL53L0X_device_read_strobe &rArr; VL53L0X_RdByte &rArr; _I2CRead &rArr; HAL_I2C_Master_Receive &rArr; I2C_WaitOnRXNEFlagUntilTimeout &rArr; I2C_IsAcknowledgeFailed
</UL>
<BR>[Calls]<UL><LI><a href="#[5f]">&gt;&gt;</a>&nbsp;&nbsp;&nbsp;VL53L0X_WrByte
<LI><a href="#[61]">&gt;&gt;</a>&nbsp;&nbsp;&nbsp;VL53L0X_RdByte
</UL>
<BR>[Called By]<UL><LI><a href="#[95]">&gt;&gt;</a>&nbsp;&nbsp;&nbsp;VL53L0X_get_info_from_device
</UL>

<P><STRONG><a name="[bd]"></a>VL53L0X_encode_timeout</STRONG> (Thumb, 34 bytes, Stack size 0 bytes, vl53l0x_api_core.o(i.VL53L0X_encode_timeout))
<BR><BR>[Called By]<UL><LI><a href="#[b1]">&gt;&gt;</a>&nbsp;&nbsp;&nbsp;set_sequence_step_timeout
</UL>

<P><STRONG><a name="[b2]"></a>VL53L0X_encode_vcsel_period</STRONG> (Thumb, 8 bytes, Stack size 0 bytes, vl53l0x_api_core.o(i.VL53L0X_encode_vcsel_period))
<BR><BR>[Called By]<UL><LI><a href="#[93]">&gt;&gt;</a>&nbsp;&nbsp;&nbsp;VL53L0X_set_vcsel_pulse_period
</UL>

<P><STRONG><a name="[68]"></a>VL53L0X_get_device_info</STRONG> (Thumb, 110 bytes, Stack size 24 bytes, vl53l0x_api_strings.o(i.VL53L0X_get_device_info))
<BR><BR>[Stack]<UL><LI>Max Depth = 336<LI>Call Chain = VL53L0X_get_device_info &rArr; VL53L0X_check_part_used &rArr; VL53L0X_get_info_from_device &rArr; VL53L0X_device_read_strobe &rArr; VL53L0X_RdByte &rArr; _I2CRead &rArr; HAL_I2C_Master_Receive &rArr; I2C_WaitOnRXNEFlagUntilTimeout &rArr; I2C_IsAcknowledgeFailed
</UL>
<BR>[Calls]<UL><LI><a href="#[61]">&gt;&gt;</a>&nbsp;&nbsp;&nbsp;VL53L0X_RdByte
<LI><a href="#[a2]">&gt;&gt;</a>&nbsp;&nbsp;&nbsp;VL53L0X_check_part_used
<LI><a href="#[a3]">&gt;&gt;</a>&nbsp;&nbsp;&nbsp;strcpy
</UL>
<BR>[Called By]<UL><LI><a href="#[67]">&gt;&gt;</a>&nbsp;&nbsp;&nbsp;VL53L0X_GetDeviceInfo
</UL>

<P><STRONG><a name="[95]"></a>VL53L0X_get_info_from_device</STRONG> (Thumb, 1220 bytes, Stack size 112 bytes, vl53l0x_api_core.o(i.VL53L0X_get_info_from_device))
[...]
</UL>
<BR>[Calls]<UL><LI><a href="#[35]">&gt;&gt;</a>&nbsp;&nbsp;&nbsp;HAL_I2C_Master_Receive
</UL>
<BR>[Called By]<UL><LI><a href="#[78]">&gt;&gt;</a>&nbsp;&nbsp;&nbsp;VL53L0X_ReadMulti
<LI><a href="#[71]">&gt;&gt;</a>&nbsp;&nbsp;&nbsp;VL53L0X_RdWord
<LI><a href="#[72]">&gt;&gt;</a>&nbsp;&nbsp;&nbsp;VL53L0X_RdDWord
<LI><a href="#[61]">&gt;&gt;</a>&nbsp;&nbsp;&nbsp;VL53L0X_RdByte
</UL>

<P><STRONG><a name="[88]"></a>_I2CWrite</STRONG> (Thumb, 32 bytes, Stack size 16 bytes, vl53l0x_platform.o(i._I2CWrite))
<BR><BR>[Stack]<UL><LI>Max Depth = 104<LI>Call Chain = _I2CWrite &rArr; HAL_I2C_Master_Transmit &rArr; I2C_WaitOnTXISFlagUntilTimeout &rArr; I2C_IsAcknowledgeFailed
</UL>
<BR>[Calls]<UL><LI><a href="#[3a]">&gt;&gt;</a>&nbsp;&nbsp;&nbsp;HAL_I2C_Master_Transmit
</UL>
<BR>[Called By]<UL><LI><a href="#[8e]">&gt;&gt;</a>&nbsp;&nbsp;&nbsp;VL53L0X_WrWord
<LI><a href="#[5f]">&gt;&gt;</a>&nbsp;&nbsp;&nbsp;VL53L0X_WrByte
<LI><a href="#[78]">&gt;&gt;</a>&nbsp;&nbsp;&nbsp;VL53L0X_ReadMulti
<LI><a href="#[71]">&gt;&gt;</a>&nbsp;&nbsp;&nbsp;VL53L0X_RdWord
<LI><a href="#[72]">&gt;&gt;</a>&nbsp;&nbsp;&nbsp;VL53L0X_RdDWord
<LI><a href="#[61]">&gt;&gt;</a>&nbsp;&nbsp;&nbsp;VL53L0X_RdByte
<LI><a href="#[98]">&gt;&gt;</a>&nbsp;&nbsp;&nbsp;VL53L0X_WriteMulti
</UL>

<P><STRONG><a name="[b5]"></a>__0sprintf$1</STRONG> (Thumb, 36 bytes, Stack size 24 bytes, printf1.o(i.__0sprintf$1), UNUSED)
<BR><BR>[Calls]<UL><LI><a href="#[24]">&gt;&gt;</a>&nbsp;&nbsp;&nbsp;_sputc
<LI><a href="#[b6]">&gt;&gt;</a>&nbsp;&nbsp;&nbsp;_printf_core
</UL>

<P><STRONG><a name="[d0]"></a>__1sprintf$1</STRONG> (Thumb, 0 bytes, Stack size 24 bytes, printf1.o(i.__0sprintf$1), UNUSED)

<P><STRONG><a name="[bb]"></a>__2sprintf</STRONG> (Thumb, 0 bytes, Stack size 24 bytes, printf1.o(i.__0sprintf$1))
<BR><BR>[Stack]<UL><LI>Max Depth = 24<LI>Call Chain = __2sprintf
</UL>
<BR>[Called By]<UL><LI><a href="#[21]">&gt;&gt;</a>&nbsp;&nbsp;&nbsp;main
</UL>

<P><STRONG><a name="[5a]"></a>__ARM_common_switch8</STRONG> (Thumb, 26 bytes, Stack size 8 bytes, vl53l0x_api.o(i.__ARM_common_switch8))
<BR><BR>[Stack]<UL><LI>Max Depth = 8<LI>Call Chain = __ARM_common_switch8
</UL>
<BR>[Called By]<UL><LI><a href="#[7b]">&gt;&gt;</a>&nbsp;&nbsp;&nbsp;sequence_step_enabled
<LI><a href="#[91]">&gt;&gt;</a>&nbsp;&nbsp;&nbsp;VL53L0X_SetSequenceStepEnable
<LI><a href="#[66]">&gt;&gt;</a>&nbsp;&nbsp;&nbsp;VL53L0X_SetLimitCheckValue
<LI><a href="#[65]">&gt;&gt;</a>&nbsp;&nbsp;&nbsp;VL53L0X_SetLimitCheckEnable
<LI><a href="#[8b]">&gt;&gt;</a>&nbsp;&nbsp;&nbsp;VL53L0X_SetGpioConfig
<LI><a href="#[6c]">&gt;&gt;</a>&nbsp;&nbsp;&nbsp;VL53L0X_GetLimitCheckValue
<LI><a href="#[4a]">&gt;&gt;</a>&nbsp;&nbsp;&nbsp;UART_SetConfig
</UL>

<P><STRONG><a name="[d1]"></a>__scatterload_copy</STRONG> (Thumb, 14 bytes, Stack size unknown bytes, handlers.o(i.__scatterload_copy), UNUSED)

<P><STRONG><a name="[d2]"></a>__scatterload_null</STRONG> (Thumb, 2 bytes, Stack size unknown bytes, handlers.o(i.__scatterload_null), UNUSED)

<P><STRONG><a name="[d3]"></a>__scatterload_zeroinit</STRONG> (Thumb, 14 bytes, Stack size unknown bytes, handlers.o(i.__scatterload_zeroinit), UNUSED)

<P><STRONG><a name="[b7]"></a>clear_interrupt</STRONG> (Thumb, 10 bytes, Stack size 8 bytes, vl53l0x_driver.o(i.clear_interrupt))
<BR><BR>[Stack]<UL><LI>Max Depth = 184<LI>Call Chain = clear_interrupt &rArr; VL53L0X_ClearInterruptMask &rArr; VL53L0X_RdByte &rArr; _I2CRead &rArr; HAL_I2C_Master_Receive &rArr; I2C_WaitOnRXNEFlagUntilTimeout &rArr; I2C_IsAcknowledgeFailed
</UL>
<BR>[Calls]<UL><LI><a href="#[60]">&gt;&gt;</a>&nbsp;&nbsp;&nbsp;VL53L0X_ClearInterruptMask
</UL>
<BR>[Called By]<UL><LI><a href="#[21]">&gt;&gt;</a>&nbsp;&nbsp;&nbsp;main
</UL>

<P><STRONG><a name="[ab]"></a>enable_ref_spads</STRONG> (Thumb, 144 bytes, Stack size 48 bytes, vl53l0x_api_calibration.o(i.enable_ref_spads))
<BR><BR>[Stack]<UL><LI>Max Depth = 216<LI>Call Chain = enable_ref_spads &rArr; get_ref_spad_map &rArr; VL53L0X_ReadMulti &rArr; _I2CRead &rArr; HAL_I2C_Master_Receive &rArr; I2C_WaitOnRXNEFlagUntilTimeout &rArr; I2C_IsAcknowledgeFailed
</UL>
<BR>[Calls]<UL><LI><a href="#[b0]">&gt;&gt;</a>&nbsp;&nbsp;&nbsp;set_ref_spad_map
<LI><a href="#[ad]">&gt;&gt;</a>&nbsp;&nbsp;&nbsp;is_aperture
<LI><a href="#[b8]">&gt;&gt;</a>&nbsp;&nbsp;&nbsp;get_ref_spad_map
<LI><a href="#[ae]">&gt;&gt;</a>&nbsp;&nbsp;&nbsp;get_next_good_spad
<LI><a href="#[af]">&gt;&gt;</a>&nbsp;&nbsp;&nbsp;enable_spad_bit
</UL>
<BR>[Called By]<UL><LI><a href="#[96]">&gt;&gt;</a>&nbsp;&nbsp;&nbsp;VL53L0X_set_reference_spads
<LI><a href="#[81]">&gt;&gt;</a>&nbsp;&nbsp;&nbsp;VL53L0X_perform_ref_spad_management
</UL>

<P><STRONG><a name="[af]"></a>enable_spad_bit</STRONG> (Thumb, 42 bytes, Stack size 24 bytes, vl53l0x_api_calibration.o(i.enable_spad_bit))
<BR><BR>[Stack]<UL><LI>Max Depth = 36<LI>Call Chain = enable_spad_bit &rArr; __aeabi_uidivmod
</UL>
<BR>[Calls]<UL><LI><a href="#[28]">&gt;&gt;</a>&nbsp;&nbsp;&nbsp;__aeabi_uidivmod
</UL>
<BR>[Called By]<UL><LI><a href="#[81]">&gt;&gt;</a>&nbsp;&nbsp;&nbsp;VL53L0X_perform_ref_spad_management
<LI><a href="#[ab]">&gt;&gt;</a>&nbsp;&nbsp;&nbsp;enable_ref_spads
</UL>

<P><STRONG><a name="[b9]"></a>get_distance_mm</STRONG> (Thumb, 22 bytes, Stack size 8 bytes, vl53l0x_driver.o(i.get_distance_mm))
<BR><BR>[Stack]<UL><LI>Max Depth = 384<LI>Call Chain = get_distance_mm &rArr; VL53L0X_GetRangingMeasurementData &rArr; VL53L0X_get_pal_range_status &rArr; VL53L0X_calc_sigma_estimate &rArr; VL53L0X_calc_timeout_mclks &rArr; VL53L0X_calc_macro_period_ps &rArr; __aeabi_lmul &rArr; __aeabi_llsl
</UL>
<BR>[Calls]<UL><LI><a href="#[82]">&gt;&gt;</a>&nbsp;&nbsp;&nbsp;VL53L0X_PerformSingleMeasurement
<LI><a href="#[77]">&gt;&gt;</a>&nbsp;&nbsp;&nbsp;VL53L0X_GetRangingMeasurementData
</UL>
<BR>[Called By]<UL><LI><a href="#[21]">&gt;&gt;</a>&nbsp;&nbsp;&nbsp;main
</UL>

<P><STRONG><a name="[ae]"></a>get_next_good_spad</STRONG> (Thumb, 86 bytes, Stack size 40 bytes, vl53l0x_api_calibration.o(i.get_next_good_spad))
<BR><BR>[Stack]<UL><LI>Max Depth = 52<LI>Call Chain = get_next_good_spad &rArr; __aeabi_uidivmod
</UL>
<BR>[Calls]<UL><LI><a href="#[28]">&gt;&gt;</a>&nbsp;&nbsp;&nbsp;__aeabi_uidivmod
</UL>
<BR>[Called By]<UL><LI><a href="#[81]">&gt;&gt;</a>&nbsp;&nbsp;&nbsp;VL53L0X_perform_ref_spad_management
<LI><a href="#[ab]">&gt;&gt;</a>&nbsp;&nbsp;&nbsp;enable_ref_spads
</UL>

<P><STRONG><a name="[b8]"></a>get_ref_spad_map</STRONG> (Thumb, 14 bytes, Stack size 8 bytes, vl53l0x_api_calibration.o(i.get_ref_spad_map))
<BR><BR>[Stack]<UL><LI>Max Depth = 168<LI>Call Chain = get_ref_spad_map &rArr; VL53L0X_ReadMulti &rArr; _I2CRead &rArr; HAL_I2C_Master_Receive &rArr; I2C_WaitOnRXNEFlagUntilTimeout &rArr; I2C_IsAcknowledgeFailed
</UL>
<BR>[Calls]<UL><LI><a href="#[78]">&gt;&gt;</a>&nbsp;&nbsp;&nbsp;VL53L0X_ReadMulti
</UL>
<BR>[Called By]<UL><LI><a href="#[ab]">&gt;&gt;</a>&nbsp;&nbsp;&nbsp;enable_ref_spads
</UL>

<P><STRONG><a name="[97]"></a>get_sequence_step_timeout</STRONG> (Thumb, 236 bytes, Stack size 72 bytes, vl53l0x_api_core.o(i.get_sequence_step_timeout))
<BR><BR>[Stack]<UL><LI>Max Depth = 248<LI>Call Chain = get_sequence_step_timeout &rArr; VL53L0X_GetVcselPulsePeriod &rArr; VL53L0X_get_vcsel_pulse_period &rArr; VL53L0X_RdByte &rArr; _I2CRead &rArr; HAL_I2C_Master_Receive &rArr; I2C_WaitOnRXNEFlagUntilTimeout &rArr; I2C_IsAcknowledgeFailed
</UL>
<BR>[Calls]<UL><LI><a href="#[71]">&gt;&gt;</a>&nbsp;&nbsp;&nbsp;VL53L0X_RdWord
<LI><a href="#[61]">&gt;&gt;</a>&nbsp;&nbsp;&nbsp;VL53L0X_RdByte
<LI><a href="#[7c]">&gt;&gt;</a>&nbsp;&nbsp;&nbsp;VL53L0X_GetVcselPulsePeriod
<LI><a href="#[7a]">&gt;&gt;</a>&nbsp;&nbsp;&nbsp;VL53L0X_GetSequenceStepEnables
<LI><a href="#[ba]">&gt;&gt;</a>&nbsp;&nbsp;&nbsp;VL53L0X_decode_timeout
<LI><a href="#[a1]">&gt;&gt;</a>&nbsp;&nbsp;&nbsp;VL53L0X_calc_timeout_us
</UL>
<BR>[Called By]<UL><LI><a href="#[93]">&gt;&gt;</a>&nbsp;&nbsp;&nbsp;VL53L0X_set_vcsel_pulse_period
<LI><a href="#[90]">&gt;&gt;</a>&nbsp;&nbsp;&nbsp;VL53L0X_set_measurement_timing_budget_micro_seconds
<LI><a href="#[75]">&gt;&gt;</a>&nbsp;&nbsp;&nbsp;VL53L0X_get_measurement_timing_budget_micro_seconds
<LI><a href="#[94]">&gt;&gt;</a>&nbsp;&nbsp;&nbsp;VL53L0X_StaticInit
</UL>

<P><STRONG><a name="[b4]"></a>interrupt_config</STRONG> (Thumb, 34 bytes, Stack size 24 bytes, vl53l0x_driver.o(i.interrupt_config))
<BR><BR>[Stack]<UL><LI>Max Depth = 216<LI>Call Chain = interrupt_config &rArr; VL53L0X_SetGpioConfig &rArr; VL53L0X_UpdateByte &rArr; VL53L0X_RdByte &rArr; _I2CRead &rArr; HAL_I2C_Master_Receive &rArr; I2C_WaitOnRXNEFlagUntilTimeout &rArr; I2C_IsAcknowledgeFailed
</UL>
<BR>[Calls]<UL><LI><a href="#[8d]">&gt;&gt;</a>&nbsp;&nbsp;&nbsp;VL53L0X_SetInterruptThresholds
<LI><a href="#[8b]">&gt;&gt;</a>&nbsp;&nbsp;&nbsp;VL53L0X_SetGpioConfig
</UL>
<BR>[Called By]<UL><LI><a href="#[b3]">&gt;&gt;</a>&nbsp;&nbsp;&nbsp;VL53L0x_init
</UL>

<P><STRONG><a name="[ad]"></a>is_aperture</STRONG> (Thumb, 20 bytes, Stack size 0 bytes, vl53l0x_api_calibration.o(i.is_aperture))
<BR><BR>[Called By]<UL><LI><a href="#[96]">&gt;&gt;</a>&nbsp;&nbsp;&nbsp;VL53L0X_set_reference_spads
<LI><a href="#[81]">&gt;&gt;</a>&nbsp;&nbsp;&nbsp;VL53L0X_perform_ref_spad_management
<LI><a href="#[ab]">&gt;&gt;</a>&nbsp;&nbsp;&nbsp;enable_ref_spads
</UL>

<P><STRONG><a name="[21]"></a>main</STRONG> (Thumb, 350 bytes, Stack size 16 bytes, main.o(i.main))
<BR><BR>[Stack]<UL><LI>Max Depth = 728<LI>Call Chain = main &rArr; VL53L0x_init &rArr; VL53L0X_StaticInit &rArr; VL53L0X_perform_ref_spad_management &rArr; perform_ref_signal_measurement &rArr; VL53L0X_PerformSingleRangingMeasurement &rArr; VL53L0X_GetRangingMeasurementData &rArr; VL53L0X_get_pal_range_status &rArr; VL53L0X_calc_sigma_estimate &rArr; VL53L0X_calc_timeout_mclks &rArr; VL53L0X_calc_macro_period_ps &rArr; __aeabi_lmul &rArr; __aeabi_llsl
</UL>
<BR>[Calls]<UL><LI><a href="#[4d]">&gt;&gt;</a>&nbsp;&nbsp;&nbsp;HAL_UART_Transmit
<LI><a href="#[3e]">&gt;&gt;</a>&nbsp;&nbsp;&nbsp;HAL_Init
<LI><a href="#[58]">&gt;&gt;</a>&nbsp;&nbsp;&nbsp;SystemClock_Config
<LI><a href="#[56]">&gt;&gt;</a>&nbsp;&nbsp;&nbsp;MX_USART2_UART_Init
<LI><a href="#[53]">&gt;&gt;</a>&nbsp;&nbsp;&nbsp;MX_I2C1_Init
<LI><a href="#[51]">&gt;&gt;</a>&nbsp;&nbsp;&nbsp;MX_GPIO_Init
<LI><a href="#[52]">&gt;&gt;</a>&nbsp;&nbsp;&nbsp;HAL_GPIO_WritePin
<LI><a href="#[b9]">&gt;&gt;</a>&nbsp;&nbsp;&nbsp;get_distance_mm
<LI><a href="#[b7]">&gt;&gt;</a>&nbsp;&nbsp;&nbsp;clear_interrupt
<LI><a href="#[b3]">&gt;&gt;</a>&nbsp;&nbsp;&nbsp;VL53L0x_init
<LI><a href="#[31]">&gt;&gt;</a>&nbsp;&nbsp;&nbsp;HAL_Delay
<LI><a href="#[bb]">&gt;&gt;</a>&nbsp;&nbsp;&nbsp;__2sprintf
<LI><a href="#[bc]">&gt;&gt;</a>&nbsp;&nbsp;&nbsp;strlen
</UL>
<BR>[Address Reference Count : 1]<UL><LI> entry9a.o(.ARM.Collect$$$$0000000B)
</UL>
<P><STRONG><a name="[ac]"></a>perform_ref_signal_measurement</STRONG> (Thumb, 102 bytes, Stack size 48 bytes, vl53l0x_api_calibration.o(i.perform_ref_signal_measurement))
<BR><BR>[Stack]<UL><LI>Max Depth = 440<LI>Call Chain = perform_ref_signal_measurement &rArr; VL53L0X_PerformSingleRangingMeasurement &rArr; VL53L0X_GetRangingMeasurementData &rArr; VL53L0X_get_pal_range_status &rArr; VL53L0X_calc_sigma_estimate &rArr; VL53L0X_calc_timeout_mclks &rArr; VL53L0X_calc_macro_period_ps &rArr; __aeabi_lmul &rArr; __aeabi_llsl
</UL>
<BR>[Calls]<UL><LI><a href="#[5f]">&gt;&gt;</a>&nbsp;&nbsp;&nbsp;VL53L0X_WrByte
<LI><a href="#[71]">&gt;&gt;</a>&nbsp;&nbsp;&nbsp;VL53L0X_RdWord
<LI><a href="#[85]">&gt;&gt;</a>&nbsp;&nbsp;&nbsp;VL53L0X_PerformSingleRangingMeasurement
</UL>
<BR>[Called By]<UL><LI><a href="#[81]">&gt;&gt;</a>&nbsp;&nbsp;&nbsp;VL53L0X_perform_ref_spad_management
</UL>

<P><STRONG><a name="[7b]"></a>sequence_step_enabled</STRONG> (Thumb, 52 bytes, Stack size 8 bytes, vl53l0x_api.o(i.sequence_step_enabled))
<BR><BR>[Stack]<UL><LI>Max Depth = 16<LI>Call Chain = sequence_step_enabled &rArr; __ARM_common_switch8
</UL>
<BR>[Calls]<UL><LI><a href="#[5a]">&gt;&gt;</a>&nbsp;&nbsp;&nbsp;__ARM_common_switch8
</UL>
<BR>[Called By]<UL><LI><a href="#[7a]">&gt;&gt;</a>&nbsp;&nbsp;&nbsp;VL53L0X_GetSequenceStepEnables
</UL>

<P><STRONG><a name="[b0]"></a>set_ref_spad_map</STRONG> (Thumb, 14 bytes, Stack size 8 bytes, vl53l0x_api_calibration.o(i.set_ref_spad_map))
<BR><BR>[Stack]<UL><LI>Max Depth = 128<LI>Call Chain = set_ref_spad_map &rArr; VL53L0X_WriteMulti &rArr; _I2CWrite &rArr; HAL_I2C_Master_Transmit &rArr; I2C_WaitOnTXISFlagUntilTimeout &rArr; I2C_IsAcknowledgeFailed
</UL>
<BR>[Calls]<UL><LI><a href="#[98]">&gt;&gt;</a>&nbsp;&nbsp;&nbsp;VL53L0X_WriteMulti
</UL>
<BR>[Called By]<UL><LI><a href="#[81]">&gt;&gt;</a>&nbsp;&nbsp;&nbsp;VL53L0X_perform_ref_spad_management
<LI><a href="#[ab]">&gt;&gt;</a>&nbsp;&nbsp;&nbsp;enable_ref_spads
</UL>

<P><STRONG><a name="[b1]"></a>set_sequence_step_timeout</STRONG> (Thumb, 268 bytes, Stack size 64 bytes, vl53l0x_api_core.o(i.set_sequence_step_timeout))
<BR><BR>[Stack]<UL><LI>Max Depth = 240<LI>Call Chain = set_sequence_step_timeout &rArr; VL53L0X_GetVcselPulsePeriod &rArr; VL53L0X_get_vcsel_pulse_period &rArr; VL53L0X_RdByte &rArr; _I2CRead &rArr; HAL_I2C_Master_Receive &rArr; I2C_WaitOnRXNEFlagUntilTimeout &rArr; I2C_IsAcknowledgeFailed
</UL>
<BR>[Calls]<UL><LI><a href="#[8e]">&gt;&gt;</a>&nbsp;&nbsp;&nbsp;VL53L0X_WrWord
<LI><a href="#[5f]">&gt;&gt;</a>&nbsp;&nbsp;&nbsp;VL53L0X_WrByte
<LI><a href="#[71]">&gt;&gt;</a>&nbsp;&nbsp;&nbsp;VL53L0X_RdWord
<LI><a href="#[7c]">&gt;&gt;</a>&nbsp;&nbsp;&nbsp;VL53L0X_GetVcselPulsePeriod
<LI><a href="#[7a]">&gt;&gt;</a>&nbsp;&nbsp;&nbsp;VL53L0X_GetSequenceStepEnables
<LI><a href="#[bd]">&gt;&gt;</a>&nbsp;&nbsp;&nbsp;VL53L0X_encode_timeout
<LI><a href="#[ba]">&gt;&gt;</a>&nbsp;&nbsp;&nbsp;VL53L0X_decode_timeout
<LI><a href="#[a0]">&gt;&gt;</a>&nbsp;&nbsp;&nbsp;VL53L0X_calc_timeout_mclks
</UL>
<BR>[Called By]<UL><LI><a href="#[93]">&gt;&gt;</a>&nbsp;&nbsp;&nbsp;VL53L0X_set_vcsel_pulse_period
<LI><a href="#[90]">&gt;&gt;</a>&nbsp;&nbsp;&nbsp;VL53L0X_set_measurement_timing_budget_micro_seconds
</UL>
<P>
<H3>
Local Symbols
</H3>
<P><STRONG><a name="[51]"></a>MX_GPIO_Init</STRONG> (Thumb, 108 bytes, Stack size 40 bytes, main.o(i.MX_GPIO_Init))
<BR><BR>[Stack]<UL><LI>Max Depth = 64<LI>Call Chain = MX_GPIO_Init &rArr; HAL_GPIO_Init
</UL>
<BR>[Calls]<UL><LI><a href="#[3d]">&gt;&gt;</a>&nbsp;&nbsp;&nbsp;HAL_GPIO_Init
<LI><a href="#[52]">&gt;&gt;</a>&nbsp;&nbsp;&nbsp;HAL_GPIO_WritePin
<LI><a href="#[3c]">&gt;&gt;</a>&nbsp;&nbsp;&nbsp;__aeabi_memclr4
</UL>
<BR>[Called By]<UL><LI><a href="#[21]">&gt;&gt;</a>&nbsp;&nbsp;&nbsp;main
</UL>

<P><STRONG><a name="[53]"></a>MX_I2C1_Init</STRONG> (Thumb, 50 bytes, Stack size 8 bytes, main.o(i.MX_I2C1_Init))
<BR><BR>[Stack]<UL><LI>Max Depth = 80<LI>Call Chain = MX_I2C1_Init &rArr; HAL_I2C_Init &rArr; HAL_I2C_MspInit &rArr; HAL_GPIO_Init
</UL>
<BR>[Calls]<UL><LI><a href="#[33]">&gt;&gt;</a>&nbsp;&nbsp;&nbsp;HAL_I2C_Init
<LI><a href="#[55]">&gt;&gt;</a>&nbsp;&nbsp;&nbsp;HAL_I2CEx_ConfigDigitalFilter
<LI><a href="#[54]">&gt;&gt;</a>&nbsp;&nbsp;&nbsp;HAL_I2CEx_ConfigAnalogFilter
</UL>
<BR>[Called By]<UL><LI><a href="#[21]">&gt;&gt;</a>&nbsp;&nbsp;&nbsp;main
</UL>

<P><STRONG><a name="[56]"></a>MX_USART2_UART_Init</STRONG> (Thumb, 40 bytes, Stack size 8 bytes, main.o(i.MX_USART2_UART_Init))
<BR><BR>[Stack]<UL><LI>Max Depth = 96<LI>Call Chain = MX_USART2_UART_Init &rArr; HAL_UART_Init &rArr; UART_SetConfig &rArr; __aeabi_uldivmod &rArr; __aeabi_llsr
</UL>
<BR>[Calls]<UL><LI><a href="#[48]">&gt;&gt;</a>&nbsp;&nbsp;&nbsp;HAL_UART_Init
</UL>
<BR>[Called By]<UL><LI><a href="#[21]">&gt;&gt;</a>&nbsp;&nbsp;&nbsp;main
</UL>

<P><STRONG><a name="[50]"></a>I2C_Flush_TXDR</STRONG> (Thumb, 34 bytes, Stack size 0 bytes, stm32l0xx_hal_i2c.o(i.I2C_Flush_TXDR))
<BR><BR>[Called By]<UL><LI><a href="#[4f]">&gt;&gt;</a>&nbsp;&nbsp;&nbsp;I2C_IsAcknowledgeFailed
</UL>

<P><STRONG><a name="[4f]"></a>I2C_IsAcknowledgeFailed</STRONG> (Thumb, 108 bytes, Stack size 32 bytes, stm32l0xx_hal_i2c.o(i.I2C_IsAcknowledgeFailed))
<BR><BR>[Stack]<UL><LI>Max Depth = 32<LI>Call Chain = I2C_IsAcknowledgeFailed
</UL>
<BR>[Calls]<UL><LI><a href="#[50]">&gt;&gt;</a>&nbsp;&nbsp;&nbsp;I2C_Flush_TXDR
<LI><a href="#[32]">&gt;&gt;</a>&nbsp;&nbsp;&nbsp;HAL_GetTick
</UL>
<BR>[Called By]<UL><LI><a href="#[3b]">&gt;&gt;</a>&nbsp;&nbsp;&nbsp;I2C_WaitOnTXISFlagUntilTimeout
<LI><a href="#[39]">&gt;&gt;</a>&nbsp;&nbsp;&nbsp;I2C_WaitOnSTOPFlagUntilTimeout
<LI><a href="#[38]">&gt;&gt;</a>&nbsp;&nbsp;&nbsp;I2C_WaitOnRXNEFlagUntilTimeout
</UL>

<P><STRONG><a name="[37]"></a>I2C_TransferConfig</STRONG> (Thumb, 34 bytes, Stack size 20 bytes, stm32l0xx_hal_i2c.o(i.I2C_TransferConfig))
<BR><BR>[Stack]<UL><LI>Max Depth = 20<LI>Call Chain = I2C_TransferConfig
</UL>
<BR>[Called By]<UL><LI><a href="#[3a]">&gt;&gt;</a>&nbsp;&nbsp;&nbsp;HAL_I2C_Master_Transmit
<LI><a href="#[35]">&gt;&gt;</a>&nbsp;&nbsp;&nbsp;HAL_I2C_Master_Receive
</UL>

<P><STRONG><a name="[36]"></a>I2C_WaitOnFlagUntilTimeout</STRONG> (Thumb, 78 bytes, Stack size 24 bytes, stm32l0xx_hal_i2c.o(i.I2C_WaitOnFlagUntilTimeout))
<BR><BR>[Stack]<UL><LI>Max Depth = 24<LI>Call Chain = I2C_WaitOnFlagUntilTimeout
</UL>
<BR>[Calls]<UL><LI><a href="#[32]">&gt;&gt;</a>&nbsp;&nbsp;&nbsp;HAL_GetTick
</UL>
<BR>[Called By]<UL><LI><a href="#[3a]">&gt;&gt;</a>&nbsp;&nbsp;&nbsp;HAL_I2C_Master_Transmit
<LI><a href="#[35]">&gt;&gt;</a>&nbsp;&nbsp;&nbsp;HAL_I2C_Master_Receive
</UL>

<P><STRONG><a name="[38]"></a>I2C_WaitOnRXNEFlagUntilTimeout</STRONG> (Thumb, 122 bytes, Stack size 32 bytes, stm32l0xx_hal_i2c.o(i.I2C_WaitOnRXNEFlagUntilTimeout))
<BR><BR>[Stack]<UL><LI>Max Depth = 64<LI>Call Chain = I2C_WaitOnRXNEFlagUntilTimeout &rArr; I2C_IsAcknowledgeFailed
</UL>
<BR>[Calls]<UL><LI><a href="#[4f]">&gt;&gt;</a>&nbsp;&nbsp;&nbsp;I2C_IsAcknowledgeFailed
<LI><a href="#[32]">&gt;&gt;</a>&nbsp;&nbsp;&nbsp;HAL_GetTick
</UL>
<BR>[Called By]<UL><LI><a href="#[35]">&gt;&gt;</a>&nbsp;&nbsp;&nbsp;HAL_I2C_Master_Receive
</UL>

<P><STRONG><a name="[39]"></a>I2C_WaitOnSTOPFlagUntilTimeout</STRONG> (Thumb, 76 bytes, Stack size 16 bytes, stm32l0xx_hal_i2c.o(i.I2C_WaitOnSTOPFlagUntilTimeout))
<BR><BR>[Stack]<UL><LI>Max Depth = 48<LI>Call Chain = I2C_WaitOnSTOPFlagUntilTimeout &rArr; I2C_IsAcknowledgeFailed
</UL>
<BR>[Calls]<UL><LI><a href="#[4f]">&gt;&gt;</a>&nbsp;&nbsp;&nbsp;I2C_IsAcknowledgeFailed
<LI><a href="#[32]">&gt;&gt;</a>&nbsp;&nbsp;&nbsp;HAL_GetTick
</UL>
<BR>[Called By]<UL><LI><a href="#[3a]">&gt;&gt;</a>&nbsp;&nbsp;&nbsp;HAL_I2C_Master_Transmit
<LI><a href="#[35]">&gt;&gt;</a>&nbsp;&nbsp;&nbsp;HAL_I2C_Master_Receive
</UL>

<P><STRONG><a name="[3b]"></a>I2C_WaitOnTXISFlagUntilTimeout</STRONG> (Thumb, 80 bytes, Stack size 16 bytes, stm32l0xx_hal_i2c.o(i.I2C_WaitOnTXISFlagUntilTimeout))
<BR><BR>[Stack]<UL><LI>Max Depth = 48<LI>Call Chain = I2C_WaitOnTXISFlagUntilTimeout &rArr; I2C_IsAcknowledgeFailed
</UL>
<BR>[Calls]<UL><LI><a href="#[4f]">&gt;&gt;</a>&nbsp;&nbsp;&nbsp;I2C_IsAcknowledgeFailed
<LI><a href="#[32]">&gt;&gt;</a>&nbsp;&nbsp;&nbsp;HAL_GetTick
</UL>
<BR>[Called By]<UL><LI><a href="#[3a]">&gt;&gt;</a>&nbsp;&nbsp;&nbsp;HAL_I2C_Master_Transmit
</UL>

<P><STRONG><a name="[43]"></a>NVIC_SetPriority</STRONG> (Thumb, 60 bytes, Stack size 0 bytes, stm32l0xx_hal_cortex.o(i.NVIC_SetPriority))
<BR><BR>[Called By]<UL><LI><a href="#[41]">&gt;&gt;</a>&nbsp;&nbsp;&nbsp;HAL_SYSTICK_Config
<LI><a href="#[42]">&gt;&gt;</a>&nbsp;&nbsp;&nbsp;HAL_NVIC_SetPriority
</UL>

<P><STRONG><a name="[b6]"></a>_printf_core</STRONG> (Thumb, 332 bytes, Stack size 88 bytes, printf1.o(i._printf_core), UNUSED)
<BR><BR>[Calls]<UL><LI><a href="#[28]">&gt;&gt;</a>&nbsp;&nbsp;&nbsp;__aeabi_uidivmod
</UL>
<BR>[Called By]<UL><LI><a href="#[b5]">&gt;&gt;</a>&nbsp;&nbsp;&nbsp;__0sprintf$1
</UL>

<P><STRONG><a name="[24]"></a>_sputc</STRONG> (Thumb, 10 bytes, Stack size 0 bytes, printf1.o(i._sputc))
<BR><BR>[Called By]<UL><LI><a href="#[b5]">&gt;&gt;</a>&nbsp;&nbsp;&nbsp;__0sprintf$1
</UL>
<BR>[Address Reference Count : 1]<UL><LI> printf1.o(i.__0sprintf$1)
</UL><P>
<H3>
Undefined Global Symbols
</H3><HR></body></html>
